
> sheet-music-app@0.1.0 build
> node scripts/update-build-info.js && next build --webpack

Build info generated: {
  version: '2026.01.28-1133',
  commit: '3ee0882',
  branch: 'master',
  buildDate: '1/28/2026, 11:33:15 AM',
  changelog: [
    '3ee0882 - Feat: Implement Standardized API Middleware and refactor Drive API (8 minutes ago)',
    'b195c42 - Fix: Make Google env vars optional to fully unblock Vercel build (14 minutes ago)',
    '5ed2040 - Fix: Make env vars optional to unblock Vercel build (validation failed despite dynamic export) (20 minutes ago)',
    'ffcc948 - Fix: Make admin users page dynamic to prevent static generation build error (25 minutes ago)',
    'e441a31 - Docs: Update walkthrough and build artifacts (32 minutes ago)'
  ]
}
Γû▓ Next.js 16.1.4 (webpack)

  Creating an optimized production build ...
 Γ£ô (pwa) Compiling for server...
 Γ£ô (pwa) Compiling for server...
 Γ£ô (pwa) Compiling for client (static)...
 Γùï (pwa) Service worker: C:\Users\dsbog\.gemini\antigravity\scratch\sheet-music-app\public\sw.js
 Γùï (pwa)   URL: /sw.js
 Γùï (pwa)   Scope: /
Γ£ô Compiled successfully in 17.9s
  Running TypeScript ...
  Collecting page data using 15 workers ...
  Generating static pages using 15 workers (0/20) ...
node.exe : Error occurred prerendering page "/admin/users". Read 
more: https://nextjs.org/docs/messages/prerender-error
At line:1 char:1
+ & "C:\Program Files\nodejs/node.exe" "C:\Program 
Files\nodejs/node_mo ...
+ 
~~~~~~~~~~~~~~~~~~~~~~~~~~~~~~~~~~~~~~~~~~~~~~~~~~~~~~~~~~~~~~~~~~~~~
    + CategoryInfo          : NotSpecified: (Error occurred ...preren 
   der-error:String) [], RemoteException
    + FullyQualifiedErrorId : NativeCommandError
 
Error [FirebaseError]: Firebase: Error (auth/invalid-api-key).
    at r (C:\Users\dsbog\.gemini\antigravity\scratch\sheet-music-app\.
next\server\chunks\841.js:1:51486)
    at s (C:\Users\dsbog\.gemini\antigravity\scratch\sheet-music-app\.
next\server\chunks\841.js:1:51534)
    at e.instanceFactory (C:\Users\dsbog\.gemini\antigravity\scratch\s
heet-music-app\.next\server\chunks\841.js:1:101489)
    at g.getOrInitializeService (C:\Users\dsbog\.gemini\antigravity\sc
ratch\sheet-music-app\.next\server\chunks\841.js:10:120630)
    at g.initialize (C:\Users\dsbog\.gemini\antigravity\scratch\sheet-
music-app\.next\server\chunks\841.js:10:120038)
    at aO (C:\Users\dsbog\.gemini\antigravity\scratch\sheet-music-app\
.next\server\chunks\841.js:1:89333)
    at bp (C:\Users\dsbog\.gemini\antigravity\scratch\sheet-music-app\
.next\server\chunks\841.js:1:102158)
    at 37870 (C:\Users\dsbog\.gemini\antigravity\scratch\sheet-music-a
pp\.next\server\chunks\86.js:1:6206)
    at k (C:\Users\dsbog\.gemini\antigravity\scratch\sheet-music-app\.
next\server\webpack-runtime.js:1:144)
    at 58389 (C:\Users\dsbog\.gemini\antigravity\scratch\sheet-music-a
pp\.next\server\chunks\86.js:1:8121) {
  code: 'auth/invalid-api-key',
  customData: [Object],
  digest: '1010647757'
}
Export encountered an error on /(main)/admin/users/page: 
/admin/users, exiting the build.
Γ¿» Next.js build worker exited with code: 1 and signal: null
