
Running 2 tests using 2 workers

[R1] shavuot-yizkor-5-23: heading="Shavuot Yizkor — May 23" chartRows=9
[R1] shavuot-yizkor-5-23: role=button names = ["Fiddley Tune","Modah Ani G#mG#mKeira","Ma tovu_Hinei ma tov - tradCm","Psukei d_zimrahEm","Ahava RabaEm","Shema","Mi chamocha (6-8)C","Adonai sfatai (trad)Em","Oseh shalom - Nava tehila","Mi shebeirachBb","Eitz chayim - WeisenbergG","Eili Eili (Zahavi) - Eit Dodim (Oriental Folk) - Elijah Rock","Adon OlamF"]
[R1] kabbalat-shabbat-5-22: heading="Kabbalat Shabbat — May 22, 2026" chartRows=6
[R1] kabbalat-shabbat-5-22: role=button names = ["Yedid NefeshDm","Mizmor Shiru LadonaiD","Shiru Ladonai (Neimark-Gumer)G","Mizmor LeDavid","Open chart: Barechu (Walkdown)","Maariv ArevimEmWalkdown — same key as Barechu. No chart yet,","Open chart: Adonai Sifatai","Mi ChamochaEmAna B'Koach melody","MishebeirachBb","Adon Olam (Folk)","Adon Olam (Hitman-Ben-Hur / Dobin / Shehecheyanu)Shireinu me"]
[R1] kabbalat-shabbat-5-22 — Song 1 of 9: RENDERED [fileId=1czN_ywRWm2bnjIrnNVg7ad4RyynM_GcR]
[R1] kabbalat-shabbat-5-22 — Song 2 of 9: RENDERED [fileId=ae83649a-718d-4fc4-ace8-82a9f6c2a400]
[R1] kabbalat-shabbat-5-22 — Song 3 of 9: RENDERED [fileId=ae83649a-718d-4fc4-ace8-82a9f6c2a400]
[R1] kabbalat-shabbat-5-22 — Song 4 of 9: RENDERED [fileId=upload-046649f0-1c68-4586-b021-964bb84c3228]
[R1] kabbalat-shabbat-5-22 — Song 5 of 9: FAILED Failed to load text file [fileId=upload-046649f0-1c68-4586-b021-964bb84c3228]
[R1] kabbalat-shabbat-5-22 — Song 6 of 9: RENDERED [fileId=1pToiRfD44ioU26hX8u8c3eayNYc6KOMb]
[R1] kabbalat-shabbat-5-22 — Song 7 of 9: RENDERED [fileId=19FuqP-rbkufIUdAVCGMbXLuvDJKnicZM]
[R1] kabbalat-shabbat-5-22 — Song 8 of 9: RENDERED [fileId=72a7aa6a-7b08-4c78-862c-197bbffb9515]
[R1] kabbalat-shabbat-5-22 — Song 9 of 9: RENDERED [fileId=c9efe661-9eb8-42fc-89d5-13f026629dc7]
[R1] kabbalat-shabbat-5-22 SUMMARY: 8 RENDERED, 0 AUDIO, 1 FAILED of 9 walked
  ✘  1 [ipad-webkit] › e2e\perform-ipad-real-setlists.spec.ts:127:13 › R1 real-setlist render sweep (iPad WebKit portrait 820) › every chart renders — kabbalat-shabbat-5-22 (226309e2-78b7-48af-aa21-6aaf606b4fbe) (13.7s)
[R1] kabbalat-shabbat-5-22: heading="Kabbalat Shabbat — May 22, 2026" chartRows=6
[R1] kabbalat-shabbat-5-22: role=button names = []
  ✘  2 [ipad-webkit] › e2e\perform-ipad-real-setlists.spec.ts:127:13 › R1 real-setlist render sweep (iPad WebKit portrait 820) › every chart renders — shavuot-yizkor-5-23 (UnjLqKTtS4lNKQfMY6hB) (28.1s)
[R1] shavuot-yizkor-5-23: heading="Shavuot Yizkor — May 23" chartRows=9
[R1] shavuot-yizkor-5-23: role=button names = [R1] shavuot-yizkor-5-23 — Song 2 of 13: RENDERED [fileId=upload-10da060e-40d1-41c2-bc14-36174d7a1b8a]
[R1] shavuot-yizkor-5-23 — Song 3 of 13: RENDERED [fileId=1lhfSuwVN0-QmiaXm-nVQBlgIOX3bGkby]
[R1] shavuot-yizkor-5-23 — Song 4 of 13: RENDERED [fileId=1lhfSuwVN0-QmiaXm-nVQBlgIOX3bGkby]
[R1] shavuot-yizkor-5-23 — Song 5 of 13: RENDERED [fileId=1-NNEkYLm4R7PJ7ttd1HVVQ55FYqps5fT]
[R1] shavuot-yizkor-5-23 — Song 6 of 13: RENDERED [fileId=1URzdt7mdDjXZjO6J0ibl_E4SukMxfD4t]
[R1] shavuot-yizkor-5-23 — Song 7 of 13: RENDERED [fileId=12Q_6mN94HnSFNcDsHZtvzXX2TqXm9sqh]
[R1] shavuot-yizkor-5-23 — Song 8 of 13: RENDERED [fileId=1u2g0w4OLjbL5JfjACyL_3kDzUZpaGjng]
[R1] shavuot-yizkor-5-23 — Song 9 of 13: RENDERED [fileId=19FuqP-rbkufIUdAVCGMbXLuvDJKnicZM]
[R1] shavuot-yizkor-5-23 — Song 10 of 13: RENDERED [fileId=1sNPYY73-mI4XBfASJBoHaTwxQH3IHr50]
[R1] kabbalat-shabbat-5-22 — Song 1 of 9: RENDERED  (after in-overlay retry; first attempt: Failed to load PDF) [fileId=11hnNdTgFcqqmK1ExZYEeM3HqqHLfC28y]
[R1] shavuot-yizkor-5-23 — So[R1] kabbalat-shabbat-5-22 — Song 1 of 9: RENDERED  (after in-overlay retry; first attempt: Failed to load PDF) [fileId=11hnNdTgFcqqmK1ExZYEeM3HqqHLfC28y]
[R1] kabbalat-shabbat-5-22 — Song 2 of 9: RENDERED [fileId=1czN_ywRWm2bnjIrnNVg7ad4RyynM_GcR]
[R1] kabbalat-shabbat-5-22 — Song 3 of 9: RENDERED [fileId=1pu2JsvkgVnzmQ4CJySUd7PSm7F0yEd_x]
[R1] kabbalat-shabbat-5-22 — Song 4 of 9: RENDERED [fileId=upload-046649f0-1c68-4586-b021-964bb84c3228]
[R1] kabbalat-shabbat-5-22 — Song 5 of 9: FAILED Failed to load text file [fileId=upload-046649f0-1c68-4586-b021-964bb84c3228]
[R1] shavuot-yizkor-5-23 — Song 13 of 13: FAILED no render signature, audio-bond, or error within 25s (stuck spinner?) [fileId=6ca6e82c-e3be-4e6b-b6c1-63f60b3ac5cc]
[R1] kabbalat-shabbat-5-22 — Song 6 of 9: RENDERED [fileId=upload-046649f0-1c68-4586-b021-964bb84c3228]
[R1] shavuot-yizkor-5-23 SUMMARY: 11 RENDERED, 0 AUDIO, 1 FAILED of 12 walked
  ✘  4 [ipad-webkit] › e2e\perform-ipad-real-setlists.spec.ts:127:13 › R1 real-setlist render sweep (iPad WebKit portrait 820) › every chart renders — shavuot-yizkor-5-23 (UnjLqKTtS4lNKQfMY6hB) (retry #1) (46.6s)
[R1] kabbalat-shabbat-5-22 — Song 7 of 9: RENDERED [fileId=72a7aa6a-7b08-4c78-862c-197bbffb9515]
[R1] kabbalat-shabbat-5-22 — Song 8 of 9: RENDERED [fileId=c9efe661-9eb8-42fc-89d5-13f026629dc7]
[R1] kabbalat-shabbat-5-22 — Song 9 of 9: RENDERED [fileId=c9efe661-9eb8-42fc-89d5-13f026629dc7]
[R1] kabbalat-shabbat-5-22 SUMMARY: 8 RENDERED, 0 AUDIO, 1 FAILED of 9 walked
[R1] kabbalat-shabbat-5-22 CONSOLE ERRORS: ["Failed to load resource: Failed sending data to the peer","Failed to load resource: Failed sending data to the peer","[PDFViewer] Fetch error: Load failed | url: /api/drive/file/11hnNdTgFcqqmK1ExZYEeM3HqqHLfC[R1] shavuot-yizkor-5-23 — Song 13 of 13: FAILED no render signature, audio-bond, or error within 25s (stuck spinner?) [fileId=12JfLCHytM5q59btBQ05sz-V_SurQmUoT]
[R1] shavuot-yizkor-5-23 SUMMARY: 11 RENDERED,   ✘  3 [ipad-webkit] › e2e\  ✘  4 [ipad-webkit] › e2e\perform-ipad-real-setlists.spec.ts:127:13 › R1 real-setlist render sweep (iPad WebKit portrait 820) › every chart renders — shavuot-yizkor-5-23 (UnjLqKTtS4lNKQfMY6hB) (retry #1) (1.3m)


  1) [ipad-webkit] › e2e\perform-ipad-real-setlists.spec.ts:127:13 › R1 real-setlist render sweep (iPad WebKit portrait 820) › every chart renders — kabbalat-shabbat-5-22 (226309e2-78b7-48af-aa21-6aaf606b4fbe) 

    Error: charts that FAILED to render in kabbalat-shabbat-5-22:
      #5: Failed to load text file [fileId=upload-046649f0-1c68-4586-b021-964bb84c3228]

    [2mexpect([22m[31mreceived[39m[2m).[22mtoEqual[2m([22m[32mexpected[39m[2m) // deep equality[22m

    [32m- Expected  - 1[39m
    [31m+ Received  + 7[39m

    [32m- Array [][39m
    [31m+ Array [[39m
    [31m+   Object {[39m
    [31m+     "detail": "Failed to load text file [fileId=upload-046649f0-1c68-4586-b021-964bb84c3228]",[39m
    [31m+     "idx": 5,[39m
    [31m+     "verdict": "FAILED",[39m
    [31m+   },[39m
    [31m+ ][39m

      276 |                 failed,
      277 |                 `charts that FAILED to render in ${target.label}:\n${failed.map((f) => `  #${f.idx}: ${f.detail}`).join('\n')}`,
    > 278 |             ).toEqual([])
          |               ^
      279 |             expect(
      280 |                 consoleErrors,
      281 |                 `un-noised console/page errors during ${target.label} sweep:\n${consoleErrors.join('\n')}`,
        at C:\Users\dsbog\CentralReform.live\sheet-music-app-ipad-sweep\e2e\perform-ipad-real-setlists.spec.ts:278:15

    attachment #1: screenshot (image/png) ──────────────────────────────────────────────────────────
    test-results\perform-ipad-real-setlists-61704-8b7-48af-aa21-6aaf606b4fbe--ipad-webkit\test-failed-1.png
    ────────────────────────────────────────────────────────────────────────────────────────────────

    Error Context: test-results\perform-ipad-real-setlists-61704-8b7-48af-aa21-6aaf606b4fbe--ipad-webkit\error-context.md

    Retry #1 ───────────────────────────────────────────────────────────────────────────────────────

    Error: charts that FAILED to render in kabbalat-shabbat-5-22:
      #5: Failed to load text file [fileId=upload-046649f0-1c68-4586-b021-964bb84c3228]

    [2mexpect([22m[31mreceived[39m[2m).[22mtoEqual[2m([22m[32mexpected[39m[2m) // deep equality[22m

    [32m- Expected  - 1[39m
    [31m+ Received  + 7[39m

    [32m- Array [][39m
    [31m+ Array [[39m
    [31m+   Object {[39m
    [31m+     "detail": "Failed to load text file [fileId=upload-046649f0-1c68-4586-b021-964bb84c3228]",[39m
    [31m+     "idx": 5,[39m
    [31m+     "verdict": "FAILED",[39m
    [31m+   },[39m
    [31m+ ][39m

      276 |                 failed,
      277 |                 `charts that FAILED to render in ${target.label}:\n${failed.map((f) => `  #${f.idx}: ${f.detail}`).join('\n')}`,
    > 278 |             ).toEqual([])
          |               ^
      279 |             expect(
      280 |                 consoleErrors,
      281 |                 `un-noised console/page errors during ${target.label} sweep:\n${consoleErrors.join('\n')}`,
        at C:\Users\dsbog\CentralReform.live\sheet-music-app-ipad-sweep\e2e\perform-ipad-real-setlists.spec.ts:278:15

    Error: apiRequestContext._wrapApiCall: file data stream has unexpected number of bytes

    Error: End of central directory record signature not found. Either not a zip file, or file is truncated.

    attachment #1: screenshot (image/png) ──────────────────────────────────────────────────────────
    test-results\perform-ipad-real-setlists-61704-8b7-48af-aa21-6aaf606b4fbe--ipad-webkit-retry1\test-failed-1.png
    ────────────────────────────────────────────────────────────────────────────────────────────────

    Error Context: test-results\perform-ipad-real-setlists-61704-8b7-48af-aa21-6aaf606b4fbe--ipad-webkit-retry1\error-context.md

  2) [ipad-webkit] › e2e\perform-ipad-real-setlists.spec.ts:127:13 › R1 real-setlist render sweep (iPad WebKit portrait 820) › every chart renders — shavuot-yizkor-5-23 (UnjLqKTtS4lNKQfMY6hB) 

    TimeoutError: locator.scrollIntoViewIfNeeded: Timeout 8000ms exceeded.
    Call log:
    [2m  - waiting for locator('[role="button"]').filter({ has: getByTestId('key-badge') }).first()[22m


      173 |                 try {
      174 |                     const firstRow = chartRows.first()
    > 175 |                     await firstRow.scrollIntoViewIfNeeded({ timeout: 8_000 })
          |                                    ^
      176 |                     await firstRow.click({ timeout: 8_000 })
      177 |                     await expect(zoom).toBeVisible({ timeout: 15_000 })
      178 |                     break
        at C:\Users\dsbog\CentralReform.live\sheet-music-app-ipad-sweep\e2e\perform-ipad-real-setlists.spec.ts:175:36

    attachment #1: screenshot (image/png) ──────────────────────────────────────────────────────────
    test-results\perform-ipad-real-setlists-5f37f--5-23-UnjLqKTtS4lNKQfMY6hB--ipad-webkit\test-failed-1.png
    ────────────────────────────────────────────────────────────────────────────────────────────────

    Error Context: test-results\perform-ipad-real-setlists-5f37f--5-23-UnjLqKTtS4lNKQfMY6hB--ipad-webkit\error-context.md

    Retry #1 ───────────────────────────────────────────────────────────────────────────────────────

    Error: charts that FAILED to render in shavuot-yizkor-5-23:
      #12: no render signature, audio-bond, or error within 25s (stuck spinner?) [fileId=12JfLCHytM5q59btBQ05sz-V_SurQmUoT]

    [2mexpect([22m[31mreceived[39m[2m).[22mtoEqual[2m([22m[32mexpected[39m[2m) // deep equality[22m

    [32m- Expected  - 1[39m
    [31m+ Received  + 7[39m

    [32m- Array [][39m
    [31m+ Array [[39m
    [31m+   Object {[39m
    [31m+     "detail": "no render signature, audio-bond, or error within 25s (stuck spinner?) [fileId=12JfLCHytM5q59btBQ05sz-V_SurQmUoT]",[39m
    [31m+     "idx": 12,[39m
    [31m+     "verdict": "FAILED",[39m
    [31m+   },[39m
    [31m+ ][39m

      276 |                 failed,
      277 |                 `charts that FAILED to render in ${target.label}:\n${failed.map((f) => `  #${f.idx}: ${f.detail}`).join('\n')}`,
    > 278 |             ).toEqual([])
          |               ^
      279 |             expect(
      280 |                 consoleErrors,
      281 |                 `un-noised console/page errors during ${target.label} sweep:\n${consoleErrors.join('\n')}`,
        at C:\Users\dsbog\CentralReform.live\sheet-music-app-ipad-sweep\e2e\perform-ipad-real-setlists.spec.ts:278:15

    Error: apiRequestContext._wrapApiCall: ENOENT: no such file or directory, open 'C:\Users\dsbog\CentralReform.live\sheet-music-app-ipad-sweep\test-results\.playwright-artifacts-3\traces\6d914e325fc4882f0060-de6c3692ed89d62637c3-retry1.trace'

    Error: ENOENT: no such file or directory, open 'C:\Users\dsbog\CentralReform.live\sheet-music-app-ipad-sweep\test-results\.playwright-artifacts-3\424131b37b15b3f0bbdc0de9fc62f15c.zip'

    [31mTest timeout of 30000ms exceeded.[39m

    attachment #1: screenshot (image/png) ──────────────────────────────────────────────────────────
    test-results\perform-ipad-real-setlists-5f37f--5-23-UnjLqKTtS4lNKQfMY6hB--ipad-webkit-retry1\test-failed-1.png
    ────────────────────────────────────────────────────────────────────────────────────────────────

    Error Context: test-results\perform-ipad-real-setlists-5f37f--5-23-UnjLqKTtS4lNKQfMY6hB--ipad-webkit-retry1\error-context.md

  2 failed
    [ipad-webkit] › e2e\perform-ipad-real-setlists.spec.ts:127:13 › R1 real-setlist render sweep (iPad WebKit portrait 820) › every chart renders — kabbalat-shabbat-5-22 (226309e2-78b7-48af-aa21-6aaf606b4fbe) 
    [ipad-webkit] › e2e\perform-ipad-real-setlists.spec.ts:127:13 › R1 real-setlist render sweep (iPad WebKit portrait 820) › every chart renders — shavuot-yizkor-5-23 (UnjLqKTtS4lNKQfMY6hB) 
──────────────────────────────────────────

  2 failed
    [ipad-webkit] › e2e\perform-ipad-real-setlists.spec.ts:127:13 › R1 real-setlist render sweep (iPad WebKit portrait 820) › every chart renders — kabbalat-shabbat-5-22 (226309e2-78b7-48af-aa21-6aaf606b4fbe) 
    [ipad-webkit] › e2e\perform-ipad-real-setlists.spec.ts:127:13 › R1 real-setlist render sweep (iPad WebKit portrait 820) › every chart renders — shavuot-yizkor-5-23 (UnjLqKTtS4lNKQfMY6hB) 
