# restamp-normalizedname-drift.mjs — mode=APPLY
# project=crcmusiccharts
# started=2026-05-25T23:07:20.184Z

Phase 1: enumerated 625 library_index rows
Phase 1: built stem index — 413 unique stems, 0 orphaned rows excluded, 0 nameless rows excluded

RESTAMP   1-7s6O5YGk5noWiVhtktHwpr7SHOq8_09 name="B'sefer chayim & Hashiveinu.pdf" ext=.pdf siblings=2 diff=[{"field":"normalizedName","was":"bseferchayimhashiveinupdf","now":"bseferchayimhashiveinu"}]
RESTAMP   1-GuL3x3yXCj4CpUieKyqriSYLIewYBW8 name="Mi Shebeirach.pdf" ext=.pdf siblings=9 diff=[{"field":"normalizedName","was":"mishebeirachpdf","now":"mishebeirach"}]
RESTAMP   1-NNEkYLm4R7PJ7ttd1HVVQ55FYqps5fT name="Shema (major).pdf" ext=.pdf siblings=2 diff=[{"field":"normalizedName","was":"shemamajorpdf","now":"shemamajor"}]
RESTAMP   1-aabMnNguIMwqICh3Yd5OOESSsX1YD1H name="May it be a Good Year - Full Score.pdf" ext=.pdf siblings=2 diff=[{"field":"normalizedName","was":"mayitbeagoodyearfullscorepdf","now":"mayitbeagoodyearfullscore"}]
RESTAMP   1-nZdkk3WmzecIti5rgOKG5Km7kditRSP name="Hashiveinu.pdf" ext=.pdf siblings=5 diff=[{"field":"normalizedName","was":"hashiveinupdf","now":"hashiveinu"}]
RESTAMP   1-utmHPjawkoiudZ9pjm5fLMCBoSDLgUU name="Lecha dodi (Yerushalmi).pdf" ext=.pdf siblings=4 diff=[{"field":"normalizedName","was":"lechadodiyerushalmipdf","now":"lechadodiyerushalmi"}]
RESTAMP   109L_MNigAZlIcxOJDVGu-mR1cPEWVDvH name="Eitz chayim.pdf" ext=.pdf siblings=6 diff=[{"field":"normalizedName","was":"eitzchayimpdf","now":"eitzchayim"}]
RESTAMP   10_OkoTpn-27dVH3IEwtJXeC3L4rJsSs0 name="zochrenu Lehayim - Full Score.pdf" ext=.pdf siblings=2 diff=[{"field":"normalizedName","was":"zochrenulehayimfullscorepdf","now":"zochrenulehayimfullscore"}]
RESTAMP   10f54MTtUltfX4lm7YcxoV9MeXxtDXUWZ name="Yah ribon alam.pdf" ext=.pdf siblings=1 diff=[{"field":"normalizedName","was":"yahribonalampdf","now":"yahribonalam"}]
RESTAMP   10i20SEfzKTvGJ5tqWfPScip78eXszCHH name="Michamocha (Shir Shabbat).mp3" ext=.mp3 siblings=2 diff=[{"field":"normalizedName","was":"michamochashirshabbatmp3","now":"michamochashirshabbat"}]
RESTAMP   10z53rDn8ZRw_m5esW54nbxBEjPTNIjp5 name="Ve_Imru Amen-Bass.mp3" ext=.mp3 siblings=1 diff=[{"field":"normalizedName","was":"veimruamenbassmp3","now":"veimruamenbass"}]
RESTAMP   113D2wnFt1K9Vqgmp5pFn8wK6lnLEFwRL name="Dis Trust - Full Score.pdf" ext=.pdf siblings=3 diff=[{"field":"normalizedName","was":"distrustfullscorepdf","now":"distrustfullscore"}]
RESTAMP   11985wRgE09raY4usgF5Y6lIErTyoKKch name="gminor_spirits.pdf" ext=.pdf siblings=1 diff=[{"field":"normalizedName","was":"gminorspiritspdf","now":"gminorspirits"}]
RESTAMP   11bYBh-IiVb4eUxFythxUBdhfmbfZCiHY name="Barechu_trad_Bass.mp3" ext=.mp3 siblings=1 diff=[{"field":"normalizedName","was":"barechutradbassmp3","now":"barechutradbass"}]
RESTAMP   11hnNdTgFcqqmK1ExZYEeM3HqqHLfC28y name="Yedid Nefesh.pdf" ext=.pdf siblings=2 diff=[{"field":"normalizedName","was":"yedidnefeshpdf","now":"yedidnefesh"}]
RESTAMP   11vAgPi9J45X2b_MLc9SuqnNbKr_U2ePZ name="Adio kerida.pdf" ext=.pdf siblings=1 diff=[{"field":"normalizedName","was":"adiokeridapdf","now":"adiokerida"}]
RESTAMP   11w4r08HnXYR-eRFzcMIs-ud4k1Ut1jwB name="Fiddley Tune.pdf" ext=.pdf siblings=1 diff=[{"field":"normalizedName","was":"fiddleytunepdf","now":"fiddleytune"}]
RESTAMP   12JfLCHytM5q59btBQ05sz-V_SurQmUoT name="Adon Olam.mp3" ext=.mp3 siblings=4 diff=[{"field":"normalizedName","was":"adonolammp3","now":"adonolam"}]
RESTAMP   12jOqCRu1d3CMEqEXhIlvtH6fISPb8_kU name="Barchu (Am I Awake ) - Full Score.pdf" ext=.pdf siblings=8 diff=[{"field":"normalizedName","was":"barchuamiawakefullscorepdf","now":"barchuamiawakefullscore"}]
RESTAMP   139wiZLQyzIVrwfjapGdfhzHHeZR7eiNk name="Niggun_Tenor_Bass.mp3" ext=.mp3 siblings=1 diff=[{"field":"normalizedName","was":"nigguntenorbassmp3","now":"nigguntenorbass"}]
RESTAMP   13aYPTWGNeCpbOFk4CjccIWKvADcRvCNg name="Od Yavo Shalom Aleinu.pdf" ext=.pdf siblings=1 diff=[{"field":"normalizedName","was":"odyavoshalomaleinupdf","now":"odyavoshalomaleinu"}]
RESTAMP   13xN_EFxJ0igz9oYROL_DGx-hj6cvbGOy name="Elohai neshama - Pourmorady.pdf" ext=.pdf siblings=2 diff=[{"field":"normalizedName","was":"elohaineshamapourmoradypdf","now":"elohaineshamapourmorady"}]
RESTAMP   14SMDmqaXkzSH_pAKYQ86cekbY7Doelfm name="Aleinu- trad - Full Score.pdf" ext=.pdf siblings=2 diff=[{"field":"normalizedName","was":"aleinutradfullscorepdf","now":"aleinutradfullscore"}]
RESTAMP   15AghrjXqcoP12z70OGcZ7pY0EU8t7OBm name="Candle lighting (Ladino).pdf" ext=.pdf siblings=1 diff=[{"field":"normalizedName","was":"candlelightingladinopdf","now":"candlelightingladino"}]
RESTAMP   15JPaQTkyZckMCXWNuc0qQ6DWSiK1NBGJ name="Ahava raba (echo).pdf" ext=.pdf siblings=2 diff=[{"field":"normalizedName","was":"ahavarabaechopdf","now":"ahavarabaecho"}]
RESTAMP   15VGnxYtiSEEV_LfXc-oddi_fXCRaD7wK name="May the Memory - Full Score.pdf" ext=.pdf siblings=1 diff=[{"field":"normalizedName","was":"maythememoryfullscorepdf","now":"maythememoryfullscore"}]
RESTAMP   16hgfPydSNfbuAbTMWVRncQCJkwlxlMDB name="Avinu Malkeinu_trad_Choir_Em.pdf" ext=.pdf siblings=2 diff=[{"field":"normalizedName","was":"avinumalkeinutradchoirempdf","now":"avinumalkeinutradchoirem"}]
RESTAMP   17TDzffOQT4ohO2p7yQCudUTYbj1tRg28 name="Tu Bishvat.pdf" ext=.pdf siblings=2 diff=[{"field":"normalizedName","was":"tubishvatpdf","now":"tubishvat"}]
RESTAMP   17WKpAjPPT6E8D2VpRgiwNEy9V48BtwhR name="Kedusha (compact).pdf" ext=.pdf siblings=2 diff=[{"field":"normalizedName","was":"kedushacompactpdf","now":"kedushacompact"}]
RESTAMP   17YFbGz0YNvC1o-K1VKRrqgZGae-WMsbg name="Michamocha (Shir Shabbat) .mp3" ext=.mp3 siblings=2 diff=[{"field":"normalizedName","was":"michamochashirshabbatmp3","now":"michamochashirshabbat"}]
RESTAMP   18ip_oBzFOZmb6qwYHcHUerGvKlWLS9ZU name="Niggun 3 part choral score.pdf" ext=.pdf siblings=2 diff=[{"field":"normalizedName","was":"niggun3partchoralscorepdf","now":"niggun3partchoralscore"}]
RESTAMP   19E8aTettqSQO1ZVtVhXCPfUJw1dw0f3G name="Shiru L_Adonai Shir Shabbat.pdf" ext=.pdf siblings=2 diff=[{"field":"normalizedName","was":"shiruladonaishirshabbatpdf","now":"shiruladonaishirshabbat"}]
RESTAMP   19FuqP-rbkufIUdAVCGMbXLuvDJKnicZM name="Mi shebeirach.pdf" ext=.pdf siblings=9 diff=[{"field":"normalizedName","was":"mishebeirachpdf","now":"mishebeirach"}]
RESTAMP   19HZjTlXx_pXGMy3VV5k-o71vIB6amI9S name="R'tzei - Full Score.pdf" ext=.pdf siblings=2 diff=[{"field":"normalizedName","was":"rtzeifullscorepdf","now":"rtzeifullscore"}]
RESTAMP   19JE0aPISEwHYTC5RtieFX1EOVdYTP-yV name="Unetaneh_Tokef 4 parts.pdf" ext=.pdf siblings=2 diff=[{"field":"normalizedName","was":"unetanehtokef4partspdf","now":"unetanehtokef4parts"}]
RESTAMP   19W6W99B9smYQqqZEtU2fYUTLvrV4HjDG name="L'Cha Dodi Dmin .pdf" ext=.pdf siblings=2 diff=[{"field":"normalizedName","was":"lchadodidminpdf","now":"lchadodidmin"}]
RESTAMP   19XVik7nlDmoUr8CcBJbjDsecLuqInQ_Z name="Shema (major).pdf" ext=.pdf siblings=2 diff=[{"field":"normalizedName","was":"shemamajorpdf","now":"shemamajor"}]
RESTAMP   19aJQKD1H868a8tDZFphNLPh_rH4tFwLN name="Shiru Medley .wav" ext=.wav siblings=1 diff=[{"field":"normalizedName","was":"shirumedleywav","now":"shirumedley"}]
RESTAMP   19bFqLwp-TX_T3xlnV78DoMj3U80FsehP name="Erev Shel Shoshanim : Yamin U’smol.wav" ext=.wav siblings=1 diff=[{"field":"normalizedName","was":"erevshelshoshanimyaminusmolwav","now":"erevshelshoshanimyaminusmol"}]
RESTAMP   19pHyy-g7WN48xqh6IEtRSWpqBQCkWftP name="Avinu Malkeinu_traditional_Em_Soprano.mp3" ext=.mp3 siblings=1 diff=[{"field":"normalizedName","was":"avinumalkeinutraditionalemsopranomp3","now":"avinumalkeinutraditionalemsoprano"}]
RESTAMP   1AIwCXDw1mGHm_uhaoJfbpkri-ibzOLI4 name="Shiru L_Adonai Shir Shabbat.pdf" ext=.pdf siblings=2 diff=[{"field":"normalizedName","was":"shiruladonaishirshabbatpdf","now":"shiruladonaishirshabbat"}]
RESTAMP   1ARw4lnY2SdZO2ka7aj-rkxkdP_iEWm37 name="Tzur mishelo.pdf" ext=.pdf siblings=1 diff=[{"field":"normalizedName","was":"tzurmishelopdf","now":"tzurmishelo"}]
RESTAMP   1AZumqP1QVsv_1AQRi6DeO4RfBcP5mlkg name="Adonai S'fatai (Taubman).pdf" ext=.pdf siblings=3 diff=[{"field":"normalizedName","was":"adonaisfataitaubmanpdf","now":"adonaisfataitaubman"}]
RESTAMP   1BLARziE-ImWCPWDoU8utX5Cu7Jm4mxxJ name="Shalom Alechem Shir Shabbat.pdf" ext=.pdf siblings=2 diff=[{"field":"normalizedName","was":"shalomalechemshirshabbatpdf","now":"shalomalechemshirshabbat"}]
RESTAMP   1BLrzro7SQrZVdapxuo0I_vSv-KpeXbLp name="Avinu Malkeinu Janowski D minor SATB Choir.pdf" ext=.pdf siblings=1 diff=[{"field":"normalizedName","was":"avinumalkeinujanowskidminorsatbchoirpdf","now":"avinumalkeinujanowskidminorsatbchoir"}]
RESTAMP   1BQ-zjhN7hoUCooF02Z1mawgtMZJ_EfEM name="Oseh shalom (S&P).pdf" ext=.pdf siblings=12 diff=[{"field":"normalizedName","was":"osehshalomsppdf","now":"osehshalomsp"}]
RESTAMP   1BfI_rzgNRfVwjDAD2ynhXkUW257MumjT name="Od Yavo Shalom Aleinu trombone.pdf" ext=.pdf siblings=1 diff=[{"field":"normalizedName","was":"odyavoshalomaleinutrombonepdf","now":"odyavoshalomaleinutrombone"}]
RESTAMP   1BfwOSMZIDkTfRrjMDRBpz8B9qAZAdJh9 name="Modeh_Ani F minor.pdf" ext=.pdf siblings=2 diff=[{"field":"normalizedName","was":"modehanifminorpdf","now":"modehanifminor"}]
RESTAMP   1Bquaq3tlSoRAovWcCkynShUuepgEgYZ_ name="Hineni Rosenblatt.pdf" ext=.pdf siblings=2 diff=[{"field":"normalizedName","was":"hinenirosenblattpdf","now":"hinenirosenblatt"}]
RESTAMP   1CKCIpT3q8q4257D2i6klXsRl8GFWpJee name="Lecha Dodi Lincoln_s Nigun.pdf" ext=.pdf siblings=2 diff=[{"field":"normalizedName","was":"lechadodilincolnsnigunpdf","now":"lechadodilincolnsnigun"}]
RESTAMP   1Cw69wE2-8eUViZ6ID66nULfNVDVU_est name="Ve_Imru Amen-Tenor.mp3" ext=.mp3 siblings=1 diff=[{"field":"normalizedName","was":"veimruamentenormp3","now":"veimruamentenor"}]
RESTAMP   1CwH1LALn4s3bDRyyRQvLlLnbc6j7zhXH name="Modeh Ani Klepper.pdf" ext=.pdf siblings=1 diff=[{"field":"normalizedName","was":"modehaniklepperpdf","now":"modehaniklepper"}]
RESTAMP   1D-rUMfhk4pinIQX97bYMi_rsKaNoS9s4 name="Dodi Li.pdf" ext=.pdf siblings=6 diff=[{"field":"normalizedName","was":"dodilipdf","now":"dodili"}]
RESTAMP   1D08wPsT5Fk5nm-uXW9tHf50BvccX5gu3 name="Ve_Imru Amen Full Choir.mp3" ext=.mp3 siblings=1 diff=[{"field":"normalizedName","was":"veimruamenfullchoirmp3","now":"veimruamenfullchoir"}]
RESTAMP   1DF0UOysVOpGEGkSswU3FwEvjU_lcRm5_ name="Unetaneh_Tokef_Full Choir.mp3" ext=.mp3 siblings=1 diff=[{"field":"normalizedName","was":"unetanehtokeffullchoirmp3","now":"unetanehtokeffullchoir"}]
RESTAMP   1DYQ4IZXCMjtCIzxCD2lkLEofO5q-sf6r name="Niggun - Bonia Full Score.pdf" ext=.pdf siblings=3 diff=[{"field":"normalizedName","was":"niggunboniafullscorepdf","now":"niggunboniafullscore"}]
RESTAMP   1D_ERo9369UkNlZGO3FLYhYPatkY2m4Jm name="Kedusha in Am Full Choir with solo.mp3" ext=.mp3 siblings=1 diff=[{"field":"normalizedName","was":"kedushainamfullchoirwithsolomp3","now":"kedushainamfullchoirwithsolo"}]
RESTAMP   1DclXj1fcg3VTtf82HECzbk51-3GeowPH name="Barechu_trad_Soprano.mp3" ext=.mp3 siblings=1 diff=[{"field":"normalizedName","was":"barechutradsopranomp3","now":"barechutradsoprano"}]
RESTAMP   1DiSbHUzzXGAAl3je1g40Q-pEM2rR3laa name="Kedusha in Am (Tenor_Bass).mp3" ext=.mp3 siblings=3 diff=[{"field":"normalizedName","was":"kedushainamtenorbassmp3","now":"kedushainamtenorbass"}]
RESTAMP   1DncwbDd_B0LnGRNRmBQCG6D4_7MoV1nI name="Aleinu Shur melody (low voice).mp3" ext=.mp3 siblings=2 diff=[{"field":"normalizedName","was":"aleinushurmelodylowvoicemp3","now":"aleinushurmelodylowvoice"}]
RESTAMP   1Dx-47EpIUtGvo15ItMA_Imb6IijHC6uM name="T'filah Adonai s'fatai - Full Score.pdf" ext=.pdf siblings=3 diff=[{"field":"normalizedName","was":"tfilahadonaisfataifullscorepdf","now":"tfilahadonaisfataifullscore"}]
RESTAMP   1EPzxHjEkvvHnIQm7L98X4hl8DvuJFHQh name="Bina in G.pdf" ext=.pdf siblings=2 diff=[{"field":"normalizedName","was":"binaingpdf","now":"binaing"}]
RESTAMP   1Eas8fNP2KqWkqnSXrrE9mB74xwA962-7 name="Landlocked.pdf" ext=.pdf siblings=1 diff=[{"field":"normalizedName","was":"landlockedpdf","now":"landlocked"}]
RESTAMP   1EhNYnQc4YBzD_vtTZRunaNW2dhS57E0s name="Mi Chamocha Traditional - Full Score.pdf" ext=.pdf siblings=2 diff=[{"field":"normalizedName","was":"michamochatraditionalfullscorepdf","now":"michamochatraditionalfullscore"}]
RESTAMP   1EiJJKn3ZmsWnXVYiEjMHQmR17t0ByDbG name="Mizmor l_David D.pdf" ext=.pdf siblings=2 diff=[{"field":"normalizedName","was":"mizmorldaviddpdf","now":"mizmorldavidd"}]
RESTAMP   1EppZUInFMrBcjl9nU9p-5d7sCJYO6gfz name="Barchu (Siegel).pdf" ext=.pdf siblings=8 diff=[{"field":"normalizedName","was":"barchusiegelpdf","now":"barchusiegel"}]
RESTAMP   1Et48zTFQny12HjkFv25Wz7L7-wAqvZmg name="Mi Chamocha Shur Cantor Choir Descant.mp3" ext=.mp3 siblings=2 diff=[{"field":"normalizedName","was":"michamochashurcantorchoirdescantmp3","now":"michamochashurcantorchoirdescant"}]
RESTAMP   1Exi_bsvw4nK0AUkW12bGwJ2WzZ-B5cS0 name="Avinu Malkeinu Janowski D minor (Tenor).mp3" ext=.mp3 siblings=4 diff=[{"field":"normalizedName","was":"avinumalkeinujanowskidminortenormp3","now":"avinumalkeinujanowskidminortenor"}]
RESTAMP   1FGzPfLlSH3fzQtHAht3SfRoWLUFWICl1 name="Avinu Malkeinu Janowski D minor (Bass).mp3" ext=.mp3 siblings=4 diff=[{"field":"normalizedName","was":"avinumalkeinujanowskidminorbassmp3","now":"avinumalkeinujanowskidminorbass"}]
RESTAMP   1FNvv9UToD9t1k4FqXhWPzb50naHZfo-T name="Niggun_Soprano.mp3" ext=.mp3 siblings=1 diff=[{"field":"normalizedName","was":"niggunsopranomp3","now":"niggunsoprano"}]
RESTAMP   1FZw5QmsYPhe2hNLnAz8CWD1yN0lruOXP name="Kedusha in Am (Soprano).mp3" ext=.mp3 siblings=3 diff=[{"field":"normalizedName","was":"kedushainamsopranomp3","now":"kedushainamsoprano"}]
RESTAMP   1G4DJBRKB_DwZXJ7yqeQVkRR-5-R7EvU9 name="Oseh shalom (S&P).pdf" ext=.pdf siblings=12 diff=[{"field":"normalizedName","was":"osehshalomsppdf","now":"osehshalomsp"}]
RESTAMP   1G4kvrAslYsUezK2fy696w8XUt3T-zEjR name="Unetaneh_Tokef_Soprano.mp3" ext=.mp3 siblings=1 diff=[{"field":"normalizedName","was":"unetanehtokefsopranomp3","now":"unetanehtokefsoprano"}]
RESTAMP   1GOBhTkfPUz1vg_dgbnwS7eNDNdPkRcCA name="May The Memory Choir.pdf" ext=.pdf siblings=1 diff=[{"field":"normalizedName","was":"maythememorychoirpdf","now":"maythememorychoir"}]
RESTAMP   1GpH741dvm8j8CQOPzHPE0w9b_7Sl2q6X name="kanfe yona.pdf" ext=.pdf siblings=1 diff=[{"field":"normalizedName","was":"kanfeyonapdf","now":"kanfeyona"}]
RESTAMP   1Gtp4pR3MGaRK7ZjjX4Rtmjg2anfvoEsN name="Avinu Malkeinu - Full Score.pdf" ext=.pdf siblings=4 diff=[{"field":"normalizedName","was":"avinumalkeinufullscorepdf","now":"avinumalkeinufullscore"}]
RESTAMP   1HVCUZLeCu2_W3G3hMDwYxXd7o519rlcO name="Avinu Malkeinu_traditional_Em_Full Choir.mp3" ext=.mp3 siblings=1 diff=[{"field":"normalizedName","was":"avinumalkeinutraditionalemfullchoirmp3","now":"avinumalkeinutraditionalemfullchoir"}]
RESTAMP   1Ho4zPDwCihy2HOt7f7MuVRMMLbFMLWYR name="Oseh Shalom (Dub Remix).mp3" ext=.mp3 siblings=12 diff=[{"field":"normalizedName","was":"osehshalomdubremixmp3","now":"osehshalomdubremix"}]
RESTAMP   1Hq-7tDIFY0C7NbCgDR6zZC1rlkib3xOQ name="Mi Chamocha Shur Cantor Choir Descant.pdf" ext=.pdf siblings=2 diff=[{"field":"normalizedName","was":"michamochashurcantorchoirdescantpdf","now":"michamochashurcantorchoirdescant"}]
RESTAMP   1ITxhruZY56v3j96hnqsk7YJ32-0coLcZ name="May The Memory Bass.mp3" ext=.mp3 siblings=1 diff=[{"field":"normalizedName","was":"maythememorybassmp3","now":"maythememorybass"}]
RESTAMP   1J6H_F6Ba02_rMRQEJbi_lBbMXCBag6SQ name="Avinu Malkeynu Janowski - Full Score.pdf" ext=.pdf siblings=2 diff=[{"field":"normalizedName","was":"avinumalkeynujanowskifullscorepdf","now":"avinumalkeynujanowskifullscore"}]
RESTAMP   1J_RYWUgwlAoPrq29DN6VoDFft3YpMSom name="Mi chamocha (Moshav).pdf" ext=.pdf siblings=5 diff=[{"field":"normalizedName","was":"michamochamoshavpdf","now":"michamochamoshav"}]
RESTAMP   1J_YSGz4C9Fmx2CDQpUJ9iC5O19uA0j8o name="Unetaneh_Tokef_Bass.mp3" ext=.mp3 siblings=1 diff=[{"field":"normalizedName","was":"unetanehtokefbassmp3","now":"unetanehtokefbass"}]
RESTAMP   1JlQ6xacP4pH5FZ6ja_kaZ2DayoEpkrZs name="L'Cha Dodi Dmin .pdf" ext=.pdf siblings=2 diff=[{"field":"normalizedName","was":"lchadodidminpdf","now":"lchadodidmin"}]
RESTAMP   1K6ENNHsN324AcZmC6tFLLSdAKSpSyqF1 name="Candle Blessing - Full Score.pdf" ext=.pdf siblings=3 diff=[{"field":"normalizedName","was":"candleblessingfullscorepdf","now":"candleblessingfullscore"}]
RESTAMP   1K6cAZSsAcxurLVyHjW3MKCpfZzseE5kQ name="Hayom teamtzeinu - Full Score.pdf" ext=.pdf siblings=2 diff=[{"field":"normalizedName","was":"hayomteamtzeinufullscorepdf","now":"hayomteamtzeinufullscore"}]
RESTAMP   1KV7ImMQF2i82sfPj9wvCnsZWZWo1SGlS name="Un'taneh Tokef - Full Score.pdf" ext=.pdf siblings=2 diff=[{"field":"normalizedName","was":"untanehtokeffullscorepdf","now":"untanehtokeffullscore"}]
RESTAMP   1LIQvf7FQmRRKpfI1lP06PH70ef6Rn5I3 name="May The Memory Tenor.mp3" ext=.mp3 siblings=1 diff=[{"field":"normalizedName","was":"maythememorytenormp3","now":"maythememorytenor"}]
RESTAMP   1LPfmwfa8On5YHco9nC-dt5IyWk7QO4gV name="Barchu (Friedman).pdf" ext=.pdf siblings=8 diff=[{"field":"normalizedName","was":"barchufriedmanpdf","now":"barchufriedman"}]
RESTAMP   1LYIRI8GH4fA9Typust_4D98LjOWo5eSn name="The Great Aleinu (Alto).mp3" ext=.mp3 siblings=4 diff=[{"field":"normalizedName","was":"thegreataleinualtomp3","now":"thegreataleinualto"}]
RESTAMP   1MQBRtiDK77MOTTKR25mEZEqmclSRat1q name="Niggun_Full Choir.mp3" ext=.mp3 siblings=1 diff=[{"field":"normalizedName","was":"niggunfullchoirmp3","now":"niggunfullchoir"}]
RESTAMP   1Mqje155L1D2TpfeoLycAL_pxEs04epFw name="Veshamru.pdf" ext=.pdf siblings=3 diff=[{"field":"normalizedName","was":"veshamrupdf","now":"veshamru"}]
RESTAMP   1N3sQbSjY_Cq_ykw6zp32XvAJfq9tjvYG name="Mi chamocha (Moroccan).pdf" ext=.pdf siblings=5 diff=[{"field":"normalizedName","was":"michamochamoroccanpdf","now":"michamochamoroccan"}]
RESTAMP   1NhFwI5Bf91gSuCiONrIAj-SttN6GEG3u name="Dis Trust - Full Score.pdf" ext=.pdf siblings=3 diff=[{"field":"normalizedName","was":"distrustfullscorepdf","now":"distrustfullscore"}]
RESTAMP   1NqqJXEfTW1_B0sWBlcqAM4paZJOOmLuk name="Avinu Malkeinu.pdf" ext=.pdf siblings=4 diff=[{"field":"normalizedName","was":"avinumalkeinupdf","now":"avinumalkeinu"}]
RESTAMP   1Nz7ih3xr6Wb2XMeZZgrLJDCq_NoNAz7v name="T'filah Adonai s'fatai - Full Score.pdf" ext=.pdf siblings=3 diff=[{"field":"normalizedName","was":"tfilahadonaisfataifullscorepdf","now":"tfilahadonaisfataifullscore"}]
RESTAMP   1O1pvTb9_U_1Dh9TCookPxS7AlwfMA_Nh name="Fish Jam .mp3" ext=.mp3 siblings=1 diff=[{"field":"normalizedName","was":"fishjammp3","now":"fishjam"}]
RESTAMP   1OUhfx4EW3ZAtuh-ZPnHxTF4-wGOJdBFy name="Ana B_Koach.pdf" ext=.pdf siblings=2 diff=[{"field":"normalizedName","was":"anabkoachpdf","now":"anabkoach"}]
RESTAMP   1PYUlbQY0hweTHW2Qrc7Xn3_9vlHaUtee name="Bminor_simpletune.pdf" ext=.pdf siblings=1 diff=[{"field":"normalizedName","was":"bminorsimpletunepdf","now":"bminorsimpletune"}]
RESTAMP   1PxJ-AxXwI5GUS4s_RutSAO_gEsDF8Got name="Refa tziri.pdf" ext=.pdf siblings=3 diff=[{"field":"normalizedName","was":"refatziripdf","now":"refatziri"}]
RESTAMP   1Q27iTstQskArSk4-kHFfN0ZnQjV7Oau8 name="Aleinu - .pdf" ext=.pdf siblings=3 diff=[{"field":"normalizedName","was":"aleinupdf","now":"aleinu"}]
RESTAMP   1Q6yGoFDerBBWV7OYovZweFEIbzgRv--w name="Avinu Malkeinu Janowski D minor (Alto).mp3" ext=.mp3 siblings=4 diff=[{"field":"normalizedName","was":"avinumalkeinujanowskidminoraltomp3","now":"avinumalkeinujanowskidminoralto"}]
RESTAMP   1R7lq5sBnwIH6WxZda_IshPjTpAtN30tJ name="Nigun # 5.PDF" ext=.pdf siblings=2 diff=[{"field":"normalizedName","was":"nigun5pdf","now":"nigun5"}]
RESTAMP   1RBpYbHvv44QhjezUIkQgWPN0nnel3zuy name="Sim Shalom - Full Score.pdf" ext=.pdf siblings=9 diff=[{"field":"normalizedName","was":"simshalomfullscorepdf","now":"simshalomfullscore"}]
RESTAMP   1RQzrqpgVhkcL3tvBWGCYUIhtPNhF1Fnr name="Mi chamocha shur.pdf" ext=.pdf siblings=2 diff=[{"field":"normalizedName","was":"michamochashurpdf","now":"michamochashur"}]
RESTAMP   1RV-_S-0vCgswP7VfskC6wIchaBDQFNDa name="Michael's B'Mitzvah Jams.mp3" ext=.mp3 siblings=1 diff=[{"field":"normalizedName","was":"michaelsbmitzvahjamsmp3","now":"michaelsbmitzvahjams"}]
RESTAMP   1SH9vxGsFfIJ4mU_FaAaIX13hThwuqfH5 name="Shalom Alechem Shir Shabbat.pdf" ext=.pdf siblings=2 diff=[{"field":"normalizedName","was":"shalomalechemshirshabbatpdf","now":"shalomalechemshirshabbat"}]
RESTAMP   1TCP25KtpY0BZ1ixLPMSkhT7_HdFNW7IL name="Mi_shebeirach jazz.pdf" ext=.pdf siblings=2 diff=[{"field":"normalizedName","was":"mishebeirachjazzpdf","now":"mishebeirachjazz"}]
RESTAMP   1TJwxurV4SgcpM58SG9x6hQ8e7cY6Yp9T name="Mi Chamochah - Full Score.pdf" ext=.pdf siblings=5 diff=[{"field":"normalizedName","was":"michamochahfullscorepdf","now":"michamochahfullscore"}]
RESTAMP   1TRCzECDBOal5mr1SFh7JEY-r-NkhtaaW name="Avinu Malkeinu_traditional_Em_Bass.mp3" ext=.mp3 siblings=1 diff=[{"field":"normalizedName","was":"avinumalkeinutraditionalembassmp3","now":"avinumalkeinutraditionalembass"}]
RESTAMP   1TeiP5BlGnlP9ogYXO9yFL25J1Tz5k_RX name="dodi li (sher).png" ext=.png siblings=6 diff=[{"field":"normalizedName","was":"dodilisherpng","now":"dodilisher"}]
RESTAMP   1Tlx0xppOSXNZpO1idUqg2bNQfhyUgrfa name="Om-Ney Dm - Full Score.pdf" ext=.pdf siblings=3 diff=[{"field":"normalizedName","was":"omneydmfullscorepdf","now":"omneydmfullscore"}]
RESTAMP   1U9Ku90io-9lvaPNt6_vDv1rxjTLZaEGc name="Sim Shalom (Jim).pdf" ext=.pdf siblings=9 diff=[{"field":"normalizedName","was":"simshalomjimpdf","now":"simshalomjim"}]
RESTAMP   1UC0SmGpSLTNyH998kCfMaJzcZPkSOATA name="Om-Ney Dm - Full Score.pdf" ext=.pdf siblings=3 diff=[{"field":"normalizedName","was":"omneydmfullscorepdf","now":"omneydmfullscore"}]
RESTAMP   1URzdt7mdDjXZjO6J0ibl_E4SukMxfD4t name="Mi chamocha (6-8).pdf" ext=.pdf siblings=5 diff=[{"field":"normalizedName","was":"michamocha68pdf","now":"michamocha68"}]
RESTAMP   1Uf0bVHJJ_PHn6gZ0OtGRf2RFytrx01qU name="Ana B_Koach.pdf" ext=.pdf siblings=2 diff=[{"field":"normalizedName","was":"anabkoachpdf","now":"anabkoach"}]
RESTAMP   1V2T04NsfROLjyEDOvAc0F3Bz_Tc20Kzi name="Modeh Ani Ma Tovu P'sukei - Full Score.pdf" ext=.pdf siblings=2 diff=[{"field":"normalizedName","was":"modehanimatovupsukeifullscorepdf","now":"modehanimatovupsukeifullscore"}]
RESTAMP   1VFVL-HAEa1XHVcqTPiIV-_DSlOdg4M2V name="Yihyu Leratzon - Full Score.pdf" ext=.pdf siblings=2 diff=[{"field":"normalizedName","was":"yihyuleratzonfullscorepdf","now":"yihyuleratzonfullscore"}]
RESTAMP   1VSB3wRDJN_1nvab8nyNG3W65QXup2YQV name="Ma tovu_Hinei ma tov - trad.pdf" ext=.pdf siblings=1 diff=[{"field":"normalizedName","was":"matovuhineimatovtradpdf","now":"matovuhineimatovtrad"}]
RESTAMP   1VXSQUMCADACnGEitvANMLuBF3BsJa_b9 name="Veshamru .mp3" ext=.mp3 siblings=3 diff=[{"field":"normalizedName","was":"veshamrump3","now":"veshamru"}]
RESTAMP   1VbcRGqSXF28Kf4DWdddpeQ9ANcV8W5CL name="Lecha Dodi Lincoln_s Nigun.pdf" ext=.pdf siblings=2 diff=[{"field":"normalizedName","was":"lechadodilincolnsnigunpdf","now":"lechadodilincolnsnigun"}]
RESTAMP   1VcD-E7ZKj48zN-20JaJT2MOLB-5WSkpR name="Veshamru.pdf" ext=.pdf siblings=3 diff=[{"field":"normalizedName","was":"veshamrupdf","now":"veshamru"}]
RESTAMP   1VetfwZmNivMhVPjWFiShdhCRBoncTQOh name="Sim_shalom.pdf" ext=.pdf siblings=9 diff=[{"field":"normalizedName","was":"simshalompdf","now":"simshalom"}]
RESTAMP   1VmpBREQWoux2gOCAeMzNPlZ1VWLCWQdf name="Hashkiveinu - Full Score.pdf" ext=.pdf siblings=4 diff=[{"field":"normalizedName","was":"hashkiveinufullscorepdf","now":"hashkiveinufullscore"}]
RESTAMP   1VuMq83_0W8ya9SCeBaQ0vCvuFeHgGHeC name="Mizmor Shiru L'adonai .mp3" ext=.mp3 siblings=1 diff=[{"field":"normalizedName","was":"mizmorshiruladonaimp3","now":"mizmorshiruladonai"}]
RESTAMP   1W3mVu5MmsLklXhhh6WpQe5KrCr71Z6iJ name="Shalom alechem (Goldfarb).pdf" ext=.pdf siblings=2 diff=[{"field":"normalizedName","was":"shalomalechemgoldfarbpdf","now":"shalomalechemgoldfarb"}]
RESTAMP   1WJag4LEVyYDL2YxvWxiDBM5zgTzOgfAm name="KEDUSHAH - Full Score.pdf" ext=.pdf siblings=2 diff=[{"field":"normalizedName","was":"kedushahfullscorepdf","now":"kedushahfullscore"}]
RESTAMP   1WNBHOQhMyr8Aokyp1ECGCibyUZr0UnFT name="Tu Bishvat.pdf" ext=.pdf siblings=2 diff=[{"field":"normalizedName","was":"tubishvatpdf","now":"tubishvat"}]
RESTAMP   1WdIXm5jTtgtcBcQC_MggjybIGfP2b604 name="May the Door - Full Score.pdf" ext=.pdf siblings=2 diff=[{"field":"normalizedName","was":"maythedoorfullscorepdf","now":"maythedoorfullscore"}]
RESTAMP   1WusU1xlwOKQvKu2kemrowh6oZ16S9UeR name="V'Shamru.pdf" ext=.pdf siblings=6 diff=[{"field":"normalizedName","was":"vshamrupdf","now":"vshamru"}]
RESTAMP   1X1rYxPSOC_CME5P72Sjf-HVYczAVt7TK name="Dodi nehmad.pdf" ext=.pdf siblings=1 diff=[{"field":"normalizedName","was":"dodinehmadpdf","now":"dodinehmad"}]
RESTAMP   1X6St0GAreLGpJIcPMdA4HJlohuFhPp5W name="3 Songs Office Hours.mp3" ext=.mp3 siblings=1 diff=[{"field":"normalizedName","was":"3songsofficehoursmp3","now":"3songsofficehours"}]
RESTAMP   1X9O_4wIudGORlU9rZ-i2Ub7zN4tBhLt- name="Avodah Retzei.pdf" ext=.pdf siblings=2 diff=[{"field":"normalizedName","was":"avodahretzeipdf","now":"avodahretzei"}]
RESTAMP   1Y6ELHFu--GfuIz3FgiHitfWyjG4OZvQ0 name="The Great Aleinu Full Choir.mp3" ext=.mp3 siblings=1 diff=[{"field":"normalizedName","was":"thegreataleinufullchoirmp3","now":"thegreataleinufullchoir"}]
RESTAMP   1YkIEE4lx2Vp3U2nQA2M8nIKCBgFoylhf name="Lecha dodi (Lincoln_s niggun).pdf" ext=.pdf siblings=4 diff=[{"field":"normalizedName","was":"lechadodilincolnsniggunpdf","now":"lechadodilincolnsniggun"}]
RESTAMP   1YuN6XyS2oLDWE-6F7JztRAtBz7K_lTBL name="Ana B'koach.pdf" ext=.pdf siblings=1 diff=[{"field":"normalizedName","was":"anabkoachpdf","now":"anabkoach"}]
RESTAMP   1YuXOp7krlxedG4OGIXmIDWv55LZNRIlL name="Niggun 3 part choral score.pdf" ext=.pdf siblings=2 diff=[{"field":"normalizedName","was":"niggun3partchoralscorepdf","now":"niggun3partchoralscore"}]
RESTAMP   1Z37pBaRXW45LQ551WSfMFzDHQ8jFYt0x name="The Great Aleinu (Bass).mp3" ext=.mp3 siblings=4 diff=[{"field":"normalizedName","was":"thegreataleinubassmp3","now":"thegreataleinubass"}]
RESTAMP   1ZPh6Ge2WUl21w2sL7gq0rf1q3396QL07 name="B'sefer Chayim - Full Score.pdf" ext=.pdf siblings=4 diff=[{"field":"normalizedName","was":"bseferchayimfullscorepdf","now":"bseferchayimfullscore"}]
RESTAMP   1Zj5951AvRUwUdE8FeBuqMj1u615u3q84 name="Hashkivenu (Randy).pdf" ext=.pdf siblings=3 diff=[{"field":"normalizedName","was":"hashkivenurandypdf","now":"hashkivenurandy"}]
RESTAMP   1ZuXxV8dAhfFRXaXaSk1zAbbp9yce8MwH name="CRC On Hold Klezmer.wav" ext=.wav siblings=1 diff=[{"field":"normalizedName","was":"crconholdklezmerwav","now":"crconholdklezmer"}]
RESTAMP   1ZvnGWrEAwXkF5RNAPJE1bjRx0vP5JSFH name="Los bilbilikos.pdf" ext=.pdf siblings=1 diff=[{"field":"normalizedName","was":"losbilbilikospdf","now":"losbilbilikos"}]
RESTAMP   1ZvsnHlvqAirjvpbWJ1FWAM2IgEuLbPOO name="Shalom Rav - Full Score.pdf" ext=.pdf siblings=6 diff=[{"field":"normalizedName","was":"shalomravfullscorepdf","now":"shalomravfullscore"}]
RESTAMP   1_AGMn2Ls4Eo15tDwC4vtrGeHvu4aoe8f name="Niggun_Alto.mp3" ext=.mp3 siblings=1 diff=[{"field":"normalizedName","was":"niggunaltomp3","now":"niggunalto"}]
RESTAMP   1_E1AIJH9j0I-jkESHlhKFN8ZGazdusFd name="El Dyo alto.pdf" ext=.pdf siblings=1 diff=[{"field":"normalizedName","was":"eldyoaltopdf","now":"eldyoalto"}]
RESTAMP   1_Gd8degQp-_CwXhYQM_jtxqRCtjdKvTi name="Avinu Malkeinu Janowski D minor Full Choir.mp3" ext=.mp3 siblings=1 diff=[{"field":"normalizedName","was":"avinumalkeinujanowskidminorfullchoirmp3","now":"avinumalkeinujanowskidminorfullchoir"}]
RESTAMP   1_O1lxgddm1zhWk2iL7xINC9evUx4zbzn name="Ve'imru amen - Full Score.pdf" ext=.pdf siblings=1 diff=[{"field":"normalizedName","was":"veimruamenfullscorepdf","now":"veimruamenfullscore"}]
RESTAMP   1av4wG0mTcKSjYTwKWbDoynvNrFdwSCrW name="Eitz Chayim and HashiVeinu - Full Score.pdf" ext=.pdf siblings=2 diff=[{"field":"normalizedName","was":"eitzchayimandhashiveinufullscorepdf","now":"eitzchayimandhashiveinufullscore"}]
RESTAMP   1b9n_WsSuXkjbAgYcnK1M9XVTHNOalKAq name="Barchu (Friedman).pdf" ext=.pdf siblings=8 diff=[{"field":"normalizedName","was":"barchufriedmanpdf","now":"barchufriedman"}]
RESTAMP   1bOTH11M28N7_c7avQGTYwzhhQlM2vKEK name="Aleinu Shur.pdf" ext=.pdf siblings=1 diff=[{"field":"normalizedName","was":"aleinushurpdf","now":"aleinushur"}]
RESTAMP   1bntK0UHLQmq_z1dNsek7Rwue_HNr4jNQ name="Hashkivenu.pdf" ext=.pdf siblings=3 diff=[{"field":"normalizedName","was":"hashkivenupdf","now":"hashkivenu"}]
RESTAMP   1cFzp0F-TbCdUFtjJwJ6yPCxQi9IIkpR7 name="Mah Tovu - Full Score.pdf" ext=.pdf siblings=4 diff=[{"field":"normalizedName","was":"mahtovufullscorepdf","now":"mahtovufullscore"}]
RESTAMP   1cGBg4BgdM5ZJ2HFQOMZv4mxzoJrAHNez name="Lecha dodi (Italian).pdf" ext=.pdf siblings=4 diff=[{"field":"normalizedName","was":"lechadodiitalianpdf","now":"lechadodiitalian"}]
RESTAMP   1cISCkDz9PYogPzoAH8nK0uOc92ItKORV name="Barchu Am I Awake leadsheet.pdf" ext=.pdf siblings=1 diff=[{"field":"normalizedName","was":"barchuamiawakeleadsheetpdf","now":"barchuamiawakeleadsheet"}]
RESTAMP   1cXHGyTKzQ3Dxgf2wBk4iTNTAgxKgZbtp name="Para Ti .pdf" ext=.pdf siblings=1 diff=[{"field":"normalizedName","was":"paratipdf","now":"parati"}]
RESTAMP   1c_8FuLAzM3S7TECBb4e1o11oUdoN8tlK name="Adonai s_fatai (chant).pdf" ext=.pdf siblings=1 diff=[{"field":"normalizedName","was":"adonaisfataichantpdf","now":"adonaisfataichant"}]
RESTAMP   1cqxulkFHUjA0-w6tmUwK6t4TnPgLWbpx name="V'Shamru (Old Skool).pdf" ext=.pdf siblings=6 diff=[{"field":"normalizedName","was":"vshamruoldskoolpdf","now":"vshamruoldskool"}]
RESTAMP   1czN_ywRWm2bnjIrnNVg7ad4RyynM_GcR name="Mizmor Shiru Ladonai.pdf" ext=.pdf siblings=2 diff=[{"field":"normalizedName","was":"mizmorshiruladonaipdf","now":"mizmorshiruladonai"}]
RESTAMP   1d-aXA4WzVjKYvCxAaVyezGgzRKlXs9y_ name="Mizmor Shiru Ladonai.mp3" ext=.mp3 siblings=2 diff=[{"field":"normalizedName","was":"mizmorshiruladonaimp3","now":"mizmorshiruladonai"}]
RESTAMP   1dAtZlJQ_3xbvfPLTG0F31Tbntid7d01W name="Avinu Malkeinu_traditional_Em_Alto.mp3" ext=.mp3 siblings=1 diff=[{"field":"normalizedName","was":"avinumalkeinutraditionalemaltomp3","now":"avinumalkeinutraditionalemalto"}]
RESTAMP   1dS-0aYsqxyxS5DIqs4iP521Obwgh7yLL name="Barechu_trad_Choir_C.pdf" ext=.pdf siblings=2 diff=[{"field":"normalizedName","was":"barechutradchoircpdf","now":"barechutradchoirc"}]
RESTAMP   1ds1Ql2M3Fb9LRX-k8tGxbixPHZ756WE0 name="Ahava raba.pdf" ext=.pdf siblings=2 diff=[{"field":"normalizedName","was":"ahavarabapdf","now":"ahavaraba"}]
RESTAMP   1dxdNC33CZDbruEYFwsyV44a4sWR0nx8x name="Barechu_trad_Tenor.mp3" ext=.mp3 siblings=1 diff=[{"field":"normalizedName","was":"barechutradtenormp3","now":"barechutradtenor"}]
RESTAMP   1e36kWrER7lDRLjCe1n_YGXlGKq15CMz2 name="Niggun - Full Score.pdf" ext=.pdf siblings=3 diff=[{"field":"normalizedName","was":"niggunfullscorepdf","now":"niggunfullscore"}]
RESTAMP   1eBRJoo2uNWzEG-Hu4kejU0GRPzVQdd1V name="C-Saw Niggun Score.pdf" ext=.pdf siblings=2 diff=[{"field":"normalizedName","was":"csawniggunscorepdf","now":"csawniggunscore"}]
RESTAMP   1ecPTYaPCPkHuqdZrPKFLVCQWgeCXPus6 name="Eitz Chayim (Old Skool).pdf" ext=.pdf siblings=6 diff=[{"field":"normalizedName","was":"eitzchayimoldskoolpdf","now":"eitzchayimoldskool"}]
RESTAMP   1edX7GlHavLu4fvYHkSg0HQ_ftYhfOMuK name="Benediction - Full Score.pdf" ext=.pdf siblings=2 diff=[{"field":"normalizedName","was":"benedictionfullscorepdf","now":"benedictionfullscore"}]
RESTAMP   1etxl5D1liZFHOAGfsReSt0gNtWXUpD_f name="Avinu Malkeinu_traditional_Em_Tenor.mp3" ext=.mp3 siblings=1 diff=[{"field":"normalizedName","was":"avinumalkeinutraditionalemtenormp3","now":"avinumalkeinutraditionalemtenor"}]
RESTAMP   1eyarxSuTHi7r-LedbgJ7jxG5cL4f8ukb name="Ma Tovu (CRC) 2.pdf" ext=.pdf siblings=2 diff=[{"field":"normalizedName","was":"matovucrc2pdf","now":"matovucrc2"}]
RESTAMP   1fDW83DxtZgoTEVABabdxi7lzopNx-Hnx name="Shalom alechem (Goldfarb).pdf" ext=.pdf siblings=2 diff=[{"field":"normalizedName","was":"shalomalechemgoldfarbpdf","now":"shalomalechemgoldfarb"}]
RESTAMP   1g-Czee2Cm5I_k4qtDQ86M3t7-9c3pHnW name="Kedusha in Am (Alto).mp3" ext=.mp3 siblings=3 diff=[{"field":"normalizedName","was":"kedushainamaltomp3","now":"kedushainamalto"}]
RESTAMP   1g1cnvJjQwoS9sudXMsEv-Psx7IiPjkAJ name="Unetaneh_Tokef_Alto.mp3" ext=.mp3 siblings=1 diff=[{"field":"normalizedName","was":"unetanehtokefaltomp3","now":"unetanehtokefalto"}]
RESTAMP   1gey19JRRH6b-sPmeeR2_vbP6conu0ZK_ name="Lecha Dodi > Erev Shel Shoshamim : yasmin U'smol.mp3" ext=.mp3 siblings=1 diff=[{"field":"normalizedName","was":"lechadodierevshelshoshamimyasminusmolmp3","now":"lechadodierevshelshoshamimyasminusmol"}]
RESTAMP   1gyFFxL0k_Gzmo0-y9vi6ieT1j0vtOznF name="Ve_Imru Amen Choir.pdf" ext=.pdf siblings=1 diff=[{"field":"normalizedName","was":"veimruamenchoirpdf","now":"veimruamenchoir"}]
RESTAMP   1h03XAsuq2FWWn_ZHRHvtQz1ZHfgZSi23 name="May The Memory Full Choir.mp3" ext=.mp3 siblings=1 diff=[{"field":"normalizedName","was":"maythememoryfullchoirmp3","now":"maythememoryfullchoir"}]
RESTAMP   1h2-nbJYTO7fVioa6uFwUwpyzH1d1bVce name="Mi chamocha (Moshav) morning.pdf" ext=.pdf siblings=3 diff=[{"field":"normalizedName","was":"michamochamoshavmorningpdf","now":"michamochamoshavmorning"}]
RESTAMP   1hBW82D0waHKgB4DA53rCcd4WGV5u9LQw name="Ve_Imru Amen-Alto.mp3" ext=.mp3 siblings=1 diff=[{"field":"normalizedName","was":"veimruamenaltomp3","now":"veimruamenalto"}]
RESTAMP   1hkeXYm-kJMBbhHKAnGWWr5AWAF54X-o- name="Ma_navu_alei.pdf" ext=.pdf siblings=1 diff=[{"field":"normalizedName","was":"manavualeipdf","now":"manavualei"}]
RESTAMP   1i3jy2Co3gNHsnzDXyEvrLpE249lD-KhS name="Bar'chu Walkdown.pdf" ext=.pdf siblings=3 diff=[{"field":"normalizedName","was":"barchuwalkdownpdf","now":"barchuwalkdown"}]
RESTAMP   1iZJWnsukROkqmZ_uSnDFl1Z5dsRcgWDG name="May The Memory Soprano.mp3" ext=.mp3 siblings=1 diff=[{"field":"normalizedName","was":"maythememorysopranomp3","now":"maythememorysoprano"}]
RESTAMP   1ioTLwHfdaDXQu7z2aHwOBhqqYplcWkhI name="Lecha Dodi Erev Shel Shoshanim.pdf" ext=.pdf siblings=1 diff=[{"field":"normalizedName","was":"lechadodierevshelshoshanimpdf","now":"lechadodierevshelshoshanim"}]
RESTAMP   1j0vPyAIniwYKOh3mdo7Tly4WwugWuKLw name="Avodah.pdf" ext=.pdf siblings=1 diff=[{"field":"normalizedName","was":"avodahpdf","now":"avodah"}]
RESTAMP   1j9UHSajBGbP_YLqrHygy6Tv3PkvSD_tu name="Berosh Hashanah Yikateivun - Full Score.pdf" ext=.pdf siblings=2 diff=[{"field":"normalizedName","was":"beroshhashanahyikateivunfullscorepdf","now":"beroshhashanahyikateivunfullscore"}]
RESTAMP   1jQoHlG412NCbvMhk8yJbR8RKBPm0Mi4r name="Pitchu_Li.pdf" ext=.pdf siblings=3 diff=[{"field":"normalizedName","was":"pitchulipdf","now":"pitchuli"}]
RESTAMP   1jgs72zwhfEvqsqeeCFMw8Th7Zsk0mVJj name="Lechu Goldman.pdf" ext=.pdf siblings=1 diff=[{"field":"normalizedName","was":"lechugoldmanpdf","now":"lechugoldman"}]
RESTAMP   1jiX9o2PFj6fGb-qDC5Uw5EtOTOnydzWh name="Kedusha Em.pdf" ext=.pdf siblings=1 diff=[{"field":"normalizedName","was":"kedushaempdf","now":"kedushaem"}]
RESTAMP   1k9hNIPVwvf4kf_WdYj7RlfJVbi5ElgIT name="The Great Aleinu (Lewandowski) Choir.pdf" ext=.pdf siblings=1 diff=[{"field":"normalizedName","was":"thegreataleinulewandowskichoirpdf","now":"thegreataleinulewandowskichoir"}]
RESTAMP   1lhfSuwVN0-QmiaXm-nVQBlgIOX3bGkby name="Psukei d_zimrah.pdf" ext=.pdf siblings=1 diff=[{"field":"normalizedName","was":"psukeidzimrahpdf","now":"psukeidzimrah"}]
RESTAMP   1ljIZkOUyUrFE3Djvv1j0-WnWcziorwyV name="L'chai Olamim - Full Score (1).pdf" ext=.pdf siblings=2 diff=[{"field":"normalizedName","was":"lchaiolamimfullscore1pdf","now":"lchaiolamimfullscore1"}]
RESTAMP   1m9IrT8SHyVU9nM5jbYXVMu75EG0Mo1a4 name="Esa Einai - Full Score.pdf" ext=.pdf siblings=3 diff=[{"field":"normalizedName","was":"esaeinaifullscorepdf","now":"esaeinaifullscore"}]
RESTAMP   1mFyejfhYBYxLacZWcCuPgBpI006BjqV7 name="dodi li (sher).png" ext=.png siblings=6 diff=[{"field":"normalizedName","was":"dodilisherpng","now":"dodilisher"}]
RESTAMP   1mKr3bKOxholt8isagwFgD8lglX2YykIa name="Aleinu Shur melody (high voice).mp3" ext=.mp3 siblings=2 diff=[{"field":"normalizedName","was":"aleinushurmelodyhighvoicemp3","now":"aleinushurmelodyhighvoice"}]
RESTAMP   1monkKpBnbwh6YO6FAKBIQmD4vGqzbyIZ name="The Great Aleinu (Tenor).mp3" ext=.mp3 siblings=4 diff=[{"field":"normalizedName","was":"thegreataleinutenormp3","now":"thegreataleinutenor"}]
RESTAMP   1n8ur933csmrxPJYKZn2cFtFNwRac7PWZ name="Avinu Shebashamayim.pdf" ext=.pdf siblings=2 diff=[{"field":"normalizedName","was":"avinushebashamayimpdf","now":"avinushebashamayim"}]
RESTAMP   1nAEsEgzHIU3T9Ym9kJpBxJylWWqa_vnK name="Barechu_trad_Alto.mp3" ext=.mp3 siblings=1 diff=[{"field":"normalizedName","was":"barechutradaltomp3","now":"barechutradalto"}]
RESTAMP   1nM6XI_TvFX85mZe3el19-g6TYXZ5KwtE name="Shalom Rav.pdf" ext=.pdf siblings=6 diff=[{"field":"normalizedName","was":"shalomravpdf","now":"shalomrav"}]
RESTAMP   1nmHWbmh67h4YF8QVTz8hofgrP-4WTL3a name="Veshameru - Full Score.pdf" ext=.pdf siblings=2 diff=[{"field":"normalizedName","was":"veshamerufullscorepdf","now":"veshamerufullscore"}]
RESTAMP   1oOys8D12_uDOG_2vcssAq8k5PLf4ZhBQ name="Mi chamocha (Moshav) morning.pdf" ext=.pdf siblings=3 diff=[{"field":"normalizedName","was":"michamochamoshavmorningpdf","now":"michamochamoshavmorning"}]
RESTAMP   1odYJKS1JLzDVVVbuHRV4oIw-gAAVDqFT name="Ve_Imru Amen-Soprano.mp3" ext=.mp3 siblings=1 diff=[{"field":"normalizedName","was":"veimruamensopranomp3","now":"veimruamensoprano"}]
RESTAMP   1orCw2GbmC7QzDFQnNeK1hyA83Kh9B6XR name="Oseh shalom (camp).pdf" ext=.pdf siblings=12 diff=[{"field":"normalizedName","was":"osehshalomcamppdf","now":"osehshalomcamp"}]
RESTAMP   1p32ui1nyleLqmLU0On2pkOQSUlgJRUEE name="Yedid Nefesh.pdf" ext=.pdf siblings=2 diff=[{"field":"normalizedName","was":"yedidnefeshpdf","now":"yedidnefesh"}]
RESTAMP   1pFGvjKzoeCIj6CJuk6vFkYkUbV4I5zam name="May The Memory Alto.mp3" ext=.mp3 siblings=1 diff=[{"field":"normalizedName","was":"maythememoryaltomp3","now":"maythememoryalto"}]
RESTAMP   1pToiRfD44ioU26hX8u8c3eayNYc6KOMb name="Mi Chamocha Ana B'Koach.pdf" ext=.pdf siblings=1 diff=[{"field":"normalizedName","was":"michamochaanabkoachpdf","now":"michamochaanabkoach"}]
RESTAMP   1pu2JsvkgVnzmQ4CJySUd7PSm7F0yEd_x name="Mizmor leDavid.pdf" ext=.pdf siblings=1 diff=[{"field":"normalizedName","was":"mizmorledavidpdf","now":"mizmorledavid"}]
RESTAMP   1q8kGn48kh9CXdJPmm4i6g_wx67Zl8GHB name="Avodah Ritzei - Full Score.pdf" ext=.pdf siblings=2 diff=[{"field":"normalizedName","was":"avodahritzeifullscorepdf","now":"avodahritzeifullscore"}]
RESTAMP   1qAWeiH9_0eeXaseL0e-dMxDDwpBvO6xx name="Barechu_trad_Cantor + Choir.mp3" ext=.mp3 siblings=1 diff=[{"field":"normalizedName","was":"barechutradcantorchoirmp3","now":"barechutradcantorchoir"}]
RESTAMP   1qHPm7jPm6uqwBzm5MMy3ypdQZwzmAh4k name="Achot ketana.pdf" ext=.pdf siblings=2 diff=[{"field":"normalizedName","was":"achotketanapdf","now":"achotketana"}]
RESTAMP   1qTDacSD6J12oeEMg22KueDQgwMm8EeVJ name="Unetaneh_Tokef_Tenor.mp3" ext=.mp3 siblings=1 diff=[{"field":"normalizedName","was":"unetanehtokeftenormp3","now":"unetanehtokeftenor"}]
RESTAMP   1qdX4_IHvHKX5sKfaHRo6sU4vymTmE12d name="Barchu - Full Score.pdf" ext=.pdf siblings=8 diff=[{"field":"normalizedName","was":"barchufullscorepdf","now":"barchufullscore"}]
RESTAMP   1qlfMKLD6qrr98JUmoeBJHRE5I0-FsIRp name="Sim Shalom.mp3" ext=.mp3 siblings=9 diff=[{"field":"normalizedName","was":"simshalommp3","now":"simshalom"}]
RESTAMP   1r2GLfKEj0PZSPn0XbPO9sXfmzhJfcRTu name="V_shamru_(trad).pdf" ext=.pdf siblings=2 diff=[{"field":"normalizedName","was":"vshamrutradpdf","now":"vshamrutrad"}]
RESTAMP   1r2V2tJnZauBVhuiDC2zjLLb3iyhAw8Nj name="Mi shebeirach.pdf" ext=.pdf siblings=9 diff=[{"field":"normalizedName","was":"mishebeirachpdf","now":"mishebeirach"}]
RESTAMP   1r6EerKdaIfJmaS4kdwLNA5rWeSnF56uk name="Avinu Malkeinu_trad_Choir_Em.pdf" ext=.pdf siblings=2 diff=[{"field":"normalizedName","was":"avinumalkeinutradchoirempdf","now":"avinumalkeinutradchoirem"}]
RESTAMP   1rmnciu0PVh2pL6GQkuJBasmEZzHgK5b4 name="Bar'chu Walkdown.pdf" ext=.pdf siblings=3 diff=[{"field":"normalizedName","was":"barchuwalkdownpdf","now":"barchuwalkdown"}]
RESTAMP   1rmxBzOdjhutYWB_HGxuCJnBR8ieSu--_ name="Ve'al kulam - Full Score.pdf" ext=.pdf siblings=2 diff=[{"field":"normalizedName","was":"vealkulamfullscorepdf","now":"vealkulamfullscore"}]
RESTAMP   1sNPYY73-mI4XBfASJBoHaTwxQH3IHr50 name="Eitz chayim - Weisenberg.pdf" ext=.pdf siblings=6 diff=[{"field":"normalizedName","was":"eitzchayimweisenbergpdf","now":"eitzchayimweisenberg"}]
RESTAMP   1sRzRHytARhFFrlAqJUtDDH25YhuZZ792 name="Yotzeir or - Klepper.pdf" ext=.pdf siblings=1 diff=[{"field":"normalizedName","was":"yotzeirorklepperpdf","now":"yotzeirorklepper"}]
RESTAMP   1sv7fGYEciwW6XbS10f3XKOE31iytS9hB name="Refa Tziri.pdf" ext=.pdf siblings=3 diff=[{"field":"normalizedName","was":"refatziripdf","now":"refatziri"}]
RESTAMP   1t120h-tSRphOOwemf0tu5_j2j58ErazM name="Unetaneh_Tokef 4 parts.pdf" ext=.pdf siblings=2 diff=[{"field":"normalizedName","was":"unetanehtokef4partspdf","now":"unetanehtokef4parts"}]
RESTAMP   1t7fPtGbxIVUUaskwynvKjMYactKDbvGq name="Modeh ani - Klepper.pdf" ext=.pdf siblings=4 diff=[{"field":"normalizedName","was":"modehaniklepperpdf","now":"modehaniklepper"}]
RESTAMP   1tIet97g6zgIt-uCu-HrBRcj1tmXj_6ep name="B'sefer chayim.pdf" ext=.pdf siblings=4 diff=[{"field":"normalizedName","was":"bseferchayimpdf","now":"bseferchayim"}]
RESTAMP   1tLxE6aG8TOuLAtv3DCcuPKSRQUa_Nz7_ name="Kedusha in Am SAB with solo.pdf" ext=.pdf siblings=1 diff=[{"field":"normalizedName","was":"kedushainamsabwithsolopdf","now":"kedushainamsabwithsolo"}]
RESTAMP   1tRHJFJSq99c1SuWZBOJCjbLyFHhIPYWO name="The Great Aleinu (Soprano).mp3" ext=.mp3 siblings=4 diff=[{"field":"normalizedName","was":"thegreataleinusopranomp3","now":"thegreataleinusoprano"}]
RESTAMP   1tYtW5qo5iOuytY9GflbwCQjWerjaov4b name="Avinu Malkeinu Janowski D minor (Soprano).mp3" ext=.mp3 siblings=4 diff=[{"field":"normalizedName","was":"avinumalkeinujanowskidminorsopranomp3","now":"avinumalkeinujanowskidminorsoprano"}]
RESTAMP   1u0I8PCz1MQ_RLCN-6Kw0-JlF0R0Nm40R name="Eil Malei Rachamim.pdf" ext=.pdf siblings=1 diff=[{"field":"normalizedName","was":"eilmaleirachamimpdf","now":"eilmaleirachamim"}]
RESTAMP   1u2g0w4OLjbL5JfjACyL_3kDzUZpaGjng name="Oseh shalom - Nava tehila.pdf" ext=.pdf siblings=12 diff=[{"field":"normalizedName","was":"osehshalomnavatehilapdf","now":"osehshalomnavatehila"}]
RESTAMP   1ut9fS0F6yHsKvgaAzkNXqDSshHjjesN- name="Mi Shebeirach - Full Score.pdf" ext=.pdf siblings=9 diff=[{"field":"normalizedName","was":"mishebeirachfullscorepdf","now":"mishebeirachfullscore"}]
RESTAMP   1v1aFYuQ57HHoILQWcT_rtv3zhMWq2IR9 name="Barechu_trad_Choir_C.pdf" ext=.pdf siblings=2 diff=[{"field":"normalizedName","was":"barechutradchoircpdf","now":"barechutradchoirc"}]
RESTAMP   1v6a8TfMdNjaz-HzGPnVmOB-BI3u0q_zz name="V_shamru_(trad).pdf" ext=.pdf siblings=2 diff=[{"field":"normalizedName","was":"vshamrutradpdf","now":"vshamrutrad"}]
RESTAMP   1vY2cfQMn1-QgtslbQZaCYc8JNZkX0g1s name="Elohai Neshama .mp3" ext=.mp3 siblings=2 diff=[{"field":"normalizedName","was":"elohaineshamamp3","now":"elohaineshama"}]
RESTAMP   1w1cwgilpMxe-KGQCDOc7RjoyaS91hgTI name="Come Healing - Full Score.pdf" ext=.pdf siblings=2 diff=[{"field":"normalizedName","was":"comehealingfullscorepdf","now":"comehealingfullscore"}]
RESTAMP   1w6SuGzU6pTpzMk-hGdfsq6dDEJSxivoH name="C-Saw Niggun Score.pdf" ext=.pdf siblings=2 diff=[{"field":"normalizedName","was":"csawniggunscorepdf","now":"csawniggunscore"}]
RESTAMP   1wHijjyvHroSV_Z_wClVprppEpBYIUAsa name="kolnidre_intro.m4a" ext=.m4a siblings=1 diff=[{"field":"normalizedName","was":"kolnidreintrom4a","now":"kolnidreintro"}]
RESTAMP   1wKn6KPXBRQpLV6USzU5vP_qd53tT9Aa1 name="Barchu (Siegel).pdf" ext=.pdf siblings=8 diff=[{"field":"normalizedName","was":"barchusiegelpdf","now":"barchusiegel"}]
RESTAMP   1wNTlj3sB2Z3Zra7jhYlniuGcHpxnuEWk name="Oseh shalom (camp).pdf" ext=.pdf siblings=12 diff=[{"field":"normalizedName","was":"osehshalomcamppdf","now":"osehshalomcamp"}]
RESTAMP   1wzz1eOblUC0tOTnJZh_JAarpeRdZ0oPq name="Lecha dodi (Nava -led).wav" ext=.wav siblings=4 diff=[{"field":"normalizedName","was":"lechadodinavaledwav","now":"lechadodinavaled"}]
RESTAMP   1xGM06NwCC3Nk4ZdiFZz6hYI9yR-fNvEw name="Mi Chamocha (compact).pdf" ext=.pdf siblings=5 diff=[{"field":"normalizedName","was":"michamochacompactpdf","now":"michamochacompact"}]
RESTAMP   1xYt6Mp1Ica-2C_VYS2mw_cfhxo3dMkg_ name="twilight.pdf" ext=.pdf siblings=2 diff=[{"field":"normalizedName","was":"twilightpdf","now":"twilight"}]
RESTAMP   1yEIuuAPUvE0vAcM__QucJZgdJKpR0Nt2 name="Bryn Tunes - Mi Shebarach, Sim Shalom.mp3" ext=.mp3 siblings=1 diff=[{"field":"normalizedName","was":"bryntunesmishebarachsimshalommp3","now":"bryntunesmishebarachsimshalom"}]
RESTAMP   1yJjdDZ1ivU0if-T-d_uCYkH1rEIH-xs3 name="Mizmor l_David D.pdf" ext=.pdf siblings=2 diff=[{"field":"normalizedName","was":"mizmorldaviddpdf","now":"mizmorldavidd"}]
RESTAMP   1yLSZnOX9RKJKliQpNvJ78yWhzJ51jLNW name="Kedusha Am.pdf" ext=.pdf siblings=1 diff=[{"field":"normalizedName","was":"kedushaampdf","now":"kedushaam"}]

=== Summary ===
  mode:                 apply
  scanned:              625
  candidates:           625
  alreadyStamped:       384
  restamped:            241
  writeErrors:          0
  skippedIncomplete:    0
  skippedOrphaned:      0
  skippedNoName:        0
  driftFraction:        0.3856
  extensionHisto:       {".pdf":174,".mp3":60,".wav":4,".png":2,".m4a":1}
  mismatchedFieldHisto: {"normalizedName":241}
