07478587-664a-4153-8a82-c35364f4ec12
  name="Hodu (Silver).pdf"  siblings=2
  stored:    stem="hodu" ts=0.5 nameLower="hodu (silver).pdf" normalizedName="hodusilver"
  recompute: stem="hodu" ts=0.5 nameLower="hodu (silver).pdf" normalizedName="hodusilverpdf"
  match:     stem=true ts=true nameLower=true
  ★ normalizedName divergence: YES — historical preserved (Path A working as intended)

012dd661-f451-444c-88fb-11d589028908
  name="T'Filat Haderech (Friedman).pdf"  siblings=1
  stored:    stem="t'filat haderech" ts=1 nameLower="t'filat haderech (friedman).pdf" normalizedName="tfilathaderechfriedman"
  recompute: stem="t'filat haderech" ts=1 nameLower="t'filat haderech (friedman).pdf" normalizedName="tfilathaderechfriedmanpdf"
  match:     stem=true ts=true nameLower=true
  ★ normalizedName divergence: YES — historical preserved (Path A working as intended)

upload-046649f0-1c68-4586-b021-964bb84c3228
  name="Barchu Walkdown"  siblings=1
  stored:    stem="barchu walkdown" ts=0.7 nameLower="barchu walkdown" normalizedName="barchuwalkdown"
  recompute: stem="barchu walkdown" ts=0.7 nameLower="barchu walkdown" normalizedName="barchuwalkdown"
  match:     stem=true ts=true nameLower=true
  ★ normalizedName divergence: no — already aligned

upload-0e1c11d4-a798-4cfa-82b6-18e6547f897f
  name="Nigun # 5"  siblings=2
  stored:    stem="nigun 5" ts=0.3 nameLower="nigun # 5" normalizedName="nigun5"
  recompute: stem="nigun 5" ts=0.3 nameLower="nigun # 5" normalizedName="nigun5"
  match:     stem=true ts=true nameLower=true
  ★ normalizedName divergence: no — already aligned

upload-11a3e3a1-a0ac-4a12-8bc7-f33c7aa30716
  name="Dodi Li"  siblings=6
  stored:    stem="dodi li" ts=0.3 nameLower="dodi li" normalizedName="dodili"
  recompute: stem="dodi li" ts=0.3 nameLower="dodi li" normalizedName="dodili"
  match:     stem=true ts=true nameLower=true
  ★ normalizedName divergence: no — already aligned

