
Running 6 tests using 1 worker

(node:14712) Warning: Failed to load the ES module: C:\Users\dsbog\CentralReform.live\sheet-music-app-wake-lock-fix\e2e\helpers\auth.ts. Make sure to set "type": "module" in the nearest package.json file or use the .mjs extension.
(Use `node --trace-warnings ...` to show where the warning was created)
  ✘  1 [ipad-webkit] › e2e\_wake-lock-probe.spec.ts:299:13 › wake-lock probe 5 — addInitScript shim (vs page.evaluate shim) › addInitScript-shim iteration 0 (333ms)
(node:27472) Warning: Failed to load the ES module: C:\Users\dsbog\CentralReform.live\sheet-music-app-wake-lock-fix\e2e\helpers\auth.ts. Make sure to set "type": "module" in the nearest package.json file or use the .mjs extension.
(Use `node --trace-warnings ...` to show where the warning was created)
  ✘  2 [ipad-webkit] › e2e\_wake-lock-probe.spec.ts:299:13 › wake-lock probe 5 — addInitScript shim (vs page.evaluate shim) › addInitScript-shim iteration 1 (288ms)
(node:47268) Warning: Failed to load the ES module: C:\Users\dsbog\CentralReform.live\sheet-music-app-wake-lock-fix\e2e\helpers\auth.ts. Make sure to set "type": "module" in the nearest package.json file or use the .mjs extension.
(Use `node --trace-warnings ...` to show where the warning was created)
  ✘  3 [ipad-webkit] › e2e\_wake-lock-probe.spec.ts:299:13 › wake-lock probe 5 — addInitScript shim (vs page.evaluate shim) › addInitScript-shim iteration 2 (282ms)
(node:42760) Warning: Failed to load the ES module: C:\Users\dsbog\CentralReform.live\sheet-music-app-wake-lock-fix\e2e\helpers\auth.ts. Make sure to set "type": "module" in the nearest package.json file or use the .mjs extension.
(Use `node --trace-warnings ...` to show where the warning was created)
  ✘  4 [ipad-webkit] › e2e\_wake-lock-probe.spec.ts:299:13 › wake-lock probe 5 — addInitScript shim (vs page.evaluate shim) › addInitScript-shim iteration 3 (253ms)
(node:55344) Warning: Failed to load the ES module: C:\Users\dsbog\CentralReform.live\sheet-music-app-wake-lock-fix\e2e\helpers\auth.ts. Make sure to set "type": "module" in the nearest package.json file or use the .mjs extension.
(Use `node --trace-warnings ...` to show where the warning was created)
  ✘  5 [ipad-webkit] › e2e\_wake-lock-probe.spec.ts:299:13 › wake-lock probe 5 — addInitScript shim (vs page.evaluate shim) › addInitScript-shim iteration 4 (276ms)
(node:43540) Warning: Failed to load the ES module: C:\Users\dsbog\CentralReform.live\sheet-music-app-wake-lock-fix\e2e\helpers\auth.ts. Make sure to set "type": "module" in the nearest package.json file or use the .mjs extension.
(Use `node --trace-warnings ...` to show where the warning was created)
  ✘  6 [ipad-webkit] › e2e\_wake-lock-probe.spec.ts:299:13 › wake-lock probe 5 — addInitScript shim (vs page.evaluate shim) › addInitScript-shim iteration 5 (281ms)


  1) [ipad-webkit] › e2e\_wake-lock-probe.spec.ts:299:13 › wake-lock probe 5 — addInitScript shim (vs page.evaluate shim) › addInitScript-shim iteration 0 

    SyntaxError: Cannot use import statement outside a module

      300 |             if (!baseURL) throw new Error('PLAYWRIGHT_BASE_URL must be set')
      301 |             const bearer = process.env.MCP_BEARER ?? ''
    > 302 |             const { mintTestAccount, loginAsTestUser, signInWebSdk } = await import('./helpers/auth')
          |                                                                        ^
      303 |             const { seedPublishedSetlist, findCuratedPdf } = await import('./helpers/seed')
      304 |
      305 |             // Install shim BEFORE any page script runs. Persists across navigations.
        at C:\Users\dsbog\CentralReform.live\sheet-music-app-wake-lock-fix\e2e\_wake-lock-probe.spec.ts:302:72

    attachment #1: screenshot (image/png) ──────────────────────────────────────────────────────────
    test-results\_wake-lock-probe-wake-lock-3fd85-InitScript-shim-iteration-0-ipad-webkit\test-failed-1.png
    ────────────────────────────────────────────────────────────────────────────────────────────────

  2) [ipad-webkit] › e2e\_wake-lock-probe.spec.ts:299:13 › wake-lock probe 5 — addInitScript shim (vs page.evaluate shim) › addInitScript-shim iteration 1 

    SyntaxError: Cannot use import statement outside a module

      300 |             if (!baseURL) throw new Error('PLAYWRIGHT_BASE_URL must be set')
      301 |             const bearer = process.env.MCP_BEARER ?? ''
    > 302 |             const { mintTestAccount, loginAsTestUser, signInWebSdk } = await import('./helpers/auth')
          |                                                                        ^
      303 |             const { seedPublishedSetlist, findCuratedPdf } = await import('./helpers/seed')
      304 |
      305 |             // Install shim BEFORE any page script runs. Persists across navigations.
        at C:\Users\dsbog\CentralReform.live\sheet-music-app-wake-lock-fix\e2e\_wake-lock-probe.spec.ts:302:72

    attachment #1: screenshot (image/png) ──────────────────────────────────────────────────────────
    test-results\_wake-lock-probe-wake-lock-f7f92-InitScript-shim-iteration-1-ipad-webkit\test-failed-1.png
    ────────────────────────────────────────────────────────────────────────────────────────────────

  3) [ipad-webkit] › e2e\_wake-lock-probe.spec.ts:299:13 › wake-lock probe 5 — addInitScript shim (vs page.evaluate shim) › addInitScript-shim iteration 2 

    SyntaxError: Cannot use import statement outside a module

      300 |             if (!baseURL) throw new Error('PLAYWRIGHT_BASE_URL must be set')
      301 |             const bearer = process.env.MCP_BEARER ?? ''
    > 302 |             const { mintTestAccount, loginAsTestUser, signInWebSdk } = await import('./helpers/auth')
          |                                                                        ^
      303 |             const { seedPublishedSetlist, findCuratedPdf } = await import('./helpers/seed')
      304 |
      305 |             // Install shim BEFORE any page script runs. Persists across navigations.
        at C:\Users\dsbog\CentralReform.live\sheet-music-app-wake-lock-fix\e2e\_wake-lock-probe.spec.ts:302:72

    attachment #1: screenshot (image/png) ──────────────────────────────────────────────────────────
    test-results\_wake-lock-probe-wake-lock-ab4b5-InitScript-shim-iteration-2-ipad-webkit\test-failed-1.png
    ────────────────────────────────────────────────────────────────────────────────────────────────

  4) [ipad-webkit] › e2e\_wake-lock-probe.spec.ts:299:13 › wake-lock probe 5 — addInitScript shim (vs page.evaluate shim) › addInitScript-shim iteration 3 

    SyntaxError: Cannot use import statement outside a module

      300 |             if (!baseURL) throw new Error('PLAYWRIGHT_BASE_URL must be set')
      301 |             const bearer = process.env.MCP_BEARER ?? ''
    > 302 |             const { mintTestAccount, loginAsTestUser, signInWebSdk } = await import('./helpers/auth')
          |                                                                        ^
      303 |             const { seedPublishedSetlist, findCuratedPdf } = await import('./helpers/seed')
      304 |
      305 |             // Install shim BEFORE any page script runs. Persists across navigations.
        at C:\Users\dsbog\CentralReform.live\sheet-music-app-wake-lock-fix\e2e\_wake-lock-probe.spec.ts:302:72

    attachment #1: screenshot (image/png) ──────────────────────────────────────────────────────────
    test-results\_wake-lock-probe-wake-lock-c87e9-InitScript-shim-iteration-3-ipad-webkit\test-failed-1.png
    ────────────────────────────────────────────────────────────────────────────────────────────────

  5) [ipad-webkit] › e2e\_wake-lock-probe.spec.ts:299:13 › wake-lock probe 5 — addInitScript shim (vs page.evaluate shim) › addInitScript-shim iteration 4 

    SyntaxError: Cannot use import statement outside a module

      300 |             if (!baseURL) throw new Error('PLAYWRIGHT_BASE_URL must be set')
      301 |             const bearer = process.env.MCP_BEARER ?? ''
    > 302 |             const { mintTestAccount, loginAsTestUser, signInWebSdk } = await import('./helpers/auth')
          |                                                                        ^
      303 |             const { seedPublishedSetlist, findCuratedPdf } = await import('./helpers/seed')
      304 |
      305 |             // Install shim BEFORE any page script runs. Persists across navigations.
        at C:\Users\dsbog\CentralReform.live\sheet-music-app-wake-lock-fix\e2e\_wake-lock-probe.spec.ts:302:72

    attachment #1: screenshot (image/png) ──────────────────────────────────────────────────────────
    test-results\_wake-lock-probe-wake-lock-0755a-InitScript-shim-iteration-4-ipad-webkit\test-failed-1.png
    ────────────────────────────────────────────────────────────────────────────────────────────────

  6) [ipad-webkit] › e2e\_wake-lock-probe.spec.ts:299:13 › wake-lock probe 5 — addInitScript shim (vs page.evaluate shim) › addInitScript-shim iteration 5 

    SyntaxError: Cannot use import statement outside a module

      300 |             if (!baseURL) throw new Error('PLAYWRIGHT_BASE_URL must be set')
      301 |             const bearer = process.env.MCP_BEARER ?? ''
    > 302 |             const { mintTestAccount, loginAsTestUser, signInWebSdk } = await import('./helpers/auth')
          |                                                                        ^
      303 |             const { seedPublishedSetlist, findCuratedPdf } = await import('./helpers/seed')
      304 |
      305 |             // Install shim BEFORE any page script runs. Persists across navigations.
        at C:\Users\dsbog\CentralReform.live\sheet-music-app-wake-lock-fix\e2e\_wake-lock-probe.spec.ts:302:72

    attachment #1: screenshot (image/png) ──────────────────────────────────────────────────────────
    test-results\_wake-lock-probe-wake-lock-4aea5-InitScript-shim-iteration-5-ipad-webkit\test-failed-1.png
    ────────────────────────────────────────────────────────────────────────────────────────────────

  6 failed
    [ipad-webkit] › e2e\_wake-lock-probe.spec.ts:299:13 › wake-lock probe 5 — addInitScript shim (vs page.evaluate shim) › addInitScript-shim iteration 0 
    [ipad-webkit] › e2e\_wake-lock-probe.spec.ts:299:13 › wake-lock probe 5 — addInitScript shim (vs page.evaluate shim) › addInitScript-shim iteration 1 
    [ipad-webkit] › e2e\_wake-lock-probe.spec.ts:299:13 › wake-lock probe 5 — addInitScript shim (vs page.evaluate shim) › addInitScript-shim iteration 2 
    [ipad-webkit] › e2e\_wake-lock-probe.spec.ts:299:13 › wake-lock probe 5 — addInitScript shim (vs page.evaluate shim) › addInitScript-shim iteration 3 
    [ipad-webkit] › e2e\_wake-lock-probe.spec.ts:299:13 › wake-lock probe 5 — addInitScript shim (vs page.evaluate shim) › addInitScript-shim iteration 4 
    [ipad-webkit] › e2e\_wake-lock-probe.spec.ts:299:13 › wake-lock probe 5 — addInitScript shim (vs page.evaluate shim) › addInitScript-shim iteration 5 
