
Running 1 test using 1 worker

PROBE OUT:
{
  "wakeLockExists": true,
  "wakeLockType": "object",
  "wakeLockNull": false,
  "wakeLockUndef": false,
  "wakeLockSameObject": true,
  "ownDescBeforeAssign": null,
  "protoDescBeforeAssign": {
    "writable": true,
    "configurable": true,
    "enumerable": true,
    "hasValue": true,
    "hasGetter": false
  },
  "protoCtorName": "WakeLock",
  "originalRequestStr": "function request() {\n    [native code]\n}",
  "assignError": null,
  "ownDescAfterAssign": {
    "writable": true,
    "configurable": true,
    "enumerable": true,
    "hasValue": true,
    "hasGetter": false
  },
  "postAssignRequestStr": "async type => {\n        return realRequest(type);\n      }",
  "shimStuck": true,
  "strictAssignError": null,
  "strictProtoDesc": {
    "writable": true,
    "configurable": true,
    "hasValue": true,
    "hasGetter": false
  }
}
  ✓  1 [ipad-webkit] › e2e\_wake-lock-probe.spec.ts:13:5 › wake-lock probe — WebKit property descriptor + shim persistence (2.8s)

  1 passed (1.4m)
