# backfill-drive-id-on-library-index.mjs — mode=DRY-RUN
# project=crcmusiccharts
# started=2026-05-25T17:05:48.004Z

Phase 1: enumerated 625 library_index rows

STAMP     1-7s6O5YGk5noWiVhtktHwpr7SHOq8_09 -> driveFileId="1-7s6O5YGk5noWiVhtktHwpr7SHOq8_09"
STAMP     1-GuL3x3yXCj4CpUieKyqriSYLIewYBW8 -> driveFileId="1-GuL3x3yXCj4CpUieKyqriSYLIewYBW8"
STAMP     1-NNEkYLm4R7PJ7ttd1HVVQ55FYqps5fT -> driveFileId="1-NNEkYLm4R7PJ7ttd1HVVQ55FYqps5fT"
STAMP     1-aabMnNguIMwqICh3Yd5OOESSsX1YD1H -> driveFileId="1-aabMnNguIMwqICh3Yd5OOESSsX1YD1H"
STAMP     1-nZdkk3WmzecIti5rgOKG5Km7kditRSP -> driveFileId="1-nZdkk3WmzecIti5rgOKG5Km7kditRSP"
STAMP     1-utmHPjawkoiudZ9pjm5fLMCBoSDLgUU -> driveFileId="1-utmHPjawkoiudZ9pjm5fLMCBoSDLgUU"
STAMP     109L_MNigAZlIcxOJDVGu-mR1cPEWVDvH -> driveFileId="109L_MNigAZlIcxOJDVGu-mR1cPEWVDvH"
STAMP     10K2pRG64Mph8DzVOw11I2Pvxsg3LxCLf -> driveFileId="10K2pRG64Mph8DzVOw11I2Pvxsg3LxCLf"
STAMP     10_OkoTpn-27dVH3IEwtJXeC3L4rJsSs0 -> driveFileId="10_OkoTpn-27dVH3IEwtJXeC3L4rJsSs0"
STAMP     10f54MTtUltfX4lm7YcxoV9MeXxtDXUWZ -> driveFileId="10f54MTtUltfX4lm7YcxoV9MeXxtDXUWZ"
STAMP     10i20SEfzKTvGJ5tqWfPScip78eXszCHH -> driveFileId="10i20SEfzKTvGJ5tqWfPScip78eXszCHH"
STAMP     10z53rDn8ZRw_m5esW54nbxBEjPTNIjp5 -> driveFileId="10z53rDn8ZRw_m5esW54nbxBEjPTNIjp5"
STAMP     113D2wnFt1K9Vqgmp5pFn8wK6lnLEFwRL -> driveFileId="113D2wnFt1K9Vqgmp5pFn8wK6lnLEFwRL"
STAMP     11985wRgE09raY4usgF5Y6lIErTyoKKch -> driveFileId="11985wRgE09raY4usgF5Y6lIErTyoKKch"
STAMP     11bYBh-IiVb4eUxFythxUBdhfmbfZCiHY -> driveFileId="11bYBh-IiVb4eUxFythxUBdhfmbfZCiHY"
STAMP     11hnNdTgFcqqmK1ExZYEeM3HqqHLfC28y -> driveFileId="11hnNdTgFcqqmK1ExZYEeM3HqqHLfC28y"
STAMP     11vAgPi9J45X2b_MLc9SuqnNbKr_U2ePZ -> driveFileId="11vAgPi9J45X2b_MLc9SuqnNbKr_U2ePZ"
STAMP     11w4r08HnXYR-eRFzcMIs-ud4k1Ut1jwB -> driveFileId="11w4r08HnXYR-eRFzcMIs-ud4k1Ut1jwB"
STAMP     12JfLCHytM5q59btBQ05sz-V_SurQmUoT -> driveFileId="12JfLCHytM5q59btBQ05sz-V_SurQmUoT"
STAMP     12Q_6mN94HnSFNcDsHZtvzXX2TqXm9sqh -> driveFileId="12Q_6mN94HnSFNcDsHZtvzXX2TqXm9sqh"
STAMP     12if9gHg88ZqNMZjmLG1UH57GSriTHzqF -> driveFileId="12if9gHg88ZqNMZjmLG1UH57GSriTHzqF"
STAMP     12jOqCRu1d3CMEqEXhIlvtH6fISPb8_kU -> driveFileId="12jOqCRu1d3CMEqEXhIlvtH6fISPb8_kU"
STAMP     139wiZLQyzIVrwfjapGdfhzHHeZR7eiNk -> driveFileId="139wiZLQyzIVrwfjapGdfhzHHeZR7eiNk"
STAMP     13aYPTWGNeCpbOFk4CjccIWKvADcRvCNg -> driveFileId="13aYPTWGNeCpbOFk4CjccIWKvADcRvCNg"
STAMP     13xN_EFxJ0igz9oYROL_DGx-hj6cvbGOy -> driveFileId="13xN_EFxJ0igz9oYROL_DGx-hj6cvbGOy"
STAMP     14SMDmqaXkzSH_pAKYQ86cekbY7Doelfm -> driveFileId="14SMDmqaXkzSH_pAKYQ86cekbY7Doelfm"
STAMP     14vROgFHB9FPTgTE0su4ALy8Pno0L5o9UkX4DkzMK5zk -> driveFileId="14vROgFHB9FPTgTE0su4ALy8Pno0L5o9UkX4DkzMK5zk"
STAMP     15AghrjXqcoP12z70OGcZ7pY0EU8t7OBm -> driveFileId="15AghrjXqcoP12z70OGcZ7pY0EU8t7OBm"
STAMP     15JPaQTkyZckMCXWNuc0qQ6DWSiK1NBGJ -> driveFileId="15JPaQTkyZckMCXWNuc0qQ6DWSiK1NBGJ"
STAMP     15VGnxYtiSEEV_LfXc-oddi_fXCRaD7wK -> driveFileId="15VGnxYtiSEEV_LfXc-oddi_fXCRaD7wK"
STAMP     16hgfPydSNfbuAbTMWVRncQCJkwlxlMDB -> driveFileId="16hgfPydSNfbuAbTMWVRncQCJkwlxlMDB"
STAMP     173N8yeP19xEqNcofAbj0ZOnMK9pA7bGp -> driveFileId="173N8yeP19xEqNcofAbj0ZOnMK9pA7bGp"
STAMP     17AVgm1u0g862bhM8WnvvL54hc3tthymc -> driveFileId="17AVgm1u0g862bhM8WnvvL54hc3tthymc"
STAMP     17WKpAjPPT6E8D2VpRgiwNEy9V48BtwhR -> driveFileId="17WKpAjPPT6E8D2VpRgiwNEy9V48BtwhR"
STAMP     17YFbGz0YNvC1o-K1VKRrqgZGae-WMsbg -> driveFileId="17YFbGz0YNvC1o-K1VKRrqgZGae-WMsbg"
STAMP     18TFm0ba9AzJ5kdyQQyNqbtRw-RdqBk_- -> driveFileId="18TFm0ba9AzJ5kdyQQyNqbtRw-RdqBk_-"
STAMP     18ip_oBzFOZmb6qwYHcHUerGvKlWLS9ZU -> driveFileId="18ip_oBzFOZmb6qwYHcHUerGvKlWLS9ZU"
STAMP     19E8aTettqSQO1ZVtVhXCPfUJw1dw0f3G -> driveFileId="19E8aTettqSQO1ZVtVhXCPfUJw1dw0f3G"
STAMP     19FuqP-rbkufIUdAVCGMbXLuvDJKnicZM -> driveFileId="19FuqP-rbkufIUdAVCGMbXLuvDJKnicZM"
STAMP     19HZjTlXx_pXGMy3VV5k-o71vIB6amI9S -> driveFileId="19HZjTlXx_pXGMy3VV5k-o71vIB6amI9S"
STAMP     19JE0aPISEwHYTC5RtieFX1EOVdYTP-yV -> driveFileId="19JE0aPISEwHYTC5RtieFX1EOVdYTP-yV"
STAMP     19W6W99B9smYQqqZEtU2fYUTLvrV4HjDG -> driveFileId="19W6W99B9smYQqqZEtU2fYUTLvrV4HjDG"
STAMP     19XVik7nlDmoUr8CcBJbjDsecLuqInQ_Z -> driveFileId="19XVik7nlDmoUr8CcBJbjDsecLuqInQ_Z"
STAMP     19aJQKD1H868a8tDZFphNLPh_rH4tFwLN -> driveFileId="19aJQKD1H868a8tDZFphNLPh_rH4tFwLN"
STAMP     19bFqLwp-TX_T3xlnV78DoMj3U80FsehP -> driveFileId="19bFqLwp-TX_T3xlnV78DoMj3U80FsehP"
STAMP     19pHyy-g7WN48xqh6IEtRSWpqBQCkWftP -> driveFileId="19pHyy-g7WN48xqh6IEtRSWpqBQCkWftP"
STAMP     1AFK0Bydf8HZC2EOKbirdssqAS-52JBtr -> driveFileId="1AFK0Bydf8HZC2EOKbirdssqAS-52JBtr"
STAMP     1AIwCXDw1mGHm_uhaoJfbpkri-ibzOLI4 -> driveFileId="1AIwCXDw1mGHm_uhaoJfbpkri-ibzOLI4"
STAMP     1ARw4lnY2SdZO2ka7aj-rkxkdP_iEWm37 -> driveFileId="1ARw4lnY2SdZO2ka7aj-rkxkdP_iEWm37"
STAMP     1AZumqP1QVsv_1AQRi6DeO4RfBcP5mlkg -> driveFileId="1AZumqP1QVsv_1AQRi6DeO4RfBcP5mlkg"
STAMP     1BLARziE-ImWCPWDoU8utX5Cu7Jm4mxxJ -> driveFileId="1BLARziE-ImWCPWDoU8utX5Cu7Jm4mxxJ"
STAMP     1BLrzro7SQrZVdapxuo0I_vSv-KpeXbLp -> driveFileId="1BLrzro7SQrZVdapxuo0I_vSv-KpeXbLp"
STAMP     1BQ-zjhN7hoUCooF02Z1mawgtMZJ_EfEM -> driveFileId="1BQ-zjhN7hoUCooF02Z1mawgtMZJ_EfEM"
STAMP     1BfI_rzgNRfVwjDAD2ynhXkUW257MumjT -> driveFileId="1BfI_rzgNRfVwjDAD2ynhXkUW257MumjT"
STAMP     1BfwOSMZIDkTfRrjMDRBpz8B9qAZAdJh9 -> driveFileId="1BfwOSMZIDkTfRrjMDRBpz8B9qAZAdJh9"
STAMP     1BlUWuZh0eWe6BLpBYjJLpY1VJXyiISHr -> driveFileId="1BlUWuZh0eWe6BLpBYjJLpY1VJXyiISHr"
STAMP     1Bquaq3tlSoRAovWcCkynShUuepgEgYZ_ -> driveFileId="1Bquaq3tlSoRAovWcCkynShUuepgEgYZ_"
STAMP     1CKCIpT3q8q4257D2i6klXsRl8GFWpJee -> driveFileId="1CKCIpT3q8q4257D2i6klXsRl8GFWpJee"
STAMP     1Cw69wE2-8eUViZ6ID66nULfNVDVU_est -> driveFileId="1Cw69wE2-8eUViZ6ID66nULfNVDVU_est"
STAMP     1CwH1LALn4s3bDRyyRQvLlLnbc6j7zhXH -> driveFileId="1CwH1LALn4s3bDRyyRQvLlLnbc6j7zhXH"
STAMP     1D-rUMfhk4pinIQX97bYMi_rsKaNoS9s4 -> driveFileId="1D-rUMfhk4pinIQX97bYMi_rsKaNoS9s4"
STAMP     1D08wPsT5Fk5nm-uXW9tHf50BvccX5gu3 -> driveFileId="1D08wPsT5Fk5nm-uXW9tHf50BvccX5gu3"
STAMP     1DF0UOysVOpGEGkSswU3FwEvjU_lcRm5_ -> driveFileId="1DF0UOysVOpGEGkSswU3FwEvjU_lcRm5_"
STAMP     1DYQ4IZXCMjtCIzxCD2lkLEofO5q-sf6r -> driveFileId="1DYQ4IZXCMjtCIzxCD2lkLEofO5q-sf6r"
STAMP     1D_ERo9369UkNlZGO3FLYhYPatkY2m4Jm -> driveFileId="1D_ERo9369UkNlZGO3FLYhYPatkY2m4Jm"
STAMP     1DclXj1fcg3VTtf82HECzbk51-3GeowPH -> driveFileId="1DclXj1fcg3VTtf82HECzbk51-3GeowPH"
STAMP     1DeiuwNlb8i8nwz3vUwaXdiNIICSdPgTt -> driveFileId="1DeiuwNlb8i8nwz3vUwaXdiNIICSdPgTt"
STAMP     1DiSbHUzzXGAAl3je1g40Q-pEM2rR3laa -> driveFileId="1DiSbHUzzXGAAl3je1g40Q-pEM2rR3laa"
STAMP     1DncwbDd_B0LnGRNRmBQCG6D4_7MoV1nI -> driveFileId="1DncwbDd_B0LnGRNRmBQCG6D4_7MoV1nI"
STAMP     1Dx-47EpIUtGvo15ItMA_Imb6IijHC6uM -> driveFileId="1Dx-47EpIUtGvo15ItMA_Imb6IijHC6uM"
STAMP     1EPzxHjEkvvHnIQm7L98X4hl8DvuJFHQh -> driveFileId="1EPzxHjEkvvHnIQm7L98X4hl8DvuJFHQh"
STAMP     1Eas8fNP2KqWkqnSXrrE9mB74xwA962-7 -> driveFileId="1Eas8fNP2KqWkqnSXrrE9mB74xwA962-7"
STAMP     1EhNYnQc4YBzD_vtTZRunaNW2dhS57E0s -> driveFileId="1EhNYnQc4YBzD_vtTZRunaNW2dhS57E0s"
STAMP     1EiJJKn3ZmsWnXVYiEjMHQmR17t0ByDbG -> driveFileId="1EiJJKn3ZmsWnXVYiEjMHQmR17t0ByDbG"
STAMP     1EppZUInFMrBcjl9nU9p-5d7sCJYO6gfz -> driveFileId="1EppZUInFMrBcjl9nU9p-5d7sCJYO6gfz"
STAMP     1Et48zTFQny12HjkFv25Wz7L7-wAqvZmg -> driveFileId="1Et48zTFQny12HjkFv25Wz7L7-wAqvZmg"
STAMP     1Exi_bsvw4nK0AUkW12bGwJ2WzZ-B5cS0 -> driveFileId="1Exi_bsvw4nK0AUkW12bGwJ2WzZ-B5cS0"
STAMP     1FGzPfLlSH3fzQtHAht3SfRoWLUFWICl1 -> driveFileId="1FGzPfLlSH3fzQtHAht3SfRoWLUFWICl1"
STAMP     1FNvv9UToD9t1k4FqXhWPzb50naHZfo-T -> driveFileId="1FNvv9UToD9t1k4FqXhWPzb50naHZfo-T"
STAMP     1FZw5QmsYPhe2hNLnAz8CWD1yN0lruOXP -> driveFileId="1FZw5QmsYPhe2hNLnAz8CWD1yN0lruOXP"
STAMP     1FsZhGl3bxWja_KLVAliZb2hHg88JBcw3 -> driveFileId="1FsZhGl3bxWja_KLVAliZb2hHg88JBcw3"
STAMP     1G4DJBRKB_DwZXJ7yqeQVkRR-5-R7EvU9 -> driveFileId="1G4DJBRKB_DwZXJ7yqeQVkRR-5-R7EvU9"
STAMP     1G4kvrAslYsUezK2fy696w8XUt3T-zEjR -> driveFileId="1G4kvrAslYsUezK2fy696w8XUt3T-zEjR"
STAMP     1G4mI5dUgORJlwew8HnndtuORNLq89SgYXpQLYPJV12E -> driveFileId="1G4mI5dUgORJlwew8HnndtuORNLq89SgYXpQLYPJV12E"
STAMP     1G90XvxjphRA3ZenORmcO1P3FDUQJQNjugwN4D5aDb4s -> driveFileId="1G90XvxjphRA3ZenORmcO1P3FDUQJQNjugwN4D5aDb4s"
STAMP     1GOBhTkfPUz1vg_dgbnwS7eNDNdPkRcCA -> driveFileId="1GOBhTkfPUz1vg_dgbnwS7eNDNdPkRcCA"
STAMP     1GU2wRegmUYj-jSqRpTBv2xV9Ywx7OrgAEn2_UyXjTdc -> driveFileId="1GU2wRegmUYj-jSqRpTBv2xV9Ywx7OrgAEn2_UyXjTdc"
STAMP     1GpH741dvm8j8CQOPzHPE0w9b_7Sl2q6X -> driveFileId="1GpH741dvm8j8CQOPzHPE0w9b_7Sl2q6X"
STAMP     1Gtp4pR3MGaRK7ZjjX4Rtmjg2anfvoEsN -> driveFileId="1Gtp4pR3MGaRK7ZjjX4Rtmjg2anfvoEsN"
STAMP     1H9292Q0XH0-lmNf0sso3vpKhqdONpuAhsyMj2yIGIwg -> driveFileId="1H9292Q0XH0-lmNf0sso3vpKhqdONpuAhsyMj2yIGIwg"
STAMP     1HDRDxBLX7Rj41qF1LDcDAdi2cmPYOAQ96xj8IXB9GvA -> driveFileId="1HDRDxBLX7Rj41qF1LDcDAdi2cmPYOAQ96xj8IXB9GvA"
STAMP     1HVCUZLeCu2_W3G3hMDwYxXd7o519rlcO -> driveFileId="1HVCUZLeCu2_W3G3hMDwYxXd7o519rlcO"
STAMP     1HmJ7mu9qYx6eGVaJcg88Hklsei7bnjcAR-ZYmjkgfbU -> driveFileId="1HmJ7mu9qYx6eGVaJcg88Hklsei7bnjcAR-ZYmjkgfbU"
STAMP     1Ho4zPDwCihy2HOt7f7MuVRMMLbFMLWYR -> driveFileId="1Ho4zPDwCihy2HOt7f7MuVRMMLbFMLWYR"
STAMP     1Hq-7tDIFY0C7NbCgDR6zZC1rlkib3xOQ -> driveFileId="1Hq-7tDIFY0C7NbCgDR6zZC1rlkib3xOQ"
STAMP     1ITxhruZY56v3j96hnqsk7YJ32-0coLcZ -> driveFileId="1ITxhruZY56v3j96hnqsk7YJ32-0coLcZ"
STAMP     1IpxlOczNDtSg6GMI5cY4nrM2vBEAIiBy -> driveFileId="1IpxlOczNDtSg6GMI5cY4nrM2vBEAIiBy"
STAMP     1J4XKbecFdEJiEt-yuXWLmAXGqTi8L_Mk -> driveFileId="1J4XKbecFdEJiEt-yuXWLmAXGqTi8L_Mk"
STAMP     1J6H_F6Ba02_rMRQEJbi_lBbMXCBag6SQ -> driveFileId="1J6H_F6Ba02_rMRQEJbi_lBbMXCBag6SQ"
STAMP     1J_RYWUgwlAoPrq29DN6VoDFft3YpMSom -> driveFileId="1J_RYWUgwlAoPrq29DN6VoDFft3YpMSom"
STAMP     1J_YSGz4C9Fmx2CDQpUJ9iC5O19uA0j8o -> driveFileId="1J_YSGz4C9Fmx2CDQpUJ9iC5O19uA0j8o"
STAMP     1JhWf3p0Y1wmJaVNL40XFyNqSuFCwLxIw -> driveFileId="1JhWf3p0Y1wmJaVNL40XFyNqSuFCwLxIw"
STAMP     1JlQ6xacP4pH5FZ6ja_kaZ2DayoEpkrZs -> driveFileId="1JlQ6xacP4pH5FZ6ja_kaZ2DayoEpkrZs"
STAMP     1K6ENNHsN324AcZmC6tFLLSdAKSpSyqF1 -> driveFileId="1K6ENNHsN324AcZmC6tFLLSdAKSpSyqF1"
STAMP     1K6cAZSsAcxurLVyHjW3MKCpfZzseE5kQ -> driveFileId="1K6cAZSsAcxurLVyHjW3MKCpfZzseE5kQ"
STAMP     1KV7ImMQF2i82sfPj9wvCnsZWZWo1SGlS -> driveFileId="1KV7ImMQF2i82sfPj9wvCnsZWZWo1SGlS"
STAMP     1LIQvf7FQmRRKpfI1lP06PH70ef6Rn5I3 -> driveFileId="1LIQvf7FQmRRKpfI1lP06PH70ef6Rn5I3"
STAMP     1LPfmwfa8On5YHco9nC-dt5IyWk7QO4gV -> driveFileId="1LPfmwfa8On5YHco9nC-dt5IyWk7QO4gV"
STAMP     1LYIRI8GH4fA9Typust_4D98LjOWo5eSn -> driveFileId="1LYIRI8GH4fA9Typust_4D98LjOWo5eSn"
STAMP     1MQBRtiDK77MOTTKR25mEZEqmclSRat1q -> driveFileId="1MQBRtiDK77MOTTKR25mEZEqmclSRat1q"
STAMP     1Mqje155L1D2TpfeoLycAL_pxEs04epFw -> driveFileId="1Mqje155L1D2TpfeoLycAL_pxEs04epFw"
STAMP     1N3sQbSjY_Cq_ykw6zp32XvAJfq9tjvYG -> driveFileId="1N3sQbSjY_Cq_ykw6zp32XvAJfq9tjvYG"
STAMP     1NTR6j9rhwHAwoZjX34AVdyymz9IvPkTz -> driveFileId="1NTR6j9rhwHAwoZjX34AVdyymz9IvPkTz"
STAMP     1NhFwI5Bf91gSuCiONrIAj-SttN6GEG3u -> driveFileId="1NhFwI5Bf91gSuCiONrIAj-SttN6GEG3u"
STAMP     1NqqJXEfTW1_B0sWBlcqAM4paZJOOmLuk -> driveFileId="1NqqJXEfTW1_B0sWBlcqAM4paZJOOmLuk"
STAMP     1Nz7ih3xr6Wb2XMeZZgrLJDCq_NoNAz7v -> driveFileId="1Nz7ih3xr6Wb2XMeZZgrLJDCq_NoNAz7v"
STAMP     1O1pvTb9_U_1Dh9TCookPxS7AlwfMA_Nh -> driveFileId="1O1pvTb9_U_1Dh9TCookPxS7AlwfMA_Nh"
STAMP     1OUhfx4EW3ZAtuh-ZPnHxTF4-wGOJdBFy -> driveFileId="1OUhfx4EW3ZAtuh-ZPnHxTF4-wGOJdBFy"
STAMP     1PL-rwuqZOnftWzBFYa4ElTWinUpLSiyo -> driveFileId="1PL-rwuqZOnftWzBFYa4ElTWinUpLSiyo"
STAMP     1PYUlbQY0hweTHW2Qrc7Xn3_9vlHaUtee -> driveFileId="1PYUlbQY0hweTHW2Qrc7Xn3_9vlHaUtee"
STAMP     1PYjUUqxH12ip7Uz5aFP7q1wRKwi-pKbvVNJB8G-wV6k -> driveFileId="1PYjUUqxH12ip7Uz5aFP7q1wRKwi-pKbvVNJB8G-wV6k"
STAMP     1PxJ-AxXwI5GUS4s_RutSAO_gEsDF8Got -> driveFileId="1PxJ-AxXwI5GUS4s_RutSAO_gEsDF8Got"
STAMP     1Q27iTstQskArSk4-kHFfN0ZnQjV7Oau8 -> driveFileId="1Q27iTstQskArSk4-kHFfN0ZnQjV7Oau8"
STAMP     1Q6yGoFDerBBWV7OYovZweFEIbzgRv--w -> driveFileId="1Q6yGoFDerBBWV7OYovZweFEIbzgRv--w"
STAMP     1QOy2Lbs3AIj6LGvsnbstcihltGK5r7KQ -> driveFileId="1QOy2Lbs3AIj6LGvsnbstcihltGK5r7KQ"
STAMP     1QvrCC8R1yvCbK5jIB-yqw-vMQX1S62It637BHwSMaX4 -> driveFileId="1QvrCC8R1yvCbK5jIB-yqw-vMQX1S62It637BHwSMaX4"
STAMP     1R7lq5sBnwIH6WxZda_IshPjTpAtN30tJ -> driveFileId="1R7lq5sBnwIH6WxZda_IshPjTpAtN30tJ"
STAMP     1RBpYbHvv44QhjezUIkQgWPN0nnel3zuy -> driveFileId="1RBpYbHvv44QhjezUIkQgWPN0nnel3zuy"
STAMP     1RQzrqpgVhkcL3tvBWGCYUIhtPNhF1Fnr -> driveFileId="1RQzrqpgVhkcL3tvBWGCYUIhtPNhF1Fnr"
STAMP     1RV-_S-0vCgswP7VfskC6wIchaBDQFNDa -> driveFileId="1RV-_S-0vCgswP7VfskC6wIchaBDQFNDa"
STAMP     1SH9vxGsFfIJ4mU_FaAaIX13hThwuqfH5 -> driveFileId="1SH9vxGsFfIJ4mU_FaAaIX13hThwuqfH5"
STAMP     1SYdDp-DbhO7e362YRZr3GQQ1pGwrdUlc -> driveFileId="1SYdDp-DbhO7e362YRZr3GQQ1pGwrdUlc"
STAMP     1Sh8IiLb3n9iit1ImvlvS2SYvprbwLRRf -> driveFileId="1Sh8IiLb3n9iit1ImvlvS2SYvprbwLRRf"
STAMP     1TCP25KtpY0BZ1ixLPMSkhT7_HdFNW7IL -> driveFileId="1TCP25KtpY0BZ1ixLPMSkhT7_HdFNW7IL"
STAMP     1TJwxurV4SgcpM58SG9x6hQ8e7cY6Yp9T -> driveFileId="1TJwxurV4SgcpM58SG9x6hQ8e7cY6Yp9T"
STAMP     1TRCzECDBOal5mr1SFh7JEY-r-NkhtaaW -> driveFileId="1TRCzECDBOal5mr1SFh7JEY-r-NkhtaaW"
STAMP     1TeiP5BlGnlP9ogYXO9yFL25J1Tz5k_RX -> driveFileId="1TeiP5BlGnlP9ogYXO9yFL25J1Tz5k_RX"
STAMP     1Tlx0xppOSXNZpO1idUqg2bNQfhyUgrfa -> driveFileId="1Tlx0xppOSXNZpO1idUqg2bNQfhyUgrfa"
STAMP     1U9Ku90io-9lvaPNt6_vDv1rxjTLZaEGc -> driveFileId="1U9Ku90io-9lvaPNt6_vDv1rxjTLZaEGc"
STAMP     1UC0SmGpSLTNyH998kCfMaJzcZPkSOATA -> driveFileId="1UC0SmGpSLTNyH998kCfMaJzcZPkSOATA"
STAMP     1URRI7OBQnlsji5zn3oMkx6IplU3qhw99 -> driveFileId="1URRI7OBQnlsji5zn3oMkx6IplU3qhw99"
STAMP     1URzdt7mdDjXZjO6J0ibl_E4SukMxfD4t -> driveFileId="1URzdt7mdDjXZjO6J0ibl_E4SukMxfD4t"
STAMP     1Uf0bVHJJ_PHn6gZ0OtGRf2RFytrx01qU -> driveFileId="1Uf0bVHJJ_PHn6gZ0OtGRf2RFytrx01qU"
STAMP     1V2T04NsfROLjyEDOvAc0F3Bz_Tc20Kzi -> driveFileId="1V2T04NsfROLjyEDOvAc0F3Bz_Tc20Kzi"
STAMP     1VFVL-HAEa1XHVcqTPiIV-_DSlOdg4M2V -> driveFileId="1VFVL-HAEa1XHVcqTPiIV-_DSlOdg4M2V"
STAMP     1VSB3wRDJN_1nvab8nyNG3W65QXup2YQV -> driveFileId="1VSB3wRDJN_1nvab8nyNG3W65QXup2YQV"
STAMP     1VXSQUMCADACnGEitvANMLuBF3BsJa_b9 -> driveFileId="1VXSQUMCADACnGEitvANMLuBF3BsJa_b9"
STAMP     1VbcRGqSXF28Kf4DWdddpeQ9ANcV8W5CL -> driveFileId="1VbcRGqSXF28Kf4DWdddpeQ9ANcV8W5CL"
STAMP     1VcD-E7ZKj48zN-20JaJT2MOLB-5WSkpR -> driveFileId="1VcD-E7ZKj48zN-20JaJT2MOLB-5WSkpR"
STAMP     1VetfwZmNivMhVPjWFiShdhCRBoncTQOh -> driveFileId="1VetfwZmNivMhVPjWFiShdhCRBoncTQOh"
STAMP     1VmpBREQWoux2gOCAeMzNPlZ1VWLCWQdf -> driveFileId="1VmpBREQWoux2gOCAeMzNPlZ1VWLCWQdf"
STAMP     1VuMq83_0W8ya9SCeBaQ0vCvuFeHgGHeC -> driveFileId="1VuMq83_0W8ya9SCeBaQ0vCvuFeHgGHeC"
STAMP     1W3mVu5MmsLklXhhh6WpQe5KrCr71Z6iJ -> driveFileId="1W3mVu5MmsLklXhhh6WpQe5KrCr71Z6iJ"
STAMP     1WJag4LEVyYDL2YxvWxiDBM5zgTzOgfAm -> driveFileId="1WJag4LEVyYDL2YxvWxiDBM5zgTzOgfAm"
STAMP     1WNBHOQhMyr8Aokyp1ECGCibyUZr0UnFT -> driveFileId="1WNBHOQhMyr8Aokyp1ECGCibyUZr0UnFT"
STAMP     1WdIXm5jTtgtcBcQC_MggjybIGfP2b604 -> driveFileId="1WdIXm5jTtgtcBcQC_MggjybIGfP2b604"
STAMP     1WusU1xlwOKQvKu2kemrowh6oZ16S9UeR -> driveFileId="1WusU1xlwOKQvKu2kemrowh6oZ16S9UeR"
STAMP     1X1rYxPSOC_CME5P72Sjf-HVYczAVt7TK -> driveFileId="1X1rYxPSOC_CME5P72Sjf-HVYczAVt7TK"
STAMP     1X6St0GAreLGpJIcPMdA4HJlohuFhPp5W -> driveFileId="1X6St0GAreLGpJIcPMdA4HJlohuFhPp5W"
STAMP     1X9O_4wIudGORlU9rZ-i2Ub7zN4tBhLt- -> driveFileId="1X9O_4wIudGORlU9rZ-i2Ub7zN4tBhLt-"
STAMP     1X9l2ZE7dGrJdej9Fr3PFieVt9EE3dEYT -> driveFileId="1X9l2ZE7dGrJdej9Fr3PFieVt9EE3dEYT"
STAMP     1XVmOLlmKI2ztKTsVOg2-YbkJ9_DzJA7A23gJp-s_Xu4 -> driveFileId="1XVmOLlmKI2ztKTsVOg2-YbkJ9_DzJA7A23gJp-s_Xu4"
STAMP     1Y6ELHFu--GfuIz3FgiHitfWyjG4OZvQ0 -> driveFileId="1Y6ELHFu--GfuIz3FgiHitfWyjG4OZvQ0"
STAMP     1YkIEE4lx2Vp3U2nQA2M8nIKCBgFoylhf -> driveFileId="1YkIEE4lx2Vp3U2nQA2M8nIKCBgFoylhf"
STAMP     1YuN6XyS2oLDWE-6F7JztRAtBz7K_lTBL -> driveFileId="1YuN6XyS2oLDWE-6F7JztRAtBz7K_lTBL"
STAMP     1YuXOp7krlxedG4OGIXmIDWv55LZNRIlL -> driveFileId="1YuXOp7krlxedG4OGIXmIDWv55LZNRIlL"
STAMP     1Z37pBaRXW45LQ551WSfMFzDHQ8jFYt0x -> driveFileId="1Z37pBaRXW45LQ551WSfMFzDHQ8jFYt0x"
STAMP     1ZPh6Ge2WUl21w2sL7gq0rf1q3396QL07 -> driveFileId="1ZPh6Ge2WUl21w2sL7gq0rf1q3396QL07"
STAMP     1ZQUvXg4McVGhlkQ9rnJM4_2pdHup9mFBDXqoHqZtAds -> driveFileId="1ZQUvXg4McVGhlkQ9rnJM4_2pdHup9mFBDXqoHqZtAds"
STAMP     1Zj5951AvRUwUdE8FeBuqMj1u615u3q84 -> driveFileId="1Zj5951AvRUwUdE8FeBuqMj1u615u3q84"
STAMP     1ZuXxV8dAhfFRXaXaSk1zAbbp9yce8MwH -> driveFileId="1ZuXxV8dAhfFRXaXaSk1zAbbp9yce8MwH"
STAMP     1ZvnGWrEAwXkF5RNAPJE1bjRx0vP5JSFH -> driveFileId="1ZvnGWrEAwXkF5RNAPJE1bjRx0vP5JSFH"
STAMP     1ZvsnHlvqAirjvpbWJ1FWAM2IgEuLbPOO -> driveFileId="1ZvsnHlvqAirjvpbWJ1FWAM2IgEuLbPOO"
STAMP     1_AGMn2Ls4Eo15tDwC4vtrGeHvu4aoe8f -> driveFileId="1_AGMn2Ls4Eo15tDwC4vtrGeHvu4aoe8f"
STAMP     1_E1AIJH9j0I-jkESHlhKFN8ZGazdusFd -> driveFileId="1_E1AIJH9j0I-jkESHlhKFN8ZGazdusFd"
STAMP     1_Gd8degQp-_CwXhYQM_jtxqRCtjdKvTi -> driveFileId="1_Gd8degQp-_CwXhYQM_jtxqRCtjdKvTi"
STAMP     1_O1lxgddm1zhWk2iL7xINC9evUx4zbzn -> driveFileId="1_O1lxgddm1zhWk2iL7xINC9evUx4zbzn"
STAMP     1av4wG0mTcKSjYTwKWbDoynvNrFdwSCrW -> driveFileId="1av4wG0mTcKSjYTwKWbDoynvNrFdwSCrW"
STAMP     1b9n_WsSuXkjbAgYcnK1M9XVTHNOalKAq -> driveFileId="1b9n_WsSuXkjbAgYcnK1M9XVTHNOalKAq"
STAMP     1bOTH11M28N7_c7avQGTYwzhhQlM2vKEK -> driveFileId="1bOTH11M28N7_c7avQGTYwzhhQlM2vKEK"
STAMP     1bntK0UHLQmq_z1dNsek7Rwue_HNr4jNQ -> driveFileId="1bntK0UHLQmq_z1dNsek7Rwue_HNr4jNQ"
STAMP     1cFzp0F-TbCdUFtjJwJ6yPCxQi9IIkpR7 -> driveFileId="1cFzp0F-TbCdUFtjJwJ6yPCxQi9IIkpR7"
STAMP     1cGBg4BgdM5ZJ2HFQOMZv4mxzoJrAHNez -> driveFileId="1cGBg4BgdM5ZJ2HFQOMZv4mxzoJrAHNez"
STAMP     1cISCkDz9PYogPzoAH8nK0uOc92ItKORV -> driveFileId="1cISCkDz9PYogPzoAH8nK0uOc92ItKORV"
STAMP     1cXHGyTKzQ3Dxgf2wBk4iTNTAgxKgZbtp -> driveFileId="1cXHGyTKzQ3Dxgf2wBk4iTNTAgxKgZbtp"
STAMP     1cZ0dW7ioUqQkV8m2ENr0ExEpMuYiP7ov6vy790kjbe4 -> driveFileId="1cZ0dW7ioUqQkV8m2ENr0ExEpMuYiP7ov6vy790kjbe4"
STAMP     1c_8FuLAzM3S7TECBb4e1o11oUdoN8tlK -> driveFileId="1c_8FuLAzM3S7TECBb4e1o11oUdoN8tlK"
STAMP     1ch79JH6B3rWcMnSLd9HtO4myytRHoicd -> driveFileId="1ch79JH6B3rWcMnSLd9HtO4myytRHoicd"
STAMP     1cqxulkFHUjA0-w6tmUwK6t4TnPgLWbpx -> driveFileId="1cqxulkFHUjA0-w6tmUwK6t4TnPgLWbpx"
STAMP     1czN_ywRWm2bnjIrnNVg7ad4RyynM_GcR -> driveFileId="1czN_ywRWm2bnjIrnNVg7ad4RyynM_GcR"
STAMP     1d-aXA4WzVjKYvCxAaVyezGgzRKlXs9y_ -> driveFileId="1d-aXA4WzVjKYvCxAaVyezGgzRKlXs9y_"
STAMP     1dAtZlJQ_3xbvfPLTG0F31Tbntid7d01W -> driveFileId="1dAtZlJQ_3xbvfPLTG0F31Tbntid7d01W"
STAMP     1dS-0aYsqxyxS5DIqs4iP521Obwgh7yLL -> driveFileId="1dS-0aYsqxyxS5DIqs4iP521Obwgh7yLL"
STAMP     1ds1Ql2M3Fb9LRX-k8tGxbixPHZ756WE0 -> driveFileId="1ds1Ql2M3Fb9LRX-k8tGxbixPHZ756WE0"
STAMP     1dxdNC33CZDbruEYFwsyV44a4sWR0nx8x -> driveFileId="1dxdNC33CZDbruEYFwsyV44a4sWR0nx8x"
STAMP     1e36kWrER7lDRLjCe1n_YGXlGKq15CMz2 -> driveFileId="1e36kWrER7lDRLjCe1n_YGXlGKq15CMz2"
STAMP     1eBRJoo2uNWzEG-Hu4kejU0GRPzVQdd1V -> driveFileId="1eBRJoo2uNWzEG-Hu4kejU0GRPzVQdd1V"
STAMP     1ecPTYaPCPkHuqdZrPKFLVCQWgeCXPus6 -> driveFileId="1ecPTYaPCPkHuqdZrPKFLVCQWgeCXPus6"
STAMP     1edX7GlHavLu4fvYHkSg0HQ_ftYhfOMuK -> driveFileId="1edX7GlHavLu4fvYHkSg0HQ_ftYhfOMuK"
STAMP     1etxl5D1liZFHOAGfsReSt0gNtWXUpD_f -> driveFileId="1etxl5D1liZFHOAGfsReSt0gNtWXUpD_f"
STAMP     1eyarxSuTHi7r-LedbgJ7jxG5cL4f8ukb -> driveFileId="1eyarxSuTHi7r-LedbgJ7jxG5cL4f8ukb"
STAMP     1fCgl4H4wIiqLK42rUkHmRYV5WzqLEOIU -> driveFileId="1fCgl4H4wIiqLK42rUkHmRYV5WzqLEOIU"
STAMP     1fDW83DxtZgoTEVABabdxi7lzopNx-Hnx -> driveFileId="1fDW83DxtZgoTEVABabdxi7lzopNx-Hnx"
STAMP     1g-Czee2Cm5I_k4qtDQ86M3t7-9c3pHnW -> driveFileId="1g-Czee2Cm5I_k4qtDQ86M3t7-9c3pHnW"
STAMP     1g1cnvJjQwoS9sudXMsEv-Psx7IiPjkAJ -> driveFileId="1g1cnvJjQwoS9sudXMsEv-Psx7IiPjkAJ"
STAMP     1gTZdh60yL9zN6zhQmbBeK7n-zxMxoshkZwHqwpYN99k -> driveFileId="1gTZdh60yL9zN6zhQmbBeK7n-zxMxoshkZwHqwpYN99k"
STAMP     1gey19JRRH6b-sPmeeR2_vbP6conu0ZK_ -> driveFileId="1gey19JRRH6b-sPmeeR2_vbP6conu0ZK_"
STAMP     1gyFFxL0k_Gzmo0-y9vi6ieT1j0vtOznF -> driveFileId="1gyFFxL0k_Gzmo0-y9vi6ieT1j0vtOznF"
STAMP     1h03XAsuq2FWWn_ZHRHvtQz1ZHfgZSi23 -> driveFileId="1h03XAsuq2FWWn_ZHRHvtQz1ZHfgZSi23"
STAMP     1h2-nbJYTO7fVioa6uFwUwpyzH1d1bVce -> driveFileId="1h2-nbJYTO7fVioa6uFwUwpyzH1d1bVce"
STAMP     1hBW82D0waHKgB4DA53rCcd4WGV5u9LQw -> driveFileId="1hBW82D0waHKgB4DA53rCcd4WGV5u9LQw"
STAMP     1hkeXYm-kJMBbhHKAnGWWr5AWAF54X-o- -> driveFileId="1hkeXYm-kJMBbhHKAnGWWr5AWAF54X-o-"
STAMP     1i3jy2Co3gNHsnzDXyEvrLpE249lD-KhS -> driveFileId="1i3jy2Co3gNHsnzDXyEvrLpE249lD-KhS"
STAMP     1iZJWnsukROkqmZ_uSnDFl1Z5dsRcgWDG -> driveFileId="1iZJWnsukROkqmZ_uSnDFl1Z5dsRcgWDG"
STAMP     1ioTLwHfdaDXQu7z2aHwOBhqqYplcWkhI -> driveFileId="1ioTLwHfdaDXQu7z2aHwOBhqqYplcWkhI"
STAMP     1j0vPyAIniwYKOh3mdo7Tly4WwugWuKLw -> driveFileId="1j0vPyAIniwYKOh3mdo7Tly4WwugWuKLw"
STAMP     1j9UHSajBGbP_YLqrHygy6Tv3PkvSD_tu -> driveFileId="1j9UHSajBGbP_YLqrHygy6Tv3PkvSD_tu"
STAMP     1jQoHlG412NCbvMhk8yJbR8RKBPm0Mi4r -> driveFileId="1jQoHlG412NCbvMhk8yJbR8RKBPm0Mi4r"
STAMP     1jiX9o2PFj6fGb-qDC5Uw5EtOTOnydzWh -> driveFileId="1jiX9o2PFj6fGb-qDC5Uw5EtOTOnydzWh"
STAMP     1k9hNIPVwvf4kf_WdYj7RlfJVbi5ElgIT -> driveFileId="1k9hNIPVwvf4kf_WdYj7RlfJVbi5ElgIT"
STAMP     1khYYPDmj7pOn_G8yl8mTJHcYFsLH5O65 -> driveFileId="1khYYPDmj7pOn_G8yl8mTJHcYFsLH5O65"
STAMP     1lhfSuwVN0-QmiaXm-nVQBlgIOX3bGkby -> driveFileId="1lhfSuwVN0-QmiaXm-nVQBlgIOX3bGkby"
STAMP     1ljIZkOUyUrFE3Djvv1j0-WnWcziorwyV -> driveFileId="1ljIZkOUyUrFE3Djvv1j0-WnWcziorwyV"
STAMP     1m9IrT8SHyVU9nM5jbYXVMu75EG0Mo1a4 -> driveFileId="1m9IrT8SHyVU9nM5jbYXVMu75EG0Mo1a4"
STAMP     1mFyejfhYBYxLacZWcCuPgBpI006BjqV7 -> driveFileId="1mFyejfhYBYxLacZWcCuPgBpI006BjqV7"
STAMP     1mKr3bKOxholt8isagwFgD8lglX2YykIa -> driveFileId="1mKr3bKOxholt8isagwFgD8lglX2YykIa"
STAMP     1monkKpBnbwh6YO6FAKBIQmD4vGqzbyIZ -> driveFileId="1monkKpBnbwh6YO6FAKBIQmD4vGqzbyIZ"
STAMP     1n8ur933csmrxPJYKZn2cFtFNwRac7PWZ -> driveFileId="1n8ur933csmrxPJYKZn2cFtFNwRac7PWZ"
STAMP     1nAEsEgzHIU3T9Ym9kJpBxJylWWqa_vnK -> driveFileId="1nAEsEgzHIU3T9Ym9kJpBxJylWWqa_vnK"
STAMP     1nM6XI_TvFX85mZe3el19-g6TYXZ5KwtE -> driveFileId="1nM6XI_TvFX85mZe3el19-g6TYXZ5KwtE"
STAMP     1nmHWbmh67h4YF8QVTz8hofgrP-4WTL3a -> driveFileId="1nmHWbmh67h4YF8QVTz8hofgrP-4WTL3a"
STAMP     1oOys8D12_uDOG_2vcssAq8k5PLf4ZhBQ -> driveFileId="1oOys8D12_uDOG_2vcssAq8k5PLf4ZhBQ"
STAMP     1odYJKS1JLzDVVVbuHRV4oIw-gAAVDqFT -> driveFileId="1odYJKS1JLzDVVVbuHRV4oIw-gAAVDqFT"
STAMP     1oqBCSHTMzCVUPvMtQNXEdg5V49mwvOYh -> driveFileId="1oqBCSHTMzCVUPvMtQNXEdg5V49mwvOYh"
STAMP     1orCw2GbmC7QzDFQnNeK1hyA83Kh9B6XR -> driveFileId="1orCw2GbmC7QzDFQnNeK1hyA83Kh9B6XR"
STAMP     1p-iGMt8OCpCJtk0eOn0mJL3aoNPcGUaK -> driveFileId="1p-iGMt8OCpCJtk0eOn0mJL3aoNPcGUaK"
STAMP     1p32ui1nyleLqmLU0On2pkOQSUlgJRUEE -> driveFileId="1p32ui1nyleLqmLU0On2pkOQSUlgJRUEE"
STAMP     1pFGvjKzoeCIj6CJuk6vFkYkUbV4I5zam -> driveFileId="1pFGvjKzoeCIj6CJuk6vFkYkUbV4I5zam"
STAMP     1pToiRfD44ioU26hX8u8c3eayNYc6KOMb -> driveFileId="1pToiRfD44ioU26hX8u8c3eayNYc6KOMb"
STAMP     1pu2JsvkgVnzmQ4CJySUd7PSm7F0yEd_x -> driveFileId="1pu2JsvkgVnzmQ4CJySUd7PSm7F0yEd_x"
STAMP     1pwmleWt7QMPuEqTrM_Az9JFj5RUMS9F4 -> driveFileId="1pwmleWt7QMPuEqTrM_Az9JFj5RUMS9F4"
STAMP     1q8kGn48kh9CXdJPmm4i6g_wx67Zl8GHB -> driveFileId="1q8kGn48kh9CXdJPmm4i6g_wx67Zl8GHB"
STAMP     1qAWeiH9_0eeXaseL0e-dMxDDwpBvO6xx -> driveFileId="1qAWeiH9_0eeXaseL0e-dMxDDwpBvO6xx"
STAMP     1qHPm7jPm6uqwBzm5MMy3ypdQZwzmAh4k -> driveFileId="1qHPm7jPm6uqwBzm5MMy3ypdQZwzmAh4k"
STAMP     1qTDacSD6J12oeEMg22KueDQgwMm8EeVJ -> driveFileId="1qTDacSD6J12oeEMg22KueDQgwMm8EeVJ"
STAMP     1qdX4_IHvHKX5sKfaHRo6sU4vymTmE12d -> driveFileId="1qdX4_IHvHKX5sKfaHRo6sU4vymTmE12d"
STAMP     1qlfMKLD6qrr98JUmoeBJHRE5I0-FsIRp -> driveFileId="1qlfMKLD6qrr98JUmoeBJHRE5I0-FsIRp"
STAMP     1r2GLfKEj0PZSPn0XbPO9sXfmzhJfcRTu -> driveFileId="1r2GLfKEj0PZSPn0XbPO9sXfmzhJfcRTu"
STAMP     1r2V2tJnZauBVhuiDC2zjLLb3iyhAw8Nj -> driveFileId="1r2V2tJnZauBVhuiDC2zjLLb3iyhAw8Nj"
STAMP     1r6EerKdaIfJmaS4kdwLNA5rWeSnF56uk -> driveFileId="1r6EerKdaIfJmaS4kdwLNA5rWeSnF56uk"
STAMP     1rmnciu0PVh2pL6GQkuJBasmEZzHgK5b4 -> driveFileId="1rmnciu0PVh2pL6GQkuJBasmEZzHgK5b4"
STAMP     1rmxBzOdjhutYWB_HGxuCJnBR8ieSu--_ -> driveFileId="1rmxBzOdjhutYWB_HGxuCJnBR8ieSu--_"
STAMP     1sNPYY73-mI4XBfASJBoHaTwxQH3IHr50 -> driveFileId="1sNPYY73-mI4XBfASJBoHaTwxQH3IHr50"
STAMP     1sRzRHytARhFFrlAqJUtDDH25YhuZZ792 -> driveFileId="1sRzRHytARhFFrlAqJUtDDH25YhuZZ792"
STAMP     1sv7fGYEciwW6XbS10f3XKOE31iytS9hB -> driveFileId="1sv7fGYEciwW6XbS10f3XKOE31iytS9hB"
STAMP     1t120h-tSRphOOwemf0tu5_j2j58ErazM -> driveFileId="1t120h-tSRphOOwemf0tu5_j2j58ErazM"
STAMP     1t7fPtGbxIVUUaskwynvKjMYactKDbvGq -> driveFileId="1t7fPtGbxIVUUaskwynvKjMYactKDbvGq"
STAMP     1tIet97g6zgIt-uCu-HrBRcj1tmXj_6ep -> driveFileId="1tIet97g6zgIt-uCu-HrBRcj1tmXj_6ep"
STAMP     1tLxE6aG8TOuLAtv3DCcuPKSRQUa_Nz7_ -> driveFileId="1tLxE6aG8TOuLAtv3DCcuPKSRQUa_Nz7_"
STAMP     1tRHJFJSq99c1SuWZBOJCjbLyFHhIPYWO -> driveFileId="1tRHJFJSq99c1SuWZBOJCjbLyFHhIPYWO"
STAMP     1tYtW5qo5iOuytY9GflbwCQjWerjaov4b -> driveFileId="1tYtW5qo5iOuytY9GflbwCQjWerjaov4b"
STAMP     1tcdg8vTGcwuGX7gar1xJ0JDBdcyEi9yz -> driveFileId="1tcdg8vTGcwuGX7gar1xJ0JDBdcyEi9yz"
STAMP     1u0I8PCz1MQ_RLCN-6Kw0-JlF0R0Nm40R -> driveFileId="1u0I8PCz1MQ_RLCN-6Kw0-JlF0R0Nm40R"
STAMP     1u2g0w4OLjbL5JfjACyL_3kDzUZpaGjng -> driveFileId="1u2g0w4OLjbL5JfjACyL_3kDzUZpaGjng"
STAMP     1ut9fS0F6yHsKvgaAzkNXqDSshHjjesN- -> driveFileId="1ut9fS0F6yHsKvgaAzkNXqDSshHjjesN-"
STAMP     1v1aFYuQ57HHoILQWcT_rtv3zhMWq2IR9 -> driveFileId="1v1aFYuQ57HHoILQWcT_rtv3zhMWq2IR9"
STAMP     1v6a8TfMdNjaz-HzGPnVmOB-BI3u0q_zz -> driveFileId="1v6a8TfMdNjaz-HzGPnVmOB-BI3u0q_zz"
STAMP     1vY2cfQMn1-QgtslbQZaCYc8JNZkX0g1s -> driveFileId="1vY2cfQMn1-QgtslbQZaCYc8JNZkX0g1s"
STAMP     1w1cwgilpMxe-KGQCDOc7RjoyaS91hgTI -> driveFileId="1w1cwgilpMxe-KGQCDOc7RjoyaS91hgTI"
STAMP     1w6SuGzU6pTpzMk-hGdfsq6dDEJSxivoH -> driveFileId="1w6SuGzU6pTpzMk-hGdfsq6dDEJSxivoH"
STAMP     1wHijjyvHroSV_Z_wClVprppEpBYIUAsa -> driveFileId="1wHijjyvHroSV_Z_wClVprppEpBYIUAsa"
STAMP     1wKn6KPXBRQpLV6USzU5vP_qd53tT9Aa1 -> driveFileId="1wKn6KPXBRQpLV6USzU5vP_qd53tT9Aa1"
STAMP     1wNTlj3sB2Z3Zra7jhYlniuGcHpxnuEWk -> driveFileId="1wNTlj3sB2Z3Zra7jhYlniuGcHpxnuEWk"
STAMP     1wzz1eOblUC0tOTnJZh_JAarpeRdZ0oPq -> driveFileId="1wzz1eOblUC0tOTnJZh_JAarpeRdZ0oPq"
STAMP     1xGM06NwCC3Nk4ZdiFZz6hYI9yR-fNvEw -> driveFileId="1xGM06NwCC3Nk4ZdiFZz6hYI9yR-fNvEw"
STAMP     1xTYqs7MHxm8Q69jt9nNMqNwmU3QTM7uxEkofZpxIzcE -> driveFileId="1xTYqs7MHxm8Q69jt9nNMqNwmU3QTM7uxEkofZpxIzcE"
STAMP     1xYt6Mp1Ica-2C_VYS2mw_cfhxo3dMkg_ -> driveFileId="1xYt6Mp1Ica-2C_VYS2mw_cfhxo3dMkg_"
STAMP     1yEIuuAPUvE0vAcM__QucJZgdJKpR0Nt2 -> driveFileId="1yEIuuAPUvE0vAcM__QucJZgdJKpR0Nt2"
STAMP     1yJjdDZ1ivU0if-T-d_uCYkH1rEIH-xs3 -> driveFileId="1yJjdDZ1ivU0if-T-d_uCYkH1rEIH-xs3"
STAMP     1yLSZnOX9RKJKliQpNvJ78yWhzJ51jLNW -> driveFileId="1yLSZnOX9RKJKliQpNvJ78yWhzJ51jLNW"
STAMP     1zeTBJoffgVoqJYvjvZ6p3Tmm1JGXeOvR -> driveFileId="1zeTBJoffgVoqJYvjvZ6p3Tmm1JGXeOvR"

=== Summary ===
  mode:              dry-run
  scanned:           625
  driveShapeMatched: 283
  alreadyStamped:    2
  wouldUpdate:       281
  mismatched:        0
  skippedUploadShape:342
{
  "summary": {
    "mode": "dry-run",
    "startedAt": "2026-05-25T17:05:49.189Z",
    "projectId": "crcmusiccharts",
    "scanned": 625,
    "driveShapeMatched": 283,
    "alreadyStamped": 2,
    "wouldUpdate": 281,
    "updated": 0,
    "mismatched": 0,
    "skippedUploadShape": 342,
    "writeErrors": 0
  },
  "records": [
    {
      "docId": "1-7s6O5YGk5noWiVhtktHwpr7SHOq8_09",
      "action": "would-stamp",
      "driveFileId": "1-7s6O5YGk5noWiVhtktHwpr7SHOq8_09"
    },
    {
      "docId": "1-GuL3x3yXCj4CpUieKyqriSYLIewYBW8",
      "action": "would-stamp",
      "driveFileId": "1-GuL3x3yXCj4CpUieKyqriSYLIewYBW8"
    },
    {
      "docId": "1-NNEkYLm4R7PJ7ttd1HVVQ55FYqps5fT",
      "action": "would-stamp",
      "driveFileId": "1-NNEkYLm4R7PJ7ttd1HVVQ55FYqps5fT"
    },
    {
      "docId": "1-aabMnNguIMwqICh3Yd5OOESSsX1YD1H",
      "action": "would-stamp",
      "driveFileId": "1-aabMnNguIMwqICh3Yd5OOESSsX1YD1H"
    },
    {
      "docId": "1-nZdkk3WmzecIti5rgOKG5Km7kditRSP",
      "action": "would-stamp",
      "driveFileId": "1-nZdkk3WmzecIti5rgOKG5Km7kditRSP"
    },
    {
      "docId": "1-utmHPjawkoiudZ9pjm5fLMCBoSDLgUU",
      "action": "would-stamp",
      "driveFileId": "1-utmHPjawkoiudZ9pjm5fLMCBoSDLgUU"
    },
    {
      "docId": "109L_MNigAZlIcxOJDVGu-mR1cPEWVDvH",
      "action": "would-stamp",
      "driveFileId": "109L_MNigAZlIcxOJDVGu-mR1cPEWVDvH"
    },
    {
      "docId": "10K2pRG64Mph8DzVOw11I2Pvxsg3LxCLf",
      "action": "would-stamp",
      "driveFileId": "10K2pRG64Mph8DzVOw11I2Pvxsg3LxCLf"
    },
    {
      "docId": "10_OkoTpn-27dVH3IEwtJXeC3L4rJsSs0",
      "action": "would-stamp",
      "driveFileId": "10_OkoTpn-27dVH3IEwtJXeC3L4rJsSs0"
    },
    {
      "docId": "10f54MTtUltfX4lm7YcxoV9MeXxtDXUWZ",
      "action": "would-stamp",
      "driveFileId": "10f54MTtUltfX4lm7YcxoV9MeXxtDXUWZ"
    },
    {
      "docId": "10i20SEfzKTvGJ5tqWfPScip78eXszCHH",
      "action": "would-stamp",
      "driveFileId": "10i20SEfzKTvGJ5tqWfPScip78eXszCHH"
    },
    {
      "docId": "10z53rDn8ZRw_m5esW54nbxBEjPTNIjp5",
      "action": "would-stamp",
      "driveFileId": "10z53rDn8ZRw_m5esW54nbxBEjPTNIjp5"
    },
    {
      "docId": "113D2wnFt1K9Vqgmp5pFn8wK6lnLEFwRL",
      "action": "would-stamp",
      "driveFileId": "113D2wnFt1K9Vqgmp5pFn8wK6lnLEFwRL"
    },
    {
      "docId": "11985wRgE09raY4usgF5Y6lIErTyoKKch",
      "action": "would-stamp",
      "driveFileId": "11985wRgE09raY4usgF5Y6lIErTyoKKch"
    },
    {
      "docId": "11bYBh-IiVb4eUxFythxUBdhfmbfZCiHY",
      "action": "would-stamp",
      "driveFileId": "11bYBh-IiVb4eUxFythxUBdhfmbfZCiHY"
    },
    {
      "docId": "11hnNdTgFcqqmK1ExZYEeM3HqqHLfC28y",
      "action": "would-stamp",
      "driveFileId": "11hnNdTgFcqqmK1ExZYEeM3HqqHLfC28y"
    },
    {
      "docId": "11vAgPi9J45X2b_MLc9SuqnNbKr_U2ePZ",
      "action": "would-stamp",
      "driveFileId": "11vAgPi9J45X2b_MLc9SuqnNbKr_U2ePZ"
    },
    {
      "docId": "11w4r08HnXYR-eRFzcMIs-ud4k1Ut1jwB",
      "action": "would-stamp",
      "driveFileId": "11w4r08HnXYR-eRFzcMIs-ud4k1Ut1jwB"
    },
    {
      "docId": "12JfLCHytM5q59btBQ05sz-V_SurQmUoT",
      "action": "would-stamp",
      "driveFileId": "12JfLCHytM5q59btBQ05sz-V_SurQmUoT"
    },
    {
      "docId": "12Q_6mN94HnSFNcDsHZtvzXX2TqXm9sqh",
      "action": "would-stamp",
      "driveFileId": "12Q_6mN94HnSFNcDsHZtvzXX2TqXm9sqh"
    },
    {
      "docId": "12if9gHg88ZqNMZjmLG1UH57GSriTHzqF",
      "action": "would-stamp",
      "driveFileId": "12if9gHg88ZqNMZjmLG1UH57GSriTHzqF"
    },
    {
      "docId": "12jOqCRu1d3CMEqEXhIlvtH6fISPb8_kU",
      "action": "would-stamp",
      "driveFileId": "12jOqCRu1d3CMEqEXhIlvtH6fISPb8_kU"
    },
    {
      "docId": "139wiZLQyzIVrwfjapGdfhzHHeZR7eiNk",
      "action": "would-stamp",
      "driveFileId": "139wiZLQyzIVrwfjapGdfhzHHeZR7eiNk"
    },
    {
      "docId": "13aYPTWGNeCpbOFk4CjccIWKvADcRvCNg",
      "action": "would-stamp",
      "driveFileId": "13aYPTWGNeCpbOFk4CjccIWKvADcRvCNg"
    },
    {
      "docId": "13xN_EFxJ0igz9oYROL_DGx-hj6cvbGOy",
      "action": "would-stamp",
      "driveFileId": "13xN_EFxJ0igz9oYROL_DGx-hj6cvbGOy"
    },
    {
      "docId": "14SMDmqaXkzSH_pAKYQ86cekbY7Doelfm",
      "action": "would-stamp",
      "driveFileId": "14SMDmqaXkzSH_pAKYQ86cekbY7Doelfm"
    },
    {
      "docId": "14vROgFHB9FPTgTE0su4ALy8Pno0L5o9UkX4DkzMK5zk",
      "action": "would-stamp",
      "driveFileId": "14vROgFHB9FPTgTE0su4ALy8Pno0L5o9UkX4DkzMK5zk"
    },
    {
      "docId": "15AghrjXqcoP12z70OGcZ7pY0EU8t7OBm",
      "action": "would-stamp",
      "driveFileId": "15AghrjXqcoP12z70OGcZ7pY0EU8t7OBm"
    },
    {
      "docId": "15JPaQTkyZckMCXWNuc0qQ6DWSiK1NBGJ",
      "action": "would-stamp",
      "driveFileId": "15JPaQTkyZckMCXWNuc0qQ6DWSiK1NBGJ"
    },
    {
      "docId": "15VGnxYtiSEEV_LfXc-oddi_fXCRaD7wK",
      "action": "would-stamp",
      "driveFileId": "15VGnxYtiSEEV_LfXc-oddi_fXCRaD7wK"
    },
    {
      "docId": "16hgfPydSNfbuAbTMWVRncQCJkwlxlMDB",
      "action": "would-stamp",
      "driveFileId": "16hgfPydSNfbuAbTMWVRncQCJkwlxlMDB"
    },
    {
      "docId": "173N8yeP19xEqNcofAbj0ZOnMK9pA7bGp",
      "action": "would-stamp",
      "driveFileId": "173N8yeP19xEqNcofAbj0ZOnMK9pA7bGp"
    },
    {
      "docId": "17AVgm1u0g862bhM8WnvvL54hc3tthymc",
      "action": "would-stamp",
      "driveFileId": "17AVgm1u0g862bhM8WnvvL54hc3tthymc"
    },
    {
      "docId": "17TDzffOQT4ohO2p7yQCudUTYbj1tRg28",
      "action": "already-stamped"
    },
    {
      "docId": "17WKpAjPPT6E8D2VpRgiwNEy9V48BtwhR",
      "action": "would-stamp",
      "driveFileId": "17WKpAjPPT6E8D2VpRgiwNEy9V48BtwhR"
    },
    {
      "docId": "17YFbGz0YNvC1o-K1VKRrqgZGae-WMsbg",
      "action": "would-stamp",
      "driveFileId": "17YFbGz0YNvC1o-K1VKRrqgZGae-WMsbg"
    },
    {
      "docId": "18TFm0ba9AzJ5kdyQQyNqbtRw-RdqBk_-",
      "action": "would-stamp",
      "driveFileId": "18TFm0ba9AzJ5kdyQQyNqbtRw-RdqBk_-"
    },
    {
      "docId": "18ip_oBzFOZmb6qwYHcHUerGvKlWLS9ZU",
      "action": "would-stamp",
      "driveFileId": "18ip_oBzFOZmb6qwYHcHUerGvKlWLS9ZU"
    },
    {
      "docId": "19E8aTettqSQO1ZVtVhXCPfUJw1dw0f3G",
      "action": "would-stamp",
      "driveFileId": "19E8aTettqSQO1ZVtVhXCPfUJw1dw0f3G"
    },
    {
      "docId": "19FuqP-rbkufIUdAVCGMbXLuvDJKnicZM",
      "action": "would-stamp",
      "driveFileId": "19FuqP-rbkufIUdAVCGMbXLuvDJKnicZM"
    },
    {
      "docId": "19HZjTlXx_pXGMy3VV5k-o71vIB6amI9S",
      "action": "would-stamp",
      "driveFileId": "19HZjTlXx_pXGMy3VV5k-o71vIB6amI9S"
    },
    {
      "docId": "19JE0aPISEwHYTC5RtieFX1EOVdYTP-yV",
      "action": "would-stamp",
      "driveFileId": "19JE0aPISEwHYTC5RtieFX1EOVdYTP-yV"
    },
    {
      "docId": "19W6W99B9smYQqqZEtU2fYUTLvrV4HjDG",
      "action": "would-stamp",
      "driveFileId": "19W6W99B9smYQqqZEtU2fYUTLvrV4HjDG"
    },
    {
      "docId": "19XVik7nlDmoUr8CcBJbjDsecLuqInQ_Z",
      "action": "would-stamp",
      "driveFileId": "19XVik7nlDmoUr8CcBJbjDsecLuqInQ_Z"
    },
    {
      "docId": "19aJQKD1H868a8tDZFphNLPh_rH4tFwLN",
      "action": "would-stamp",
      "driveFileId": "19aJQKD1H868a8tDZFphNLPh_rH4tFwLN"
    },
    {
      "docId": "19bFqLwp-TX_T3xlnV78DoMj3U80FsehP",
      "action": "would-stamp",
      "driveFileId": "19bFqLwp-TX_T3xlnV78DoMj3U80FsehP"
    },
    {
      "docId": "19pHyy-g7WN48xqh6IEtRSWpqBQCkWftP",
      "action": "would-stamp",
      "driveFileId": "19pHyy-g7WN48xqh6IEtRSWpqBQCkWftP"
    },
    {
      "docId": "1AFK0Bydf8HZC2EOKbirdssqAS-52JBtr",
      "action": "would-stamp",
      "driveFileId": "1AFK0Bydf8HZC2EOKbirdssqAS-52JBtr"
    },
    {
      "docId": "1AIwCXDw1mGHm_uhaoJfbpkri-ibzOLI4",
      "action": "would-stamp",
      "driveFileId": "1AIwCXDw1mGHm_uhaoJfbpkri-ibzOLI4"
    },
    {
      "docId": "1ARw4lnY2SdZO2ka7aj-rkxkdP_iEWm37",
      "action": "would-stamp",
      "driveFileId": "1ARw4lnY2SdZO2ka7aj-rkxkdP_iEWm37"
    },
    {
      "docId": "1AZumqP1QVsv_1AQRi6DeO4RfBcP5mlkg",
      "action": "would-stamp",
      "driveFileId": "1AZumqP1QVsv_1AQRi6DeO4RfBcP5mlkg"
    },
    {
      "docId": "1BLARziE-ImWCPWDoU8utX5Cu7Jm4mxxJ",
      "action": "would-stamp",
      "driveFileId": "1BLARziE-ImWCPWDoU8utX5Cu7Jm4mxxJ"
    },
    {
      "docId": "1BLrzro7SQrZVdapxuo0I_vSv-KpeXbLp",
      "action": "would-stamp",
      "driveFileId": "1BLrzro7SQrZVdapxuo0I_vSv-KpeXbLp"
    },
    {
      "docId": "1BQ-zjhN7hoUCooF02Z1mawgtMZJ_EfEM",
      "action": "would-stamp",
      "driveFileId": "1BQ-zjhN7hoUCooF02Z1mawgtMZJ_EfEM"
    },
    {
      "docId": "1BfI_rzgNRfVwjDAD2ynhXkUW257MumjT",
      "action": "would-stamp",
      "driveFileId": "1BfI_rzgNRfVwjDAD2ynhXkUW257MumjT"
    },
    {
      "docId": "1BfwOSMZIDkTfRrjMDRBpz8B9qAZAdJh9",
      "action": "would-stamp",
      "driveFileId": "1BfwOSMZIDkTfRrjMDRBpz8B9qAZAdJh9"
    },
    {
      "docId": "1BlUWuZh0eWe6BLpBYjJLpY1VJXyiISHr",
      "action": "would-stamp",
      "driveFileId": "1BlUWuZh0eWe6BLpBYjJLpY1VJXyiISHr"
    },
    {
      "docId": "1Bquaq3tlSoRAovWcCkynShUuepgEgYZ_",
      "action": "would-stamp",
      "driveFileId": "1Bquaq3tlSoRAovWcCkynShUuepgEgYZ_"
    },
    {
      "docId": "1CKCIpT3q8q4257D2i6klXsRl8GFWpJee",
      "action": "would-stamp",
      "driveFileId": "1CKCIpT3q8q4257D2i6klXsRl8GFWpJee"
    },
    {
      "docId": "1Cw69wE2-8eUViZ6ID66nULfNVDVU_est",
      "action": "would-stamp",
      "driveFileId": "1Cw69wE2-8eUViZ6ID66nULfNVDVU_est"
    },
    {
      "docId": "1CwH1LALn4s3bDRyyRQvLlLnbc6j7zhXH",
      "action": "would-stamp",
      "driveFileId": "1CwH1LALn4s3bDRyyRQvLlLnbc6j7zhXH"
    },
    {
      "docId": "1D-rUMfhk4pinIQX97bYMi_rsKaNoS9s4",
      "action": "would-stamp",
      "driveFileId": "1D-rUMfhk4pinIQX97bYMi_rsKaNoS9s4"
    },
    {
      "docId": "1D08wPsT5Fk5nm-uXW9tHf50BvccX5gu3",
      "action": "would-stamp",
      "driveFileId": "1D08wPsT5Fk5nm-uXW9tHf50BvccX5gu3"
    },
    {
      "docId": "1DF0UOysVOpGEGkSswU3FwEvjU_lcRm5_",
      "action": "would-stamp",
      "driveFileId": "1DF0UOysVOpGEGkSswU3FwEvjU_lcRm5_"
    },
    {
      "docId": "1DYQ4IZXCMjtCIzxCD2lkLEofO5q-sf6r",
      "action": "would-stamp",
      "driveFileId": "1DYQ4IZXCMjtCIzxCD2lkLEofO5q-sf6r"
    },
    {
      "docId": "1D_ERo9369UkNlZGO3FLYhYPatkY2m4Jm",
      "action": "would-stamp",
      "driveFileId": "1D_ERo9369UkNlZGO3FLYhYPatkY2m4Jm"
    },
    {
      "docId": "1DclXj1fcg3VTtf82HECzbk51-3GeowPH",
      "action": "would-stamp",
      "driveFileId": "1DclXj1fcg3VTtf82HECzbk51-3GeowPH"
    },
    {
      "docId": "1DeiuwNlb8i8nwz3vUwaXdiNIICSdPgTt",
      "action": "would-stamp",
      "driveFileId": "1DeiuwNlb8i8nwz3vUwaXdiNIICSdPgTt"
    },
    {
      "docId": "1DiSbHUzzXGAAl3je1g40Q-pEM2rR3laa",
      "action": "would-stamp",
      "driveFileId": "1DiSbHUzzXGAAl3je1g40Q-pEM2rR3laa"
    },
    {
      "docId": "1DncwbDd_B0LnGRNRmBQCG6D4_7MoV1nI",
      "action": "would-stamp",
      "driveFileId": "1DncwbDd_B0LnGRNRmBQCG6D4_7MoV1nI"
    },
    {
      "docId": "1Dx-47EpIUtGvo15ItMA_Imb6IijHC6uM",
      "action": "would-stamp",
      "driveFileId": "1Dx-47EpIUtGvo15ItMA_Imb6IijHC6uM"
    },
    {
      "docId": "1EPzxHjEkvvHnIQm7L98X4hl8DvuJFHQh",
      "action": "would-stamp",
      "driveFileId": "1EPzxHjEkvvHnIQm7L98X4hl8DvuJFHQh"
    },
    {
      "docId": "1Eas8fNP2KqWkqnSXrrE9mB74xwA962-7",
      "action": "would-stamp",
      "driveFileId": "1Eas8fNP2KqWkqnSXrrE9mB74xwA962-7"
    },
    {
      "docId": "1EhNYnQc4YBzD_vtTZRunaNW2dhS57E0s",
      "action": "would-stamp",
      "driveFileId": "1EhNYnQc4YBzD_vtTZRunaNW2dhS57E0s"
    },
    {
      "docId": "1EiJJKn3ZmsWnXVYiEjMHQmR17t0ByDbG",
      "action": "would-stamp",
      "driveFileId": "1EiJJKn3ZmsWnXVYiEjMHQmR17t0ByDbG"
    },
    {
      "docId": "1EppZUInFMrBcjl9nU9p-5d7sCJYO6gfz",
      "action": "would-stamp",
      "driveFileId": "1EppZUInFMrBcjl9nU9p-5d7sCJYO6gfz"
    },
    {
      "docId": "1Et48zTFQny12HjkFv25Wz7L7-wAqvZmg",
      "action": "would-stamp",
      "driveFileId": "1Et48zTFQny12HjkFv25Wz7L7-wAqvZmg"
    },
    {
      "docId": "1Exi_bsvw4nK0AUkW12bGwJ2WzZ-B5cS0",
      "action": "would-stamp",
      "driveFileId": "1Exi_bsvw4nK0AUkW12bGwJ2WzZ-B5cS0"
    },
    {
      "docId": "1FGzPfLlSH3fzQtHAht3SfRoWLUFWICl1",
      "action": "would-stamp",
      "driveFileId": "1FGzPfLlSH3fzQtHAht3SfRoWLUFWICl1"
    },
    {
      "docId": "1FNvv9UToD9t1k4FqXhWPzb50naHZfo-T",
      "action": "would-stamp",
      "driveFileId": "1FNvv9UToD9t1k4FqXhWPzb50naHZfo-T"
    },
    {
      "docId": "1FZw5QmsYPhe2hNLnAz8CWD1yN0lruOXP",
      "action": "would-stamp",
      "driveFileId": "1FZw5QmsYPhe2hNLnAz8CWD1yN0lruOXP"
    },
    {
      "docId": "1FsZhGl3bxWja_KLVAliZb2hHg88JBcw3",
      "action": "would-stamp",
      "driveFileId": "1FsZhGl3bxWja_KLVAliZb2hHg88JBcw3"
    },
    {
      "docId": "1G4DJBRKB_DwZXJ7yqeQVkRR-5-R7EvU9",
      "action": "would-stamp",
      "driveFileId": "1G4DJBRKB_DwZXJ7yqeQVkRR-5-R7EvU9"
    },
    {
      "docId": "1G4kvrAslYsUezK2fy696w8XUt3T-zEjR",
      "action": "would-stamp",
      "driveFileId": "1G4kvrAslYsUezK2fy696w8XUt3T-zEjR"
    },
    {
      "docId": "1G4mI5dUgORJlwew8HnndtuORNLq89SgYXpQLYPJV12E",
      "action": "would-stamp",
      "driveFileId": "1G4mI5dUgORJlwew8HnndtuORNLq89SgYXpQLYPJV12E"
    },
    {
      "docId": "1G90XvxjphRA3ZenORmcO1P3FDUQJQNjugwN4D5aDb4s",
      "action": "would-stamp",
      "driveFileId": "1G90XvxjphRA3ZenORmcO1P3FDUQJQNjugwN4D5aDb4s"
    },
    {
      "docId": "1GOBhTkfPUz1vg_dgbnwS7eNDNdPkRcCA",
      "action": "would-stamp",
      "driveFileId": "1GOBhTkfPUz1vg_dgbnwS7eNDNdPkRcCA"
    },
    {
      "docId": "1GU2wRegmUYj-jSqRpTBv2xV9Ywx7OrgAEn2_UyXjTdc",
      "action": "would-stamp",
      "driveFileId": "1GU2wRegmUYj-jSqRpTBv2xV9Ywx7OrgAEn2_UyXjTdc"
    },
    {
      "docId": "1GpH741dvm8j8CQOPzHPE0w9b_7Sl2q6X",
      "action": "would-stamp",
      "driveFileId": "1GpH741dvm8j8CQOPzHPE0w9b_7Sl2q6X"
    },
    {
      "docId": "1Gtp4pR3MGaRK7ZjjX4Rtmjg2anfvoEsN",
      "action": "would-stamp",
      "driveFileId": "1Gtp4pR3MGaRK7ZjjX4Rtmjg2anfvoEsN"
    },
    {
      "docId": "1H9292Q0XH0-lmNf0sso3vpKhqdONpuAhsyMj2yIGIwg",
      "action": "would-stamp",
      "driveFileId": "1H9292Q0XH0-lmNf0sso3vpKhqdONpuAhsyMj2yIGIwg"
    },
    {
      "docId": "1HDRDxBLX7Rj41qF1LDcDAdi2cmPYOAQ96xj8IXB9GvA",
      "action": "would-stamp",
      "driveFileId": "1HDRDxBLX7Rj41qF1LDcDAdi2cmPYOAQ96xj8IXB9GvA"
    },
    {
      "docId": "1HVCUZLeCu2_W3G3hMDwYxXd7o519rlcO",
      "action": "would-stamp",
      "driveFileId": "1HVCUZLeCu2_W3G3hMDwYxXd7o519rlcO"
    },
    {
      "docId": "1HmJ7mu9qYx6eGVaJcg88Hklsei7bnjcAR-ZYmjkgfbU",
      "action": "would-stamp",
      "driveFileId": "1HmJ7mu9qYx6eGVaJcg88Hklsei7bnjcAR-ZYmjkgfbU"
    },
    {
      "docId": "1Ho4zPDwCihy2HOt7f7MuVRMMLbFMLWYR",
      "action": "would-stamp",
      "driveFileId": "1Ho4zPDwCihy2HOt7f7MuVRMMLbFMLWYR"
    },
    {
      "docId": "1Hq-7tDIFY0C7NbCgDR6zZC1rlkib3xOQ",
      "action": "would-stamp",
      "driveFileId": "1Hq-7tDIFY0C7NbCgDR6zZC1rlkib3xOQ"
    },
    {
      "docId": "1ITxhruZY56v3j96hnqsk7YJ32-0coLcZ",
      "action": "would-stamp",
      "driveFileId": "1ITxhruZY56v3j96hnqsk7YJ32-0coLcZ"
    },
    {
      "docId": "1IpxlOczNDtSg6GMI5cY4nrM2vBEAIiBy",
      "action": "would-stamp",
      "driveFileId": "1IpxlOczNDtSg6GMI5cY4nrM2vBEAIiBy"
    },
    {
      "docId": "1J4XKbecFdEJiEt-yuXWLmAXGqTi8L_Mk",
      "action": "would-stamp",
      "driveFileId": "1J4XKbecFdEJiEt-yuXWLmAXGqTi8L_Mk"
    },
    {
      "docId": "1J6H_F6Ba02_rMRQEJbi_lBbMXCBag6SQ",
      "action": "would-stamp",
      "driveFileId": "1J6H_F6Ba02_rMRQEJbi_lBbMXCBag6SQ"
    },
    {
      "docId": "1J_RYWUgwlAoPrq29DN6VoDFft3YpMSom",
      "action": "would-stamp",
      "driveFileId": "1J_RYWUgwlAoPrq29DN6VoDFft3YpMSom"
    },
    {
      "docId": "1J_YSGz4C9Fmx2CDQpUJ9iC5O19uA0j8o",
      "action": "would-stamp",
      "driveFileId": "1J_YSGz4C9Fmx2CDQpUJ9iC5O19uA0j8o"
    },
    {
      "docId": "1JhWf3p0Y1wmJaVNL40XFyNqSuFCwLxIw",
      "action": "would-stamp",
      "driveFileId": "1JhWf3p0Y1wmJaVNL40XFyNqSuFCwLxIw"
    },
    {
      "docId": "1JlQ6xacP4pH5FZ6ja_kaZ2DayoEpkrZs",
      "action": "would-stamp",
      "driveFileId": "1JlQ6xacP4pH5FZ6ja_kaZ2DayoEpkrZs"
    },
    {
      "docId": "1K6ENNHsN324AcZmC6tFLLSdAKSpSyqF1",
      "action": "would-stamp",
      "driveFileId": "1K6ENNHsN324AcZmC6tFLLSdAKSpSyqF1"
    },
    {
      "docId": "1K6cAZSsAcxurLVyHjW3MKCpfZzseE5kQ",
      "action": "would-stamp",
      "driveFileId": "1K6cAZSsAcxurLVyHjW3MKCpfZzseE5kQ"
    },
    {
      "docId": "1KV7ImMQF2i82sfPj9wvCnsZWZWo1SGlS",
      "action": "would-stamp",
      "driveFileId": "1KV7ImMQF2i82sfPj9wvCnsZWZWo1SGlS"
    },
    {
      "docId": "1LIQvf7FQmRRKpfI1lP06PH70ef6Rn5I3",
      "action": "would-stamp",
      "driveFileId": "1LIQvf7FQmRRKpfI1lP06PH70ef6Rn5I3"
    },
    {
      "docId": "1LPfmwfa8On5YHco9nC-dt5IyWk7QO4gV",
      "action": "would-stamp",
      "driveFileId": "1LPfmwfa8On5YHco9nC-dt5IyWk7QO4gV"
    },
    {
      "docId": "1LYIRI8GH4fA9Typust_4D98LjOWo5eSn",
      "action": "would-stamp",
      "driveFileId": "1LYIRI8GH4fA9Typust_4D98LjOWo5eSn"
    },
    {
      "docId": "1MQBRtiDK77MOTTKR25mEZEqmclSRat1q",
      "action": "would-stamp",
      "driveFileId": "1MQBRtiDK77MOTTKR25mEZEqmclSRat1q"
    },
    {
      "docId": "1Mqje155L1D2TpfeoLycAL_pxEs04epFw",
      "action": "would-stamp",
      "driveFileId": "1Mqje155L1D2TpfeoLycAL_pxEs04epFw"
    },
    {
      "docId": "1N3sQbSjY_Cq_ykw6zp32XvAJfq9tjvYG",
      "action": "would-stamp",
      "driveFileId": "1N3sQbSjY_Cq_ykw6zp32XvAJfq9tjvYG"
    },
    {
      "docId": "1NTR6j9rhwHAwoZjX34AVdyymz9IvPkTz",
      "action": "would-stamp",
      "driveFileId": "1NTR6j9rhwHAwoZjX34AVdyymz9IvPkTz"
    },
    {
      "docId": "1NhFwI5Bf91gSuCiONrIAj-SttN6GEG3u",
      "action": "would-stamp",
      "driveFileId": "1NhFwI5Bf91gSuCiONrIAj-SttN6GEG3u"
    },
    {
      "docId": "1NqqJXEfTW1_B0sWBlcqAM4paZJOOmLuk",
      "action": "would-stamp",
      "driveFileId": "1NqqJXEfTW1_B0sWBlcqAM4paZJOOmLuk"
    },
    {
      "docId": "1Nz7ih3xr6Wb2XMeZZgrLJDCq_NoNAz7v",
      "action": "would-stamp",
      "driveFileId": "1Nz7ih3xr6Wb2XMeZZgrLJDCq_NoNAz7v"
    },
    {
      "docId": "1O1pvTb9_U_1Dh9TCookPxS7AlwfMA_Nh",
      "action": "would-stamp",
      "driveFileId": "1O1pvTb9_U_1Dh9TCookPxS7AlwfMA_Nh"
    },
    {
      "docId": "1OUhfx4EW3ZAtuh-ZPnHxTF4-wGOJdBFy",
      "action": "would-stamp",
      "driveFileId": "1OUhfx4EW3ZAtuh-ZPnHxTF4-wGOJdBFy"
    },
    {
      "docId": "1PL-rwuqZOnftWzBFYa4ElTWinUpLSiyo",
      "action": "would-stamp",
      "driveFileId": "1PL-rwuqZOnftWzBFYa4ElTWinUpLSiyo"
    },
    {
      "docId": "1PYUlbQY0hweTHW2Qrc7Xn3_9vlHaUtee",
      "action": "would-stamp",
      "driveFileId": "1PYUlbQY0hweTHW2Qrc7Xn3_9vlHaUtee"
    },
    {
      "docId": "1PYjUUqxH12ip7Uz5aFP7q1wRKwi-pKbvVNJB8G-wV6k",
      "action": "would-stamp",
      "driveFileId": "1PYjUUqxH12ip7Uz5aFP7q1wRKwi-pKbvVNJB8G-wV6k"
    },
    {
      "docId": "1PxJ-AxXwI5GUS4s_RutSAO_gEsDF8Got",
      "action": "would-stamp",
      "driveFileId": "1PxJ-AxXwI5GUS4s_RutSAO_gEsDF8Got"
    },
    {
      "docId": "1Q27iTstQskArSk4-kHFfN0ZnQjV7Oau8",
      "action": "would-stamp",
      "driveFileId": "1Q27iTstQskArSk4-kHFfN0ZnQjV7Oau8"
    },
    {
      "docId": "1Q6yGoFDerBBWV7OYovZweFEIbzgRv--w",
      "action": "would-stamp",
      "driveFileId": "1Q6yGoFDerBBWV7OYovZweFEIbzgRv--w"
    },
    {
      "docId": "1QOy2Lbs3AIj6LGvsnbstcihltGK5r7KQ",
      "action": "would-stamp",
      "driveFileId": "1QOy2Lbs3AIj6LGvsnbstcihltGK5r7KQ"
    },
    {
      "docId": "1QvrCC8R1yvCbK5jIB-yqw-vMQX1S62It637BHwSMaX4",
      "action": "would-stamp",
      "driveFileId": "1QvrCC8R1yvCbK5jIB-yqw-vMQX1S62It637BHwSMaX4"
    },
    {
      "docId": "1R7lq5sBnwIH6WxZda_IshPjTpAtN30tJ",
      "action": "would-stamp",
      "driveFileId": "1R7lq5sBnwIH6WxZda_IshPjTpAtN30tJ"
    },
    {
      "docId": "1RBpYbHvv44QhjezUIkQgWPN0nnel3zuy",
      "action": "would-stamp",
      "driveFileId": "1RBpYbHvv44QhjezUIkQgWPN0nnel3zuy"
    },
    {
      "docId": "1RQzrqpgVhkcL3tvBWGCYUIhtPNhF1Fnr",
      "action": "would-stamp",
      "driveFileId": "1RQzrqpgVhkcL3tvBWGCYUIhtPNhF1Fnr"
    },
    {
      "docId": "1RV-_S-0vCgswP7VfskC6wIchaBDQFNDa",
      "action": "would-stamp",
      "driveFileId": "1RV-_S-0vCgswP7VfskC6wIchaBDQFNDa"
    },
    {
      "docId": "1SH9vxGsFfIJ4mU_FaAaIX13hThwuqfH5",
      "action": "would-stamp",
      "driveFileId": "1SH9vxGsFfIJ4mU_FaAaIX13hThwuqfH5"
    },
    {
      "docId": "1SYdDp-DbhO7e362YRZr3GQQ1pGwrdUlc",
      "action": "would-stamp",
      "driveFileId": "1SYdDp-DbhO7e362YRZr3GQQ1pGwrdUlc"
    },
    {
      "docId": "1Sh8IiLb3n9iit1ImvlvS2SYvprbwLRRf",
      "action": "would-stamp",
      "driveFileId": "1Sh8IiLb3n9iit1ImvlvS2SYvprbwLRRf"
    },
    {
      "docId": "1TCP25KtpY0BZ1ixLPMSkhT7_HdFNW7IL",
      "action": "would-stamp",
      "driveFileId": "1TCP25KtpY0BZ1ixLPMSkhT7_HdFNW7IL"
    },
    {
      "docId": "1TJwxurV4SgcpM58SG9x6hQ8e7cY6Yp9T",
      "action": "would-stamp",
      "driveFileId": "1TJwxurV4SgcpM58SG9x6hQ8e7cY6Yp9T"
    },
    {
      "docId": "1TRCzECDBOal5mr1SFh7JEY-r-NkhtaaW",
      "action": "would-stamp",
      "driveFileId": "1TRCzECDBOal5mr1SFh7JEY-r-NkhtaaW"
    },
    {
      "docId": "1TeiP5BlGnlP9ogYXO9yFL25J1Tz5k_RX",
      "action": "would-stamp",
      "driveFileId": "1TeiP5BlGnlP9ogYXO9yFL25J1Tz5k_RX"
    },
    {
      "docId": "1Tlx0xppOSXNZpO1idUqg2bNQfhyUgrfa",
      "action": "would-stamp",
      "driveFileId": "1Tlx0xppOSXNZpO1idUqg2bNQfhyUgrfa"
    },
    {
      "docId": "1U9Ku90io-9lvaPNt6_vDv1rxjTLZaEGc",
      "action": "would-stamp",
      "driveFileId": "1U9Ku90io-9lvaPNt6_vDv1rxjTLZaEGc"
    },
    {
      "docId": "1UC0SmGpSLTNyH998kCfMaJzcZPkSOATA",
      "action": "would-stamp",
      "driveFileId": "1UC0SmGpSLTNyH998kCfMaJzcZPkSOATA"
    },
    {
      "docId": "1URRI7OBQnlsji5zn3oMkx6IplU3qhw99",
      "action": "would-stamp",
      "driveFileId": "1URRI7OBQnlsji5zn3oMkx6IplU3qhw99"
    },
    {
      "docId": "1URzdt7mdDjXZjO6J0ibl_E4SukMxfD4t",
      "action": "would-stamp",
      "driveFileId": "1URzdt7mdDjXZjO6J0ibl_E4SukMxfD4t"
    },
    {
      "docId": "1Uf0bVHJJ_PHn6gZ0OtGRf2RFytrx01qU",
      "action": "would-stamp",
      "driveFileId": "1Uf0bVHJJ_PHn6gZ0OtGRf2RFytrx01qU"
    },
    {
      "docId": "1V2T04NsfROLjyEDOvAc0F3Bz_Tc20Kzi",
      "action": "would-stamp",
      "driveFileId": "1V2T04NsfROLjyEDOvAc0F3Bz_Tc20Kzi"
    },
    {
      "docId": "1VFVL-HAEa1XHVcqTPiIV-_DSlOdg4M2V",
      "action": "would-stamp",
      "driveFileId": "1VFVL-HAEa1XHVcqTPiIV-_DSlOdg4M2V"
    },
    {
      "docId": "1VSB3wRDJN_1nvab8nyNG3W65QXup2YQV",
      "action": "would-stamp",
      "driveFileId": "1VSB3wRDJN_1nvab8nyNG3W65QXup2YQV"
    },
    {
      "docId": "1VXSQUMCADACnGEitvANMLuBF3BsJa_b9",
      "action": "would-stamp",
      "driveFileId": "1VXSQUMCADACnGEitvANMLuBF3BsJa_b9"
    },
    {
      "docId": "1VbcRGqSXF28Kf4DWdddpeQ9ANcV8W5CL",
      "action": "would-stamp",
      "driveFileId": "1VbcRGqSXF28Kf4DWdddpeQ9ANcV8W5CL"
    },
    {
      "docId": "1VcD-E7ZKj48zN-20JaJT2MOLB-5WSkpR",
      "action": "would-stamp",
      "driveFileId": "1VcD-E7ZKj48zN-20JaJT2MOLB-5WSkpR"
    },
    {
      "docId": "1VetfwZmNivMhVPjWFiShdhCRBoncTQOh",
      "action": "would-stamp",
      "driveFileId": "1VetfwZmNivMhVPjWFiShdhCRBoncTQOh"
    },
    {
      "docId": "1VmpBREQWoux2gOCAeMzNPlZ1VWLCWQdf",
      "action": "would-stamp",
      "driveFileId": "1VmpBREQWoux2gOCAeMzNPlZ1VWLCWQdf"
    },
    {
      "docId": "1VuMq83_0W8ya9SCeBaQ0vCvuFeHgGHeC",
      "action": "would-stamp",
      "driveFileId": "1VuMq83_0W8ya9SCeBaQ0vCvuFeHgGHeC"
    },
    {
      "docId": "1W3mVu5MmsLklXhhh6WpQe5KrCr71Z6iJ",
      "action": "would-stamp",
      "driveFileId": "1W3mVu5MmsLklXhhh6WpQe5KrCr71Z6iJ"
    },
    {
      "docId": "1WJag4LEVyYDL2YxvWxiDBM5zgTzOgfAm",
      "action": "would-stamp",
      "driveFileId": "1WJag4LEVyYDL2YxvWxiDBM5zgTzOgfAm"
    },
    {
      "docId": "1WNBHOQhMyr8Aokyp1ECGCibyUZr0UnFT",
      "action": "would-stamp",
      "driveFileId": "1WNBHOQhMyr8Aokyp1ECGCibyUZr0UnFT"
    },
    {
      "docId": "1WdIXm5jTtgtcBcQC_MggjybIGfP2b604",
      "action": "would-stamp",
      "driveFileId": "1WdIXm5jTtgtcBcQC_MggjybIGfP2b604"
    },
    {
      "docId": "1WusU1xlwOKQvKu2kemrowh6oZ16S9UeR",
      "action": "would-stamp",
      "driveFileId": "1WusU1xlwOKQvKu2kemrowh6oZ16S9UeR"
    },
    {
      "docId": "1X1rYxPSOC_CME5P72Sjf-HVYczAVt7TK",
      "action": "would-stamp",
      "driveFileId": "1X1rYxPSOC_CME5P72Sjf-HVYczAVt7TK"
    },
    {
      "docId": "1X6St0GAreLGpJIcPMdA4HJlohuFhPp5W",
      "action": "would-stamp",
      "driveFileId": "1X6St0GAreLGpJIcPMdA4HJlohuFhPp5W"
    },
    {
      "docId": "1X9O_4wIudGORlU9rZ-i2Ub7zN4tBhLt-",
      "action": "would-stamp",
      "driveFileId": "1X9O_4wIudGORlU9rZ-i2Ub7zN4tBhLt-"
    },
    {
      "docId": "1X9l2ZE7dGrJdej9Fr3PFieVt9EE3dEYT",
      "action": "would-stamp",
      "driveFileId": "1X9l2ZE7dGrJdej9Fr3PFieVt9EE3dEYT"
    },
    {
      "docId": "1XVmOLlmKI2ztKTsVOg2-YbkJ9_DzJA7A23gJp-s_Xu4",
      "action": "would-stamp",
      "driveFileId": "1XVmOLlmKI2ztKTsVOg2-YbkJ9_DzJA7A23gJp-s_Xu4"
    },
    {
      "docId": "1Y6ELHFu--GfuIz3FgiHitfWyjG4OZvQ0",
      "action": "would-stamp",
      "driveFileId": "1Y6ELHFu--GfuIz3FgiHitfWyjG4OZvQ0"
    },
    {
      "docId": "1YkIEE4lx2Vp3U2nQA2M8nIKCBgFoylhf",
      "action": "would-stamp",
      "driveFileId": "1YkIEE4lx2Vp3U2nQA2M8nIKCBgFoylhf"
    },
    {
      "docId": "1YuN6XyS2oLDWE-6F7JztRAtBz7K_lTBL",
      "action": "would-stamp",
      "driveFileId": "1YuN6XyS2oLDWE-6F7JztRAtBz7K_lTBL"
    },
    {
      "docId": "1YuXOp7krlxedG4OGIXmIDWv55LZNRIlL",
      "action": "would-stamp",
      "driveFileId": "1YuXOp7krlxedG4OGIXmIDWv55LZNRIlL"
    },
    {
      "docId": "1Z37pBaRXW45LQ551WSfMFzDHQ8jFYt0x",
      "action": "would-stamp",
      "driveFileId": "1Z37pBaRXW45LQ551WSfMFzDHQ8jFYt0x"
    },
    {
      "docId": "1ZPh6Ge2WUl21w2sL7gq0rf1q3396QL07",
      "action": "would-stamp",
      "driveFileId": "1ZPh6Ge2WUl21w2sL7gq0rf1q3396QL07"
    },
    {
      "docId": "1ZQUvXg4McVGhlkQ9rnJM4_2pdHup9mFBDXqoHqZtAds",
      "action": "would-stamp",
      "driveFileId": "1ZQUvXg4McVGhlkQ9rnJM4_2pdHup9mFBDXqoHqZtAds"
    },
    {
      "docId": "1Zj5951AvRUwUdE8FeBuqMj1u615u3q84",
      "action": "would-stamp",
      "driveFileId": "1Zj5951AvRUwUdE8FeBuqMj1u615u3q84"
    },
    {
      "docId": "1ZuXxV8dAhfFRXaXaSk1zAbbp9yce8MwH",
      "action": "would-stamp",
      "driveFileId": "1ZuXxV8dAhfFRXaXaSk1zAbbp9yce8MwH"
    },
    {
      "docId": "1ZvnGWrEAwXkF5RNAPJE1bjRx0vP5JSFH",
      "action": "would-stamp",
      "driveFileId": "1ZvnGWrEAwXkF5RNAPJE1bjRx0vP5JSFH"
    },
    {
      "docId": "1ZvsnHlvqAirjvpbWJ1FWAM2IgEuLbPOO",
      "action": "would-stamp",
      "driveFileId": "1ZvsnHlvqAirjvpbWJ1FWAM2IgEuLbPOO"
    },
    {
      "docId": "1_AGMn2Ls4Eo15tDwC4vtrGeHvu4aoe8f",
      "action": "would-stamp",
      "driveFileId": "1_AGMn2Ls4Eo15tDwC4vtrGeHvu4aoe8f"
    },
    {
      "docId": "1_E1AIJH9j0I-jkESHlhKFN8ZGazdusFd",
      "action": "would-stamp",
      "driveFileId": "1_E1AIJH9j0I-jkESHlhKFN8ZGazdusFd"
    },
    {
      "docId": "1_Gd8degQp-_CwXhYQM_jtxqRCtjdKvTi",
      "action": "would-stamp",
      "driveFileId": "1_Gd8degQp-_CwXhYQM_jtxqRCtjdKvTi"
    },
    {
      "docId": "1_O1lxgddm1zhWk2iL7xINC9evUx4zbzn",
      "action": "would-stamp",
      "driveFileId": "1_O1lxgddm1zhWk2iL7xINC9evUx4zbzn"
    },
    {
      "docId": "1av4wG0mTcKSjYTwKWbDoynvNrFdwSCrW",
      "action": "would-stamp",
      "driveFileId": "1av4wG0mTcKSjYTwKWbDoynvNrFdwSCrW"
    },
    {
      "docId": "1b9n_WsSuXkjbAgYcnK1M9XVTHNOalKAq",
      "action": "would-stamp",
      "driveFileId": "1b9n_WsSuXkjbAgYcnK1M9XVTHNOalKAq"
    },
    {
      "docId": "1bOTH11M28N7_c7avQGTYwzhhQlM2vKEK",
      "action": "would-stamp",
      "driveFileId": "1bOTH11M28N7_c7avQGTYwzhhQlM2vKEK"
    },
    {
      "docId": "1bntK0UHLQmq_z1dNsek7Rwue_HNr4jNQ",
      "action": "would-stamp",
      "driveFileId": "1bntK0UHLQmq_z1dNsek7Rwue_HNr4jNQ"
    },
    {
      "docId": "1cFzp0F-TbCdUFtjJwJ6yPCxQi9IIkpR7",
      "action": "would-stamp",
      "driveFileId": "1cFzp0F-TbCdUFtjJwJ6yPCxQi9IIkpR7"
    },
    {
      "docId": "1cGBg4BgdM5ZJ2HFQOMZv4mxzoJrAHNez",
      "action": "would-stamp",
      "driveFileId": "1cGBg4BgdM5ZJ2HFQOMZv4mxzoJrAHNez"
    },
    {
      "docId": "1cISCkDz9PYogPzoAH8nK0uOc92ItKORV",
      "action": "would-stamp",
      "driveFileId": "1cISCkDz9PYogPzoAH8nK0uOc92ItKORV"
    },
    {
      "docId": "1cXHGyTKzQ3Dxgf2wBk4iTNTAgxKgZbtp",
      "action": "would-stamp",
      "driveFileId": "1cXHGyTKzQ3Dxgf2wBk4iTNTAgxKgZbtp"
    },
    {
      "docId": "1cZ0dW7ioUqQkV8m2ENr0ExEpMuYiP7ov6vy790kjbe4",
      "action": "would-stamp",
      "driveFileId": "1cZ0dW7ioUqQkV8m2ENr0ExEpMuYiP7ov6vy790kjbe4"
    },
    {
      "docId": "1c_8FuLAzM3S7TECBb4e1o11oUdoN8tlK",
      "action": "would-stamp",
      "driveFileId": "1c_8FuLAzM3S7TECBb4e1o11oUdoN8tlK"
    },
    {
      "docId": "1ch79JH6B3rWcMnSLd9HtO4myytRHoicd",
      "action": "would-stamp",
      "driveFileId": "1ch79JH6B3rWcMnSLd9HtO4myytRHoicd"
    },
    {
      "docId": "1cqxulkFHUjA0-w6tmUwK6t4TnPgLWbpx",
      "action": "would-stamp",
      "driveFileId": "1cqxulkFHUjA0-w6tmUwK6t4TnPgLWbpx"
    },
    {
      "docId": "1czN_ywRWm2bnjIrnNVg7ad4RyynM_GcR",
      "action": "would-stamp",
      "driveFileId": "1czN_ywRWm2bnjIrnNVg7ad4RyynM_GcR"
    },
    {
      "docId": "1d-aXA4WzVjKYvCxAaVyezGgzRKlXs9y_",
      "action": "would-stamp",
      "driveFileId": "1d-aXA4WzVjKYvCxAaVyezGgzRKlXs9y_"
    },
    {
      "docId": "1dAtZlJQ_3xbvfPLTG0F31Tbntid7d01W",
      "action": "would-stamp",
      "driveFileId": "1dAtZlJQ_3xbvfPLTG0F31Tbntid7d01W"
    },
    {
      "docId": "1dS-0aYsqxyxS5DIqs4iP521Obwgh7yLL",
      "action": "would-stamp",
      "driveFileId": "1dS-0aYsqxyxS5DIqs4iP521Obwgh7yLL"
    },
    {
      "docId": "1ds1Ql2M3Fb9LRX-k8tGxbixPHZ756WE0",
      "action": "would-stamp",
      "driveFileId": "1ds1Ql2M3Fb9LRX-k8tGxbixPHZ756WE0"
    },
    {
      "docId": "1dxdNC33CZDbruEYFwsyV44a4sWR0nx8x",
      "action": "would-stamp",
      "driveFileId": "1dxdNC33CZDbruEYFwsyV44a4sWR0nx8x"
    },
    {
      "docId": "1e36kWrER7lDRLjCe1n_YGXlGKq15CMz2",
      "action": "would-stamp",
      "driveFileId": "1e36kWrER7lDRLjCe1n_YGXlGKq15CMz2"
    },
    {
      "docId": "1eBRJoo2uNWzEG-Hu4kejU0GRPzVQdd1V",
      "action": "would-stamp",
      "driveFileId": "1eBRJoo2uNWzEG-Hu4kejU0GRPzVQdd1V"
    },
    {
      "docId": "1ecPTYaPCPkHuqdZrPKFLVCQWgeCXPus6",
      "action": "would-stamp",
      "driveFileId": "1ecPTYaPCPkHuqdZrPKFLVCQWgeCXPus6"
    },
    {
      "docId": "1edX7GlHavLu4fvYHkSg0HQ_ftYhfOMuK",
      "action": "would-stamp",
      "driveFileId": "1edX7GlHavLu4fvYHkSg0HQ_ftYhfOMuK"
    },
    {
      "docId": "1etxl5D1liZFHOAGfsReSt0gNtWXUpD_f",
      "action": "would-stamp",
      "driveFileId": "1etxl5D1liZFHOAGfsReSt0gNtWXUpD_f"
    },
    {
      "docId": "1eyarxSuTHi7r-LedbgJ7jxG5cL4f8ukb",
      "action": "would-stamp",
      "driveFileId": "1eyarxSuTHi7r-LedbgJ7jxG5cL4f8ukb"
    },
    {
      "docId": "1fCgl4H4wIiqLK42rUkHmRYV5WzqLEOIU",
      "action": "would-stamp",
      "driveFileId": "1fCgl4H4wIiqLK42rUkHmRYV5WzqLEOIU"
    },
    {
      "docId": "1fDW83DxtZgoTEVABabdxi7lzopNx-Hnx",
      "action": "would-stamp",
      "driveFileId": "1fDW83DxtZgoTEVABabdxi7lzopNx-Hnx"
    },
    {
      "docId": "1g-Czee2Cm5I_k4qtDQ86M3t7-9c3pHnW",
      "action": "would-stamp",
      "driveFileId": "1g-Czee2Cm5I_k4qtDQ86M3t7-9c3pHnW"
    },
    {
      "docId": "1g1cnvJjQwoS9sudXMsEv-Psx7IiPjkAJ",
      "action": "would-stamp",
      "driveFileId": "1g1cnvJjQwoS9sudXMsEv-Psx7IiPjkAJ"
    },
    {
      "docId": "1gTZdh60yL9zN6zhQmbBeK7n-zxMxoshkZwHqwpYN99k",
      "action": "would-stamp",
      "driveFileId": "1gTZdh60yL9zN6zhQmbBeK7n-zxMxoshkZwHqwpYN99k"
    },
    {
      "docId": "1gey19JRRH6b-sPmeeR2_vbP6conu0ZK_",
      "action": "would-stamp",
      "driveFileId": "1gey19JRRH6b-sPmeeR2_vbP6conu0ZK_"
    },
    {
      "docId": "1gyFFxL0k_Gzmo0-y9vi6ieT1j0vtOznF",
      "action": "would-stamp",
      "driveFileId": "1gyFFxL0k_Gzmo0-y9vi6ieT1j0vtOznF"
    },
    {
      "docId": "1h03XAsuq2FWWn_ZHRHvtQz1ZHfgZSi23",
      "action": "would-stamp",
      "driveFileId": "1h03XAsuq2FWWn_ZHRHvtQz1ZHfgZSi23"
    },
    {
      "docId": "1h2-nbJYTO7fVioa6uFwUwpyzH1d1bVce",
      "action": "would-stamp",
      "driveFileId": "1h2-nbJYTO7fVioa6uFwUwpyzH1d1bVce"
    },
    {
      "docId": "1hBW82D0waHKgB4DA53rCcd4WGV5u9LQw",
      "action": "would-stamp",
      "driveFileId": "1hBW82D0waHKgB4DA53rCcd4WGV5u9LQw"
    },
    {
      "docId": "1hkeXYm-kJMBbhHKAnGWWr5AWAF54X-o-",
      "action": "would-stamp",
      "driveFileId": "1hkeXYm-kJMBbhHKAnGWWr5AWAF54X-o-"
    },
    {
      "docId": "1i3jy2Co3gNHsnzDXyEvrLpE249lD-KhS",
      "action": "would-stamp",
      "driveFileId": "1i3jy2Co3gNHsnzDXyEvrLpE249lD-KhS"
    },
    {
      "docId": "1iZJWnsukROkqmZ_uSnDFl1Z5dsRcgWDG",
      "action": "would-stamp",
      "driveFileId": "1iZJWnsukROkqmZ_uSnDFl1Z5dsRcgWDG"
    },
    {
      "docId": "1ioTLwHfdaDXQu7z2aHwOBhqqYplcWkhI",
      "action": "would-stamp",
      "driveFileId": "1ioTLwHfdaDXQu7z2aHwOBhqqYplcWkhI"
    },
    {
      "docId": "1j0vPyAIniwYKOh3mdo7Tly4WwugWuKLw",
      "action": "would-stamp",
      "driveFileId": "1j0vPyAIniwYKOh3mdo7Tly4WwugWuKLw"
    },
    {
      "docId": "1j9UHSajBGbP_YLqrHygy6Tv3PkvSD_tu",
      "action": "would-stamp",
      "driveFileId": "1j9UHSajBGbP_YLqrHygy6Tv3PkvSD_tu"
    },
    {
      "docId": "1jQoHlG412NCbvMhk8yJbR8RKBPm0Mi4r",
      "action": "would-stamp",
      "driveFileId": "1jQoHlG412NCbvMhk8yJbR8RKBPm0Mi4r"
    },
    {
      "docId": "1jgs72zwhfEvqsqeeCFMw8Th7Zsk0mVJj",
      "action": "already-stamped"
    },
    {
      "docId": "1jiX9o2PFj6fGb-qDC5Uw5EtOTOnydzWh",
      "action": "would-stamp",
      "driveFileId": "1jiX9o2PFj6fGb-qDC5Uw5EtOTOnydzWh"
    },
    {
      "docId": "1k9hNIPVwvf4kf_WdYj7RlfJVbi5ElgIT",
      "action": "would-stamp",
      "driveFileId": "1k9hNIPVwvf4kf_WdYj7RlfJVbi5ElgIT"
    },
    {
      "docId": "1khYYPDmj7pOn_G8yl8mTJHcYFsLH5O65",
      "action": "would-stamp",
      "driveFileId": "1khYYPDmj7pOn_G8yl8mTJHcYFsLH5O65"
    },
    {
      "docId": "1lhfSuwVN0-QmiaXm-nVQBlgIOX3bGkby",
      "action": "would-stamp",
      "driveFileId": "1lhfSuwVN0-QmiaXm-nVQBlgIOX3bGkby"
    },
    {
      "docId": "1ljIZkOUyUrFE3Djvv1j0-WnWcziorwyV",
      "action": "would-stamp",
      "driveFileId": "1ljIZkOUyUrFE3Djvv1j0-WnWcziorwyV"
    },
    {
      "docId": "1m9IrT8SHyVU9nM5jbYXVMu75EG0Mo1a4",
      "action": "would-stamp",
      "driveFileId": "1m9IrT8SHyVU9nM5jbYXVMu75EG0Mo1a4"
    },
    {
      "docId": "1mFyejfhYBYxLacZWcCuPgBpI006BjqV7",
      "action": "would-stamp",
      "driveFileId": "1mFyejfhYBYxLacZWcCuPgBpI006BjqV7"
    },
    {
      "docId": "1mKr3bKOxholt8isagwFgD8lglX2YykIa",
      "action": "would-stamp",
      "driveFileId": "1mKr3bKOxholt8isagwFgD8lglX2YykIa"
    },
    {
      "docId": "1monkKpBnbwh6YO6FAKBIQmD4vGqzbyIZ",
      "action": "would-stamp",
      "driveFileId": "1monkKpBnbwh6YO6FAKBIQmD4vGqzbyIZ"
    },
    {
      "docId": "1n8ur933csmrxPJYKZn2cFtFNwRac7PWZ",
      "action": "would-stamp",
      "driveFileId": "1n8ur933csmrxPJYKZn2cFtFNwRac7PWZ"
    },
    {
      "docId": "1nAEsEgzHIU3T9Ym9kJpBxJylWWqa_vnK",
      "action": "would-stamp",
      "driveFileId": "1nAEsEgzHIU3T9Ym9kJpBxJylWWqa_vnK"
    },
    {
      "docId": "1nM6XI_TvFX85mZe3el19-g6TYXZ5KwtE",
      "action": "would-stamp",
      "driveFileId": "1nM6XI_TvFX85mZe3el19-g6TYXZ5KwtE"
    },
    {
      "docId": "1nmHWbmh67h4YF8QVTz8hofgrP-4WTL3a",
      "action": "would-stamp",
      "driveFileId": "1nmHWbmh67h4YF8QVTz8hofgrP-4WTL3a"
    },
    {
      "docId": "1oOys8D12_uDOG_2vcssAq8k5PLf4ZhBQ",
      "action": "would-stamp",
      "driveFileId": "1oOys8D12_uDOG_2vcssAq8k5PLf4ZhBQ"
    },
    {
      "docId": "1odYJKS1JLzDVVVbuHRV4oIw-gAAVDqFT",
      "action": "would-stamp",
      "driveFileId": "1odYJKS1JLzDVVVbuHRV4oIw-gAAVDqFT"
    },
    {
      "docId": "1oqBCSHTMzCVUPvMtQNXEdg5V49mwvOYh",
      "action": "would-stamp",
      "driveFileId": "1oqBCSHTMzCVUPvMtQNXEdg5V49mwvOYh"
    },
    {
      "docId": "1orCw2GbmC7QzDFQnNeK1hyA83Kh9B6XR",
      "action": "would-stamp",
      "driveFileId": "1orCw2GbmC7QzDFQnNeK1hyA83Kh9B6XR"
    },
    {
      "docId": "1p-iGMt8OCpCJtk0eOn0mJL3aoNPcGUaK",
      "action": "would-stamp",
      "driveFileId": "1p-iGMt8OCpCJtk0eOn0mJL3aoNPcGUaK"
    },
    {
      "docId": "1p32ui1nyleLqmLU0On2pkOQSUlgJRUEE",
      "action": "would-stamp",
      "driveFileId": "1p32ui1nyleLqmLU0On2pkOQSUlgJRUEE"
    },
    {
      "docId": "1pFGvjKzoeCIj6CJuk6vFkYkUbV4I5zam",
      "action": "would-stamp",
      "driveFileId": "1pFGvjKzoeCIj6CJuk6vFkYkUbV4I5zam"
    },
    {
      "docId": "1pToiRfD44ioU26hX8u8c3eayNYc6KOMb",
      "action": "would-stamp",
      "driveFileId": "1pToiRfD44ioU26hX8u8c3eayNYc6KOMb"
    },
    {
      "docId": "1pu2JsvkgVnzmQ4CJySUd7PSm7F0yEd_x",
      "action": "would-stamp",
      "driveFileId": "1pu2JsvkgVnzmQ4CJySUd7PSm7F0yEd_x"
    },
    {
      "docId": "1pwmleWt7QMPuEqTrM_Az9JFj5RUMS9F4",
      "action": "would-stamp",
      "driveFileId": "1pwmleWt7QMPuEqTrM_Az9JFj5RUMS9F4"
    },
    {
      "docId": "1q8kGn48kh9CXdJPmm4i6g_wx67Zl8GHB",
      "action": "would-stamp",
      "driveFileId": "1q8kGn48kh9CXdJPmm4i6g_wx67Zl8GHB"
    },
    {
      "docId": "1qAWeiH9_0eeXaseL0e-dMxDDwpBvO6xx",
      "action": "would-stamp",
      "driveFileId": "1qAWeiH9_0eeXaseL0e-dMxDDwpBvO6xx"
    },
    {
      "docId": "1qHPm7jPm6uqwBzm5MMy3ypdQZwzmAh4k",
      "action": "would-stamp",
      "driveFileId": "1qHPm7jPm6uqwBzm5MMy3ypdQZwzmAh4k"
    },
    {
      "docId": "1qTDacSD6J12oeEMg22KueDQgwMm8EeVJ",
      "action": "would-stamp",
      "driveFileId": "1qTDacSD6J12oeEMg22KueDQgwMm8EeVJ"
    },
    {
      "docId": "1qdX4_IHvHKX5sKfaHRo6sU4vymTmE12d",
      "action": "would-stamp",
      "driveFileId": "1qdX4_IHvHKX5sKfaHRo6sU4vymTmE12d"
    },
    {
      "docId": "1qlfMKLD6qrr98JUmoeBJHRE5I0-FsIRp",
      "action": "would-stamp",
      "driveFileId": "1qlfMKLD6qrr98JUmoeBJHRE5I0-FsIRp"
    },
    {
      "docId": "1r2GLfKEj0PZSPn0XbPO9sXfmzhJfcRTu",
      "action": "would-stamp",
      "driveFileId": "1r2GLfKEj0PZSPn0XbPO9sXfmzhJfcRTu"
    },
    {
      "docId": "1r2V2tJnZauBVhuiDC2zjLLb3iyhAw8Nj",
      "action": "would-stamp",
      "driveFileId": "1r2V2tJnZauBVhuiDC2zjLLb3iyhAw8Nj"
    },
    {
      "docId": "1r6EerKdaIfJmaS4kdwLNA5rWeSnF56uk",
      "action": "would-stamp",
      "driveFileId": "1r6EerKdaIfJmaS4kdwLNA5rWeSnF56uk"
    },
    {
      "docId": "1rmnciu0PVh2pL6GQkuJBasmEZzHgK5b4",
      "action": "would-stamp",
      "driveFileId": "1rmnciu0PVh2pL6GQkuJBasmEZzHgK5b4"
    },
    {
      "docId": "1rmxBzOdjhutYWB_HGxuCJnBR8ieSu--_",
      "action": "would-stamp",
      "driveFileId": "1rmxBzOdjhutYWB_HGxuCJnBR8ieSu--_"
    },
    {
      "docId": "1sNPYY73-mI4XBfASJBoHaTwxQH3IHr50",
      "action": "would-stamp",
      "driveFileId": "1sNPYY73-mI4XBfASJBoHaTwxQH3IHr50"
    },
    {
      "docId": "1sRzRHytARhFFrlAqJUtDDH25YhuZZ792",
      "action": "would-stamp",
      "driveFileId": "1sRzRHytARhFFrlAqJUtDDH25YhuZZ792"
    },
    {
      "docId": "1sv7fGYEciwW6XbS10f3XKOE31iytS9hB",
      "action": "would-stamp",
      "driveFileId": "1sv7fGYEciwW6XbS10f3XKOE31iytS9hB"
    },
    {
      "docId": "1t120h-tSRphOOwemf0tu5_j2j58ErazM",
      "action": "would-stamp",
      "driveFileId": "1t120h-tSRphOOwemf0tu5_j2j58ErazM"
    },
    {
      "docId": "1t7fPtGbxIVUUaskwynvKjMYactKDbvGq",
      "action": "would-stamp",
      "driveFileId": "1t7fPtGbxIVUUaskwynvKjMYactKDbvGq"
    },
    {
      "docId": "1tIet97g6zgIt-uCu-HrBRcj1tmXj_6ep",
      "action": "would-stamp",
      "driveFileId": "1tIet97g6zgIt-uCu-HrBRcj1tmXj_6ep"
    },
    {
      "docId": "1tLxE6aG8TOuLAtv3DCcuPKSRQUa_Nz7_",
      "action": "would-stamp",
      "driveFileId": "1tLxE6aG8TOuLAtv3DCcuPKSRQUa_Nz7_"
    },
    {
      "docId": "1tRHJFJSq99c1SuWZBOJCjbLyFHhIPYWO",
      "action": "would-stamp",
      "driveFileId": "1tRHJFJSq99c1SuWZBOJCjbLyFHhIPYWO"
    },
    {
      "docId": "1tYtW5qo5iOuytY9GflbwCQjWerjaov4b",
      "action": "would-stamp",
      "driveFileId": "1tYtW5qo5iOuytY9GflbwCQjWerjaov4b"
    },
    {
      "docId": "1tcdg8vTGcwuGX7gar1xJ0JDBdcyEi9yz",
      "action": "would-stamp",
      "driveFileId": "1tcdg8vTGcwuGX7gar1xJ0JDBdcyEi9yz"
    },
    {
      "docId": "1u0I8PCz1MQ_RLCN-6Kw0-JlF0R0Nm40R",
      "action": "would-stamp",
      "driveFileId": "1u0I8PCz1MQ_RLCN-6Kw0-JlF0R0Nm40R"
    },
    {
      "docId": "1u2g0w4OLjbL5JfjACyL_3kDzUZpaGjng",
      "action": "would-stamp",
      "driveFileId": "1u2g0w4OLjbL5JfjACyL_3kDzUZpaGjng"
    },
    {
      "docId": "1ut9fS0F6yHsKvgaAzkNXqDSshHjjesN-",
      "action": "would-stamp",
      "driveFileId": "1ut9fS0F6yHsKvgaAzkNXqDSshHjjesN-"
    },
    {
      "docId": "1v1aFYuQ57HHoILQWcT_rtv3zhMWq2IR9",
      "action": "would-stamp",
      "driveFileId": "1v1aFYuQ57HHoILQWcT_rtv3zhMWq2IR9"
    },
    {
      "docId": "1v6a8TfMdNjaz-HzGPnVmOB-BI3u0q_zz",
      "action": "would-stamp",
      "driveFileId": "1v6a8TfMdNjaz-HzGPnVmOB-BI3u0q_zz"
    },
    {
      "docId": "1vY2cfQMn1-QgtslbQZaCYc8JNZkX0g1s",
      "action": "would-stamp",
      "driveFileId": "1vY2cfQMn1-QgtslbQZaCYc8JNZkX0g1s"
    },
    {
      "docId": "1w1cwgilpMxe-KGQCDOc7RjoyaS91hgTI",
      "action": "would-stamp",
      "driveFileId": "1w1cwgilpMxe-KGQCDOc7RjoyaS91hgTI"
    },
    {
      "docId": "1w6SuGzU6pTpzMk-hGdfsq6dDEJSxivoH",
      "action": "would-stamp",
      "driveFileId": "1w6SuGzU6pTpzMk-hGdfsq6dDEJSxivoH"
    },
    {
      "docId": "1wHijjyvHroSV_Z_wClVprppEpBYIUAsa",
      "action": "would-stamp",
      "driveFileId": "1wHijjyvHroSV_Z_wClVprppEpBYIUAsa"
    },
    {
      "docId": "1wKn6KPXBRQpLV6USzU5vP_qd53tT9Aa1",
      "action": "would-stamp",
      "driveFileId": "1wKn6KPXBRQpLV6USzU5vP_qd53tT9Aa1"
    },
    {
      "docId": "1wNTlj3sB2Z3Zra7jhYlniuGcHpxnuEWk",
      "action": "would-stamp",
      "driveFileId": "1wNTlj3sB2Z3Zra7jhYlniuGcHpxnuEWk"
    },
    {
      "docId": "1wzz1eOblUC0tOTnJZh_JAarpeRdZ0oPq",
      "action": "would-stamp",
      "driveFileId": "1wzz1eOblUC0tOTnJZh_JAarpeRdZ0oPq"
    },
    {
      "docId": "1xGM06NwCC3Nk4ZdiFZz6hYI9yR-fNvEw",
      "action": "would-stamp",
      "driveFileId": "1xGM06NwCC3Nk4ZdiFZz6hYI9yR-fNvEw"
    },
    {
      "docId": "1xTYqs7MHxm8Q69jt9nNMqNwmU3QTM7uxEkofZpxIzcE",
      "action": "would-stamp",
      "driveFileId": "1xTYqs7MHxm8Q69jt9nNMqNwmU3QTM7uxEkofZpxIzcE"
    },
    {
      "docId": "1xYt6Mp1Ica-2C_VYS2mw_cfhxo3dMkg_",
      "action": "would-stamp",
      "driveFileId": "1xYt6Mp1Ica-2C_VYS2mw_cfhxo3dMkg_"
    },
    {
      "docId": "1yEIuuAPUvE0vAcM__QucJZgdJKpR0Nt2",
      "action": "would-stamp",
      "driveFileId": "1yEIuuAPUvE0vAcM__QucJZgdJKpR0Nt2"
    },
    {
      "docId": "1yJjdDZ1ivU0if-T-d_uCYkH1rEIH-xs3",
      "action": "would-stamp",
      "driveFileId": "1yJjdDZ1ivU0if-T-d_uCYkH1rEIH-xs3"
    },
    {
      "docId": "1yLSZnOX9RKJKliQpNvJ78yWhzJ51jLNW",
      "action": "would-stamp",
      "driveFileId": "1yLSZnOX9RKJKliQpNvJ78yWhzJ51jLNW"
    },
    {
      "docId": "1zeTBJoffgVoqJYvjvZ6p3Tmm1JGXeOvR",
      "action": "would-stamp",
      "driveFileId": "1zeTBJoffgVoqJYvjvZ6p3Tmm1JGXeOvR"
    }
  ]
}
