# backfill-drive-id-on-library-index.mjs — mode=DRY-RUN
# project=crcmusiccharts
# started=2026-05-25T17:16:42.086Z

Phase 1: enumerated 625 library_index rows


=== Summary ===
  mode:              dry-run
  scanned:           625
  driveShapeMatched: 283
  alreadyStamped:    283
  wouldUpdate:       0
  mismatched:        0
  skippedUploadShape:342
{
  "summary": {
    "mode": "dry-run",
    "startedAt": "2026-05-25T17:16:43.306Z",
    "projectId": "crcmusiccharts",
    "scanned": 625,
    "driveShapeMatched": 283,
    "alreadyStamped": 283,
    "wouldUpdate": 0,
    "updated": 0,
    "mismatched": 0,
    "skippedUploadShape": 342,
    "writeErrors": 0
  },
  "records": [
    {
      "docId": "1-7s6O5YGk5noWiVhtktHwpr7SHOq8_09",
      "action": "already-stamped"
    },
    {
      "docId": "1-GuL3x3yXCj4CpUieKyqriSYLIewYBW8",
      "action": "already-stamped"
    },
    {
      "docId": "1-NNEkYLm4R7PJ7ttd1HVVQ55FYqps5fT",
      "action": "already-stamped"
    },
    {
      "docId": "1-aabMnNguIMwqICh3Yd5OOESSsX1YD1H",
      "action": "already-stamped"
    },
    {
      "docId": "1-nZdkk3WmzecIti5rgOKG5Km7kditRSP",
      "action": "already-stamped"
    },
    {
      "docId": "1-utmHPjawkoiudZ9pjm5fLMCBoSDLgUU",
      "action": "already-stamped"
    },
    {
      "docId": "109L_MNigAZlIcxOJDVGu-mR1cPEWVDvH",
      "action": "already-stamped"
    },
    {
      "docId": "10K2pRG64Mph8DzVOw11I2Pvxsg3LxCLf",
      "action": "already-stamped"
    },
    {
      "docId": "10_OkoTpn-27dVH3IEwtJXeC3L4rJsSs0",
      "action": "already-stamped"
    },
    {
      "docId": "10f54MTtUltfX4lm7YcxoV9MeXxtDXUWZ",
      "action": "already-stamped"
    },
    {
      "docId": "10i20SEfzKTvGJ5tqWfPScip78eXszCHH",
      "action": "already-stamped"
    },
    {
      "docId": "10z53rDn8ZRw_m5esW54nbxBEjPTNIjp5",
      "action": "already-stamped"
    },
    {
      "docId": "113D2wnFt1K9Vqgmp5pFn8wK6lnLEFwRL",
      "action": "already-stamped"
    },
    {
      "docId": "11985wRgE09raY4usgF5Y6lIErTyoKKch",
      "action": "already-stamped"
    },
    {
      "docId": "11bYBh-IiVb4eUxFythxUBdhfmbfZCiHY",
      "action": "already-stamped"
    },
    {
      "docId": "11hnNdTgFcqqmK1ExZYEeM3HqqHLfC28y",
      "action": "already-stamped"
    },
    {
      "docId": "11vAgPi9J45X2b_MLc9SuqnNbKr_U2ePZ",
      "action": "already-stamped"
    },
    {
      "docId": "11w4r08HnXYR-eRFzcMIs-ud4k1Ut1jwB",
      "action": "already-stamped"
    },
    {
      "docId": "12JfLCHytM5q59btBQ05sz-V_SurQmUoT",
      "action": "already-stamped"
    },
    {
      "docId": "12Q_6mN94HnSFNcDsHZtvzXX2TqXm9sqh",
      "action": "already-stamped"
    },
    {
      "docId": "12if9gHg88ZqNMZjmLG1UH57GSriTHzqF",
      "action": "already-stamped"
    },
    {
      "docId": "12jOqCRu1d3CMEqEXhIlvtH6fISPb8_kU",
      "action": "already-stamped"
    },
    {
      "docId": "139wiZLQyzIVrwfjapGdfhzHHeZR7eiNk",
      "action": "already-stamped"
    },
    {
      "docId": "13aYPTWGNeCpbOFk4CjccIWKvADcRvCNg",
      "action": "already-stamped"
    },
    {
      "docId": "13xN_EFxJ0igz9oYROL_DGx-hj6cvbGOy",
      "action": "already-stamped"
    },
    {
      "docId": "14SMDmqaXkzSH_pAKYQ86cekbY7Doelfm",
      "action": "already-stamped"
    },
    {
      "docId": "14vROgFHB9FPTgTE0su4ALy8Pno0L5o9UkX4DkzMK5zk",
      "action": "already-stamped"
    },
    {
      "docId": "15AghrjXqcoP12z70OGcZ7pY0EU8t7OBm",
      "action": "already-stamped"
    },
    {
      "docId": "15JPaQTkyZckMCXWNuc0qQ6DWSiK1NBGJ",
      "action": "already-stamped"
    },
    {
      "docId": "15VGnxYtiSEEV_LfXc-oddi_fXCRaD7wK",
      "action": "already-stamped"
    },
    {
      "docId": "16hgfPydSNfbuAbTMWVRncQCJkwlxlMDB",
      "action": "already-stamped"
    },
    {
      "docId": "173N8yeP19xEqNcofAbj0ZOnMK9pA7bGp",
      "action": "already-stamped"
    },
    {
      "docId": "17AVgm1u0g862bhM8WnvvL54hc3tthymc",
      "action": "already-stamped"
    },
    {
      "docId": "17TDzffOQT4ohO2p7yQCudUTYbj1tRg28",
      "action": "already-stamped"
    },
    {
      "docId": "17WKpAjPPT6E8D2VpRgiwNEy9V48BtwhR",
      "action": "already-stamped"
    },
    {
      "docId": "17YFbGz0YNvC1o-K1VKRrqgZGae-WMsbg",
      "action": "already-stamped"
    },
    {
      "docId": "18TFm0ba9AzJ5kdyQQyNqbtRw-RdqBk_-",
      "action": "already-stamped"
    },
    {
      "docId": "18ip_oBzFOZmb6qwYHcHUerGvKlWLS9ZU",
      "action": "already-stamped"
    },
    {
      "docId": "19E8aTettqSQO1ZVtVhXCPfUJw1dw0f3G",
      "action": "already-stamped"
    },
    {
      "docId": "19FuqP-rbkufIUdAVCGMbXLuvDJKnicZM",
      "action": "already-stamped"
    },
    {
      "docId": "19HZjTlXx_pXGMy3VV5k-o71vIB6amI9S",
      "action": "already-stamped"
    },
    {
      "docId": "19JE0aPISEwHYTC5RtieFX1EOVdYTP-yV",
      "action": "already-stamped"
    },
    {
      "docId": "19W6W99B9smYQqqZEtU2fYUTLvrV4HjDG",
      "action": "already-stamped"
    },
    {
      "docId": "19XVik7nlDmoUr8CcBJbjDsecLuqInQ_Z",
      "action": "already-stamped"
    },
    {
      "docId": "19aJQKD1H868a8tDZFphNLPh_rH4tFwLN",
      "action": "already-stamped"
    },
    {
      "docId": "19bFqLwp-TX_T3xlnV78DoMj3U80FsehP",
      "action": "already-stamped"
    },
    {
      "docId": "19pHyy-g7WN48xqh6IEtRSWpqBQCkWftP",
      "action": "already-stamped"
    },
    {
      "docId": "1AFK0Bydf8HZC2EOKbirdssqAS-52JBtr",
      "action": "already-stamped"
    },
    {
      "docId": "1AIwCXDw1mGHm_uhaoJfbpkri-ibzOLI4",
      "action": "already-stamped"
    },
    {
      "docId": "1ARw4lnY2SdZO2ka7aj-rkxkdP_iEWm37",
      "action": "already-stamped"
    },
    {
      "docId": "1AZumqP1QVsv_1AQRi6DeO4RfBcP5mlkg",
      "action": "already-stamped"
    },
    {
      "docId": "1BLARziE-ImWCPWDoU8utX5Cu7Jm4mxxJ",
      "action": "already-stamped"
    },
    {
      "docId": "1BLrzro7SQrZVdapxuo0I_vSv-KpeXbLp",
      "action": "already-stamped"
    },
    {
      "docId": "1BQ-zjhN7hoUCooF02Z1mawgtMZJ_EfEM",
      "action": "already-stamped"
    },
    {
      "docId": "1BfI_rzgNRfVwjDAD2ynhXkUW257MumjT",
      "action": "already-stamped"
    },
    {
      "docId": "1BfwOSMZIDkTfRrjMDRBpz8B9qAZAdJh9",
      "action": "already-stamped"
    },
    {
      "docId": "1BlUWuZh0eWe6BLpBYjJLpY1VJXyiISHr",
      "action": "already-stamped"
    },
    {
      "docId": "1Bquaq3tlSoRAovWcCkynShUuepgEgYZ_",
      "action": "already-stamped"
    },
    {
      "docId": "1CKCIpT3q8q4257D2i6klXsRl8GFWpJee",
      "action": "already-stamped"
    },
    {
      "docId": "1Cw69wE2-8eUViZ6ID66nULfNVDVU_est",
      "action": "already-stamped"
    },
    {
      "docId": "1CwH1LALn4s3bDRyyRQvLlLnbc6j7zhXH",
      "action": "already-stamped"
    },
    {
      "docId": "1D-rUMfhk4pinIQX97bYMi_rsKaNoS9s4",
      "action": "already-stamped"
    },
    {
      "docId": "1D08wPsT5Fk5nm-uXW9tHf50BvccX5gu3",
      "action": "already-stamped"
    },
    {
      "docId": "1DF0UOysVOpGEGkSswU3FwEvjU_lcRm5_",
      "action": "already-stamped"
    },
    {
      "docId": "1DYQ4IZXCMjtCIzxCD2lkLEofO5q-sf6r",
      "action": "already-stamped"
    },
    {
      "docId": "1D_ERo9369UkNlZGO3FLYhYPatkY2m4Jm",
      "action": "already-stamped"
    },
    {
      "docId": "1DclXj1fcg3VTtf82HECzbk51-3GeowPH",
      "action": "already-stamped"
    },
    {
      "docId": "1DeiuwNlb8i8nwz3vUwaXdiNIICSdPgTt",
      "action": "already-stamped"
    },
    {
      "docId": "1DiSbHUzzXGAAl3je1g40Q-pEM2rR3laa",
      "action": "already-stamped"
    },
    {
      "docId": "1DncwbDd_B0LnGRNRmBQCG6D4_7MoV1nI",
      "action": "already-stamped"
    },
    {
      "docId": "1Dx-47EpIUtGvo15ItMA_Imb6IijHC6uM",
      "action": "already-stamped"
    },
    {
      "docId": "1EPzxHjEkvvHnIQm7L98X4hl8DvuJFHQh",
      "action": "already-stamped"
    },
    {
      "docId": "1Eas8fNP2KqWkqnSXrrE9mB74xwA962-7",
      "action": "already-stamped"
    },
    {
      "docId": "1EhNYnQc4YBzD_vtTZRunaNW2dhS57E0s",
      "action": "already-stamped"
    },
    {
      "docId": "1EiJJKn3ZmsWnXVYiEjMHQmR17t0ByDbG",
      "action": "already-stamped"
    },
    {
      "docId": "1EppZUInFMrBcjl9nU9p-5d7sCJYO6gfz",
      "action": "already-stamped"
    },
    {
      "docId": "1Et48zTFQny12HjkFv25Wz7L7-wAqvZmg",
      "action": "already-stamped"
    },
    {
      "docId": "1Exi_bsvw4nK0AUkW12bGwJ2WzZ-B5cS0",
      "action": "already-stamped"
    },
    {
      "docId": "1FGzPfLlSH3fzQtHAht3SfRoWLUFWICl1",
      "action": "already-stamped"
    },
    {
      "docId": "1FNvv9UToD9t1k4FqXhWPzb50naHZfo-T",
      "action": "already-stamped"
    },
    {
      "docId": "1FZw5QmsYPhe2hNLnAz8CWD1yN0lruOXP",
      "action": "already-stamped"
    },
    {
      "docId": "1FsZhGl3bxWja_KLVAliZb2hHg88JBcw3",
      "action": "already-stamped"
    },
    {
      "docId": "1G4DJBRKB_DwZXJ7yqeQVkRR-5-R7EvU9",
      "action": "already-stamped"
    },
    {
      "docId": "1G4kvrAslYsUezK2fy696w8XUt3T-zEjR",
      "action": "already-stamped"
    },
    {
      "docId": "1G4mI5dUgORJlwew8HnndtuORNLq89SgYXpQLYPJV12E",
      "action": "already-stamped"
    },
    {
      "docId": "1G90XvxjphRA3ZenORmcO1P3FDUQJQNjugwN4D5aDb4s",
      "action": "already-stamped"
    },
    {
      "docId": "1GOBhTkfPUz1vg_dgbnwS7eNDNdPkRcCA",
      "action": "already-stamped"
    },
    {
      "docId": "1GU2wRegmUYj-jSqRpTBv2xV9Ywx7OrgAEn2_UyXjTdc",
      "action": "already-stamped"
    },
    {
      "docId": "1GpH741dvm8j8CQOPzHPE0w9b_7Sl2q6X",
      "action": "already-stamped"
    },
    {
      "docId": "1Gtp4pR3MGaRK7ZjjX4Rtmjg2anfvoEsN",
      "action": "already-stamped"
    },
    {
      "docId": "1H9292Q0XH0-lmNf0sso3vpKhqdONpuAhsyMj2yIGIwg",
      "action": "already-stamped"
    },
    {
      "docId": "1HDRDxBLX7Rj41qF1LDcDAdi2cmPYOAQ96xj8IXB9GvA",
      "action": "already-stamped"
    },
    {
      "docId": "1HVCUZLeCu2_W3G3hMDwYxXd7o519rlcO",
      "action": "already-stamped"
    },
    {
      "docId": "1HmJ7mu9qYx6eGVaJcg88Hklsei7bnjcAR-ZYmjkgfbU",
      "action": "already-stamped"
    },
    {
      "docId": "1Ho4zPDwCihy2HOt7f7MuVRMMLbFMLWYR",
      "action": "already-stamped"
    },
    {
      "docId": "1Hq-7tDIFY0C7NbCgDR6zZC1rlkib3xOQ",
      "action": "already-stamped"
    },
    {
      "docId": "1ITxhruZY56v3j96hnqsk7YJ32-0coLcZ",
      "action": "already-stamped"
    },
    {
      "docId": "1IpxlOczNDtSg6GMI5cY4nrM2vBEAIiBy",
      "action": "already-stamped"
    },
    {
      "docId": "1J4XKbecFdEJiEt-yuXWLmAXGqTi8L_Mk",
      "action": "already-stamped"
    },
    {
      "docId": "1J6H_F6Ba02_rMRQEJbi_lBbMXCBag6SQ",
      "action": "already-stamped"
    },
    {
      "docId": "1J_RYWUgwlAoPrq29DN6VoDFft3YpMSom",
      "action": "already-stamped"
    },
    {
      "docId": "1J_YSGz4C9Fmx2CDQpUJ9iC5O19uA0j8o",
      "action": "already-stamped"
    },
    {
      "docId": "1JhWf3p0Y1wmJaVNL40XFyNqSuFCwLxIw",
      "action": "already-stamped"
    },
    {
      "docId": "1JlQ6xacP4pH5FZ6ja_kaZ2DayoEpkrZs",
      "action": "already-stamped"
    },
    {
      "docId": "1K6ENNHsN324AcZmC6tFLLSdAKSpSyqF1",
      "action": "already-stamped"
    },
    {
      "docId": "1K6cAZSsAcxurLVyHjW3MKCpfZzseE5kQ",
      "action": "already-stamped"
    },
    {
      "docId": "1KV7ImMQF2i82sfPj9wvCnsZWZWo1SGlS",
      "action": "already-stamped"
    },
    {
      "docId": "1LIQvf7FQmRRKpfI1lP06PH70ef6Rn5I3",
      "action": "already-stamped"
    },
    {
      "docId": "1LPfmwfa8On5YHco9nC-dt5IyWk7QO4gV",
      "action": "already-stamped"
    },
    {
      "docId": "1LYIRI8GH4fA9Typust_4D98LjOWo5eSn",
      "action": "already-stamped"
    },
    {
      "docId": "1MQBRtiDK77MOTTKR25mEZEqmclSRat1q",
      "action": "already-stamped"
    },
    {
      "docId": "1Mqje155L1D2TpfeoLycAL_pxEs04epFw",
      "action": "already-stamped"
    },
    {
      "docId": "1N3sQbSjY_Cq_ykw6zp32XvAJfq9tjvYG",
      "action": "already-stamped"
    },
    {
      "docId": "1NTR6j9rhwHAwoZjX34AVdyymz9IvPkTz",
      "action": "already-stamped"
    },
    {
      "docId": "1NhFwI5Bf91gSuCiONrIAj-SttN6GEG3u",
      "action": "already-stamped"
    },
    {
      "docId": "1NqqJXEfTW1_B0sWBlcqAM4paZJOOmLuk",
      "action": "already-stamped"
    },
    {
      "docId": "1Nz7ih3xr6Wb2XMeZZgrLJDCq_NoNAz7v",
      "action": "already-stamped"
    },
    {
      "docId": "1O1pvTb9_U_1Dh9TCookPxS7AlwfMA_Nh",
      "action": "already-stamped"
    },
    {
      "docId": "1OUhfx4EW3ZAtuh-ZPnHxTF4-wGOJdBFy",
      "action": "already-stamped"
    },
    {
      "docId": "1PL-rwuqZOnftWzBFYa4ElTWinUpLSiyo",
      "action": "already-stamped"
    },
    {
      "docId": "1PYUlbQY0hweTHW2Qrc7Xn3_9vlHaUtee",
      "action": "already-stamped"
    },
    {
      "docId": "1PYjUUqxH12ip7Uz5aFP7q1wRKwi-pKbvVNJB8G-wV6k",
      "action": "already-stamped"
    },
    {
      "docId": "1PxJ-AxXwI5GUS4s_RutSAO_gEsDF8Got",
      "action": "already-stamped"
    },
    {
      "docId": "1Q27iTstQskArSk4-kHFfN0ZnQjV7Oau8",
      "action": "already-stamped"
    },
    {
      "docId": "1Q6yGoFDerBBWV7OYovZweFEIbzgRv--w",
      "action": "already-stamped"
    },
    {
      "docId": "1QOy2Lbs3AIj6LGvsnbstcihltGK5r7KQ",
      "action": "already-stamped"
    },
    {
      "docId": "1QvrCC8R1yvCbK5jIB-yqw-vMQX1S62It637BHwSMaX4",
      "action": "already-stamped"
    },
    {
      "docId": "1R7lq5sBnwIH6WxZda_IshPjTpAtN30tJ",
      "action": "already-stamped"
    },
    {
      "docId": "1RBpYbHvv44QhjezUIkQgWPN0nnel3zuy",
      "action": "already-stamped"
    },
    {
      "docId": "1RQzrqpgVhkcL3tvBWGCYUIhtPNhF1Fnr",
      "action": "already-stamped"
    },
    {
      "docId": "1RV-_S-0vCgswP7VfskC6wIchaBDQFNDa",
      "action": "already-stamped"
    },
    {
      "docId": "1SH9vxGsFfIJ4mU_FaAaIX13hThwuqfH5",
      "action": "already-stamped"
    },
    {
      "docId": "1SYdDp-DbhO7e362YRZr3GQQ1pGwrdUlc",
      "action": "already-stamped"
    },
    {
      "docId": "1Sh8IiLb3n9iit1ImvlvS2SYvprbwLRRf",
      "action": "already-stamped"
    },
    {
      "docId": "1TCP25KtpY0BZ1ixLPMSkhT7_HdFNW7IL",
      "action": "already-stamped"
    },
    {
      "docId": "1TJwxurV4SgcpM58SG9x6hQ8e7cY6Yp9T",
      "action": "already-stamped"
    },
    {
      "docId": "1TRCzECDBOal5mr1SFh7JEY-r-NkhtaaW",
      "action": "already-stamped"
    },
    {
      "docId": "1TeiP5BlGnlP9ogYXO9yFL25J1Tz5k_RX",
      "action": "already-stamped"
    },
    {
      "docId": "1Tlx0xppOSXNZpO1idUqg2bNQfhyUgrfa",
      "action": "already-stamped"
    },
    {
      "docId": "1U9Ku90io-9lvaPNt6_vDv1rxjTLZaEGc",
      "action": "already-stamped"
    },
    {
      "docId": "1UC0SmGpSLTNyH998kCfMaJzcZPkSOATA",
      "action": "already-stamped"
    },
    {
      "docId": "1URRI7OBQnlsji5zn3oMkx6IplU3qhw99",
      "action": "already-stamped"
    },
    {
      "docId": "1URzdt7mdDjXZjO6J0ibl_E4SukMxfD4t",
      "action": "already-stamped"
    },
    {
      "docId": "1Uf0bVHJJ_PHn6gZ0OtGRf2RFytrx01qU",
      "action": "already-stamped"
    },
    {
      "docId": "1V2T04NsfROLjyEDOvAc0F3Bz_Tc20Kzi",
      "action": "already-stamped"
    },
    {
      "docId": "1VFVL-HAEa1XHVcqTPiIV-_DSlOdg4M2V",
      "action": "already-stamped"
    },
    {
      "docId": "1VSB3wRDJN_1nvab8nyNG3W65QXup2YQV",
      "action": "already-stamped"
    },
    {
      "docId": "1VXSQUMCADACnGEitvANMLuBF3BsJa_b9",
      "action": "already-stamped"
    },
    {
      "docId": "1VbcRGqSXF28Kf4DWdddpeQ9ANcV8W5CL",
      "action": "already-stamped"
    },
    {
      "docId": "1VcD-E7ZKj48zN-20JaJT2MOLB-5WSkpR",
      "action": "already-stamped"
    },
    {
      "docId": "1VetfwZmNivMhVPjWFiShdhCRBoncTQOh",
      "action": "already-stamped"
    },
    {
      "docId": "1VmpBREQWoux2gOCAeMzNPlZ1VWLCWQdf",
      "action": "already-stamped"
    },
    {
      "docId": "1VuMq83_0W8ya9SCeBaQ0vCvuFeHgGHeC",
      "action": "already-stamped"
    },
    {
      "docId": "1W3mVu5MmsLklXhhh6WpQe5KrCr71Z6iJ",
      "action": "already-stamped"
    },
    {
      "docId": "1WJag4LEVyYDL2YxvWxiDBM5zgTzOgfAm",
      "action": "already-stamped"
    },
    {
      "docId": "1WNBHOQhMyr8Aokyp1ECGCibyUZr0UnFT",
      "action": "already-stamped"
    },
    {
      "docId": "1WdIXm5jTtgtcBcQC_MggjybIGfP2b604",
      "action": "already-stamped"
    },
    {
      "docId": "1WusU1xlwOKQvKu2kemrowh6oZ16S9UeR",
      "action": "already-stamped"
    },
    {
      "docId": "1X1rYxPSOC_CME5P72Sjf-HVYczAVt7TK",
      "action": "already-stamped"
    },
    {
      "docId": "1X6St0GAreLGpJIcPMdA4HJlohuFhPp5W",
      "action": "already-stamped"
    },
    {
      "docId": "1X9O_4wIudGORlU9rZ-i2Ub7zN4tBhLt-",
      "action": "already-stamped"
    },
    {
      "docId": "1X9l2ZE7dGrJdej9Fr3PFieVt9EE3dEYT",
      "action": "already-stamped"
    },
    {
      "docId": "1XVmOLlmKI2ztKTsVOg2-YbkJ9_DzJA7A23gJp-s_Xu4",
      "action": "already-stamped"
    },
    {
      "docId": "1Y6ELHFu--GfuIz3FgiHitfWyjG4OZvQ0",
      "action": "already-stamped"
    },
    {
      "docId": "1YkIEE4lx2Vp3U2nQA2M8nIKCBgFoylhf",
      "action": "already-stamped"
    },
    {
      "docId": "1YuN6XyS2oLDWE-6F7JztRAtBz7K_lTBL",
      "action": "already-stamped"
    },
    {
      "docId": "1YuXOp7krlxedG4OGIXmIDWv55LZNRIlL",
      "action": "already-stamped"
    },
    {
      "docId": "1Z37pBaRXW45LQ551WSfMFzDHQ8jFYt0x",
      "action": "already-stamped"
    },
    {
      "docId": "1ZPh6Ge2WUl21w2sL7gq0rf1q3396QL07",
      "action": "already-stamped"
    },
    {
      "docId": "1ZQUvXg4McVGhlkQ9rnJM4_2pdHup9mFBDXqoHqZtAds",
      "action": "already-stamped"
    },
    {
      "docId": "1Zj5951AvRUwUdE8FeBuqMj1u615u3q84",
      "action": "already-stamped"
    },
    {
      "docId": "1ZuXxV8dAhfFRXaXaSk1zAbbp9yce8MwH",
      "action": "already-stamped"
    },
    {
      "docId": "1ZvnGWrEAwXkF5RNAPJE1bjRx0vP5JSFH",
      "action": "already-stamped"
    },
    {
      "docId": "1ZvsnHlvqAirjvpbWJ1FWAM2IgEuLbPOO",
      "action": "already-stamped"
    },
    {
      "docId": "1_AGMn2Ls4Eo15tDwC4vtrGeHvu4aoe8f",
      "action": "already-stamped"
    },
    {
      "docId": "1_E1AIJH9j0I-jkESHlhKFN8ZGazdusFd",
      "action": "already-stamped"
    },
    {
      "docId": "1_Gd8degQp-_CwXhYQM_jtxqRCtjdKvTi",
      "action": "already-stamped"
    },
    {
      "docId": "1_O1lxgddm1zhWk2iL7xINC9evUx4zbzn",
      "action": "already-stamped"
    },
    {
      "docId": "1av4wG0mTcKSjYTwKWbDoynvNrFdwSCrW",
      "action": "already-stamped"
    },
    {
      "docId": "1b9n_WsSuXkjbAgYcnK1M9XVTHNOalKAq",
      "action": "already-stamped"
    },
    {
      "docId": "1bOTH11M28N7_c7avQGTYwzhhQlM2vKEK",
      "action": "already-stamped"
    },
    {
      "docId": "1bntK0UHLQmq_z1dNsek7Rwue_HNr4jNQ",
      "action": "already-stamped"
    },
    {
      "docId": "1cFzp0F-TbCdUFtjJwJ6yPCxQi9IIkpR7",
      "action": "already-stamped"
    },
    {
      "docId": "1cGBg4BgdM5ZJ2HFQOMZv4mxzoJrAHNez",
      "action": "already-stamped"
    },
    {
      "docId": "1cISCkDz9PYogPzoAH8nK0uOc92ItKORV",
      "action": "already-stamped"
    },
    {
      "docId": "1cXHGyTKzQ3Dxgf2wBk4iTNTAgxKgZbtp",
      "action": "already-stamped"
    },
    {
      "docId": "1cZ0dW7ioUqQkV8m2ENr0ExEpMuYiP7ov6vy790kjbe4",
      "action": "already-stamped"
    },
    {
      "docId": "1c_8FuLAzM3S7TECBb4e1o11oUdoN8tlK",
      "action": "already-stamped"
    },
    {
      "docId": "1ch79JH6B3rWcMnSLd9HtO4myytRHoicd",
      "action": "already-stamped"
    },
    {
      "docId": "1cqxulkFHUjA0-w6tmUwK6t4TnPgLWbpx",
      "action": "already-stamped"
    },
    {
      "docId": "1czN_ywRWm2bnjIrnNVg7ad4RyynM_GcR",
      "action": "already-stamped"
    },
    {
      "docId": "1d-aXA4WzVjKYvCxAaVyezGgzRKlXs9y_",
      "action": "already-stamped"
    },
    {
      "docId": "1dAtZlJQ_3xbvfPLTG0F31Tbntid7d01W",
      "action": "already-stamped"
    },
    {
      "docId": "1dS-0aYsqxyxS5DIqs4iP521Obwgh7yLL",
      "action": "already-stamped"
    },
    {
      "docId": "1ds1Ql2M3Fb9LRX-k8tGxbixPHZ756WE0",
      "action": "already-stamped"
    },
    {
      "docId": "1dxdNC33CZDbruEYFwsyV44a4sWR0nx8x",
      "action": "already-stamped"
    },
    {
      "docId": "1e36kWrER7lDRLjCe1n_YGXlGKq15CMz2",
      "action": "already-stamped"
    },
    {
      "docId": "1eBRJoo2uNWzEG-Hu4kejU0GRPzVQdd1V",
      "action": "already-stamped"
    },
    {
      "docId": "1ecPTYaPCPkHuqdZrPKFLVCQWgeCXPus6",
      "action": "already-stamped"
    },
    {
      "docId": "1edX7GlHavLu4fvYHkSg0HQ_ftYhfOMuK",
      "action": "already-stamped"
    },
    {
      "docId": "1etxl5D1liZFHOAGfsReSt0gNtWXUpD_f",
      "action": "already-stamped"
    },
    {
      "docId": "1eyarxSuTHi7r-LedbgJ7jxG5cL4f8ukb",
      "action": "already-stamped"
    },
    {
      "docId": "1fCgl4H4wIiqLK42rUkHmRYV5WzqLEOIU",
      "action": "already-stamped"
    },
    {
      "docId": "1fDW83DxtZgoTEVABabdxi7lzopNx-Hnx",
      "action": "already-stamped"
    },
    {
      "docId": "1g-Czee2Cm5I_k4qtDQ86M3t7-9c3pHnW",
      "action": "already-stamped"
    },
    {
      "docId": "1g1cnvJjQwoS9sudXMsEv-Psx7IiPjkAJ",
      "action": "already-stamped"
    },
    {
      "docId": "1gTZdh60yL9zN6zhQmbBeK7n-zxMxoshkZwHqwpYN99k",
      "action": "already-stamped"
    },
    {
      "docId": "1gey19JRRH6b-sPmeeR2_vbP6conu0ZK_",
      "action": "already-stamped"
    },
    {
      "docId": "1gyFFxL0k_Gzmo0-y9vi6ieT1j0vtOznF",
      "action": "already-stamped"
    },
    {
      "docId": "1h03XAsuq2FWWn_ZHRHvtQz1ZHfgZSi23",
      "action": "already-stamped"
    },
    {
      "docId": "1h2-nbJYTO7fVioa6uFwUwpyzH1d1bVce",
      "action": "already-stamped"
    },
    {
      "docId": "1hBW82D0waHKgB4DA53rCcd4WGV5u9LQw",
      "action": "already-stamped"
    },
    {
      "docId": "1hkeXYm-kJMBbhHKAnGWWr5AWAF54X-o-",
      "action": "already-stamped"
    },
    {
      "docId": "1i3jy2Co3gNHsnzDXyEvrLpE249lD-KhS",
      "action": "already-stamped"
    },
    {
      "docId": "1iZJWnsukROkqmZ_uSnDFl1Z5dsRcgWDG",
      "action": "already-stamped"
    },
    {
      "docId": "1ioTLwHfdaDXQu7z2aHwOBhqqYplcWkhI",
      "action": "already-stamped"
    },
    {
      "docId": "1j0vPyAIniwYKOh3mdo7Tly4WwugWuKLw",
      "action": "already-stamped"
    },
    {
      "docId": "1j9UHSajBGbP_YLqrHygy6Tv3PkvSD_tu",
      "action": "already-stamped"
    },
    {
      "docId": "1jQoHlG412NCbvMhk8yJbR8RKBPm0Mi4r",
      "action": "already-stamped"
    },
    {
      "docId": "1jgs72zwhfEvqsqeeCFMw8Th7Zsk0mVJj",
      "action": "already-stamped"
    },
    {
      "docId": "1jiX9o2PFj6fGb-qDC5Uw5EtOTOnydzWh",
      "action": "already-stamped"
    },
    {
      "docId": "1k9hNIPVwvf4kf_WdYj7RlfJVbi5ElgIT",
      "action": "already-stamped"
    },
    {
      "docId": "1khYYPDmj7pOn_G8yl8mTJHcYFsLH5O65",
      "action": "already-stamped"
    },
    {
      "docId": "1lhfSuwVN0-QmiaXm-nVQBlgIOX3bGkby",
      "action": "already-stamped"
    },
    {
      "docId": "1ljIZkOUyUrFE3Djvv1j0-WnWcziorwyV",
      "action": "already-stamped"
    },
    {
      "docId": "1m9IrT8SHyVU9nM5jbYXVMu75EG0Mo1a4",
      "action": "already-stamped"
    },
    {
      "docId": "1mFyejfhYBYxLacZWcCuPgBpI006BjqV7",
      "action": "already-stamped"
    },
    {
      "docId": "1mKr3bKOxholt8isagwFgD8lglX2YykIa",
      "action": "already-stamped"
    },
    {
      "docId": "1monkKpBnbwh6YO6FAKBIQmD4vGqzbyIZ",
      "action": "already-stamped"
    },
    {
      "docId": "1n8ur933csmrxPJYKZn2cFtFNwRac7PWZ",
      "action": "already-stamped"
    },
    {
      "docId": "1nAEsEgzHIU3T9Ym9kJpBxJylWWqa_vnK",
      "action": "already-stamped"
    },
    {
      "docId": "1nM6XI_TvFX85mZe3el19-g6TYXZ5KwtE",
      "action": "already-stamped"
    },
    {
      "docId": "1nmHWbmh67h4YF8QVTz8hofgrP-4WTL3a",
      "action": "already-stamped"
    },
    {
      "docId": "1oOys8D12_uDOG_2vcssAq8k5PLf4ZhBQ",
      "action": "already-stamped"
    },
    {
      "docId": "1odYJKS1JLzDVVVbuHRV4oIw-gAAVDqFT",
      "action": "already-stamped"
    },
    {
      "docId": "1oqBCSHTMzCVUPvMtQNXEdg5V49mwvOYh",
      "action": "already-stamped"
    },
    {
      "docId": "1orCw2GbmC7QzDFQnNeK1hyA83Kh9B6XR",
      "action": "already-stamped"
    },
    {
      "docId": "1p-iGMt8OCpCJtk0eOn0mJL3aoNPcGUaK",
      "action": "already-stamped"
    },
    {
      "docId": "1p32ui1nyleLqmLU0On2pkOQSUlgJRUEE",
      "action": "already-stamped"
    },
    {
      "docId": "1pFGvjKzoeCIj6CJuk6vFkYkUbV4I5zam",
      "action": "already-stamped"
    },
    {
      "docId": "1pToiRfD44ioU26hX8u8c3eayNYc6KOMb",
      "action": "already-stamped"
    },
    {
      "docId": "1pu2JsvkgVnzmQ4CJySUd7PSm7F0yEd_x",
      "action": "already-stamped"
    },
    {
      "docId": "1pwmleWt7QMPuEqTrM_Az9JFj5RUMS9F4",
      "action": "already-stamped"
    },
    {
      "docId": "1q8kGn48kh9CXdJPmm4i6g_wx67Zl8GHB",
      "action": "already-stamped"
    },
    {
      "docId": "1qAWeiH9_0eeXaseL0e-dMxDDwpBvO6xx",
      "action": "already-stamped"
    },
    {
      "docId": "1qHPm7jPm6uqwBzm5MMy3ypdQZwzmAh4k",
      "action": "already-stamped"
    },
    {
      "docId": "1qTDacSD6J12oeEMg22KueDQgwMm8EeVJ",
      "action": "already-stamped"
    },
    {
      "docId": "1qdX4_IHvHKX5sKfaHRo6sU4vymTmE12d",
      "action": "already-stamped"
    },
    {
      "docId": "1qlfMKLD6qrr98JUmoeBJHRE5I0-FsIRp",
      "action": "already-stamped"
    },
    {
      "docId": "1r2GLfKEj0PZSPn0XbPO9sXfmzhJfcRTu",
      "action": "already-stamped"
    },
    {
      "docId": "1r2V2tJnZauBVhuiDC2zjLLb3iyhAw8Nj",
      "action": "already-stamped"
    },
    {
      "docId": "1r6EerKdaIfJmaS4kdwLNA5rWeSnF56uk",
      "action": "already-stamped"
    },
    {
      "docId": "1rmnciu0PVh2pL6GQkuJBasmEZzHgK5b4",
      "action": "already-stamped"
    },
    {
      "docId": "1rmxBzOdjhutYWB_HGxuCJnBR8ieSu--_",
      "action": "already-stamped"
    },
    {
      "docId": "1sNPYY73-mI4XBfASJBoHaTwxQH3IHr50",
      "action": "already-stamped"
    },
    {
      "docId": "1sRzRHytARhFFrlAqJUtDDH25YhuZZ792",
      "action": "already-stamped"
    },
    {
      "docId": "1sv7fGYEciwW6XbS10f3XKOE31iytS9hB",
      "action": "already-stamped"
    },
    {
      "docId": "1t120h-tSRphOOwemf0tu5_j2j58ErazM",
      "action": "already-stamped"
    },
    {
      "docId": "1t7fPtGbxIVUUaskwynvKjMYactKDbvGq",
      "action": "already-stamped"
    },
    {
      "docId": "1tIet97g6zgIt-uCu-HrBRcj1tmXj_6ep",
      "action": "already-stamped"
    },
    {
      "docId": "1tLxE6aG8TOuLAtv3DCcuPKSRQUa_Nz7_",
      "action": "already-stamped"
    },
    {
      "docId": "1tRHJFJSq99c1SuWZBOJCjbLyFHhIPYWO",
      "action": "already-stamped"
    },
    {
      "docId": "1tYtW5qo5iOuytY9GflbwCQjWerjaov4b",
      "action": "already-stamped"
    },
    {
      "docId": "1tcdg8vTGcwuGX7gar1xJ0JDBdcyEi9yz",
      "action": "already-stamped"
    },
    {
      "docId": "1u0I8PCz1MQ_RLCN-6Kw0-JlF0R0Nm40R",
      "action": "already-stamped"
    },
    {
      "docId": "1u2g0w4OLjbL5JfjACyL_3kDzUZpaGjng",
      "action": "already-stamped"
    },
    {
      "docId": "1ut9fS0F6yHsKvgaAzkNXqDSshHjjesN-",
      "action": "already-stamped"
    },
    {
      "docId": "1v1aFYuQ57HHoILQWcT_rtv3zhMWq2IR9",
      "action": "already-stamped"
    },
    {
      "docId": "1v6a8TfMdNjaz-HzGPnVmOB-BI3u0q_zz",
      "action": "already-stamped"
    },
    {
      "docId": "1vY2cfQMn1-QgtslbQZaCYc8JNZkX0g1s",
      "action": "already-stamped"
    },
    {
      "docId": "1w1cwgilpMxe-KGQCDOc7RjoyaS91hgTI",
      "action": "already-stamped"
    },
    {
      "docId": "1w6SuGzU6pTpzMk-hGdfsq6dDEJSxivoH",
      "action": "already-stamped"
    },
    {
      "docId": "1wHijjyvHroSV_Z_wClVprppEpBYIUAsa",
      "action": "already-stamped"
    },
    {
      "docId": "1wKn6KPXBRQpLV6USzU5vP_qd53tT9Aa1",
      "action": "already-stamped"
    },
    {
      "docId": "1wNTlj3sB2Z3Zra7jhYlniuGcHpxnuEWk",
      "action": "already-stamped"
    },
    {
      "docId": "1wzz1eOblUC0tOTnJZh_JAarpeRdZ0oPq",
      "action": "already-stamped"
    },
    {
      "docId": "1xGM06NwCC3Nk4ZdiFZz6hYI9yR-fNvEw",
      "action": "already-stamped"
    },
    {
      "docId": "1xTYqs7MHxm8Q69jt9nNMqNwmU3QTM7uxEkofZpxIzcE",
      "action": "already-stamped"
    },
    {
      "docId": "1xYt6Mp1Ica-2C_VYS2mw_cfhxo3dMkg_",
      "action": "already-stamped"
    },
    {
      "docId": "1yEIuuAPUvE0vAcM__QucJZgdJKpR0Nt2",
      "action": "already-stamped"
    },
    {
      "docId": "1yJjdDZ1ivU0if-T-d_uCYkH1rEIH-xs3",
      "action": "already-stamped"
    },
    {
      "docId": "1yLSZnOX9RKJKliQpNvJ78yWhzJ51jLNW",
      "action": "already-stamped"
    },
    {
      "docId": "1zeTBJoffgVoqJYvjvZ6p3Tmm1JGXeOvR",
      "action": "already-stamped"
    }
  ]
}
