# recover-salvage-row-drivefileid.mjs — mode=DRY-RUN
# project=crcmusiccharts
# started=2026-05-25T17:40:47.448Z

Phase 1: enumerated 625 library_index rows

STAMP 000cc80a-9c65-4b55-929e-c9ca1f6737c3 -> driveFileId="1HWv4dMDvKSVmvuX1FFv4V5U4s7O0D33_"  (from backupDriveId)
STAMP 012dd661-f451-444c-88fb-11d589028908 -> driveFileId="1hGSUyKTSs79AXqLPsiyaK-BYzQpNzAKQ"  (from backupDriveId)
STAMP 0281c548-8aea-48c9-8991-98cb381b3f3a -> driveFileId="1ch-Ttw6dRhxNpIdBDRuYsiLy6RtfDoLj"  (from backupDriveId)
STAMP 055bf376-f545-45f9-9f40-da81544b312f -> driveFileId="1DGH1SVeRA5izsdZqhzuTjEjGiL7Albjc"  (from backupDriveId)
STAMP 07478587-664a-4153-8a82-c35364f4ec12 -> driveFileId="1fw7LlXON7j1aK0eW-MlJRUn51nbevmBX"  (from backupDriveId)
STAMP 077a95a9-da4a-4703-97c5-77c6bebeb5f6 -> driveFileId="1ndA85mb4x9nmikjkugpttpXyvMCTb2a_"  (from backupDriveId)
STAMP 0afb3e5a-9554-43e2-b6e4-bf3b4470ca68 -> driveFileId="1jngBa3ngGwZPJFTJ_AMlrnW2yDQrYmGa"  (from backupDriveId)
STAMP 0b478d9a-f544-4e77-8657-a3c70af76d86 -> driveFileId="1golBfIweVpzk82qwDMBeUtuNK4pf-PA5"  (from backupDriveId)
STAMP 0ca658e4-c2e0-43df-9888-a7f2d536710a -> driveFileId="19POASfKYmFvjbl2jaYy24sNjk7DtbRBP"  (from backupDriveId)
STAMP 0eb186b2-9146-46c6-8615-ed971085bad1 -> driveFileId="1Yl_LeVLl8JN2W7Nw12TtuRbAhefWe4rf"  (from backupDriveId)
STAMP 129d7632-3954-45e0-9085-cf52d204d6cd -> driveFileId="1xCqrI2951i6JgBY4lNX5atjNS-Q7f4Lq"  (from backupDriveId)
STAMP 12a55b49-215d-49dd-87a8-f3fb695ee088 -> driveFileId="1j9hGYLPlpqVuArfinOHoHCRpggsLIEQ7"  (from backupDriveId)
STAMP 139f1251-1373-409e-8fc7-4c447f7c7f92 -> driveFileId="1cwj1zdDDAwPion69OgL_YbGzWb5qI01L"  (from backupDriveId)
STAMP 13c6fcba-7b42-44f6-8582-581194e2431d -> driveFileId="1pW5RvDJvatvqi-lGJx8rFG723F8D_GDX"  (from backupDriveId)
STAMP 13ddc1bb-07e4-480a-bf24-5ee5ed22af6f -> driveFileId="1DNrp3N_kvEd0MmltsM25I3pzxK-TJ8iu"  (from backupDriveId)
STAMP 17989ffb-a13a-47b4-b17e-df8212b14f92 -> driveFileId="1pnjNt__fHetNw9sj62_6C0VldlOBYKB9"  (from backupDriveId)
STAMP 193e1533-9952-4fad-a4c0-7cdcfb508ba0 -> driveFileId="1FU0p2SEtPIKuTdHcw5xDNw5Fw8d62Mwp"  (from backupDriveId)
STAMP 198fc291-2b1f-46db-8e84-b0c7e19b3c8c -> driveFileId="1ooObK1WpyxXScV_ogHy9TCptTaGX5aP7"  (from backupDriveId)
STAMP 1ace0be3-5238-4f8f-b21e-8a95f3fcd0a7 -> driveFileId="10ugK40XtzWSPltrAl51654aez4_XwmFY"  (from backupDriveId)
STAMP 1c1efa1f-491c-4925-a8de-07a115437fc5 -> driveFileId="1GOWbOj6IWlF8Id01MOwcxNlmeGvrOqoe"  (from backupDriveId)
STAMP 1d69155e-992a-4f35-a16b-1a3bd5745f68 -> driveFileId="1ZmxovKrt3QAIWNlnNWZdLwB3DH7TzHb7"  (from backupDriveId)
STAMP 1ea4505a-a3eb-423f-8398-93b06664da5b -> driveFileId="1SPt4V0GDGFMjxC8y6kEjEIbWwUljcqHd"  (from backupDriveId)
STAMP 1eada1e3-c629-4fce-af21-83e81d480b5a -> driveFileId="1P_fpzjiZ3knN3pDFzFgRzjd_nii7ggAX"  (from backupDriveId)
STAMP 1fb983c0-12be-4a51-bcd8-4be089e70b1f -> driveFileId="1DB6Y5x4JhUZKDKof_WIpr0TpwezddHzj"  (from backupDriveId)
STAMP 20811bd6-bda9-43ee-ad7a-4ae3b704def2 -> driveFileId="1MCe2GBkeAHlQfwhmsEn3NW8Ao3yAP3Jz"  (from backupDriveId)
STAMP 218fc2a9-cbe4-4ff1-a056-68f7f55bbac2 -> driveFileId="1kJjigwido2VEtIqEAbaJ0tbnJo0_e4-l"  (from backupDriveId)
STAMP 2245fe4b-7562-475e-be0d-709cb28bf48c -> driveFileId="1tgAqiz2F9QABATCDhjhirQ729XD-49VS"  (from backupDriveId)
STAMP 235c703e-600e-4cc4-aca5-283ae3b81af9 -> driveFileId="1zi6HmoCJYT6EGP8m0--tRMH2dDX6Xr4X"  (from backupDriveId)
STAMP 23d61fc5-59fa-4cb4-99f1-e24eccb88fce -> driveFileId="1xgfW4GLZnhdPE9R3bUueWd98Ahf6my_q"  (from backupDriveId)
STAMP 24308467-f3c9-4fba-b7e8-6795821d3a69 -> driveFileId="1t6toWU7WTD-fIqbYBHeVsv6dy8jTbLpo"  (from backupDriveId)
STAMP 2485f761-d134-416a-89d8-5bb8d7cc27f1 -> driveFileId="13LpsO33hnOmLO70zuV8UWuDuST5li4Ki"  (from backupDriveId)
STAMP 25a1305b-ff4f-4c59-8aaa-9d646962b513 -> driveFileId="1wvXPZjbUXQxNXed-FdunsUKloEYzyDZV"  (from backupDriveId)
STAMP 25df4be7-0a5d-4a8d-bf7b-64d2d03f67e5 -> driveFileId="1gw82wJWf5Kw1cftoq6C8wsHZG-9LN7UR"  (from backupDriveId)
STAMP 267cc451-17af-42ab-a004-9c4e6ed1f76d -> driveFileId="1pJkY8VRzXIzBLiqjG7ZUrLZ-g2j9Cle_"  (from backupDriveId)
STAMP 26864af2-2a80-4f93-a8ec-e81f63f075e0 -> driveFileId="1s6gBDy2_hQF3zvaQhtnvh5tiiw3JsMof"  (from backupDriveId)
STAMP 26b904af-782b-4b6a-bbca-6a53aeb09c33 -> driveFileId="1Lg0iMkqDUPqnXb9aWNpQW5QLAEgb34Mn"  (from backupDriveId)
STAMP 27f2ec75-1a5a-4241-ab4b-e95879f03168 -> driveFileId="1W9w_pN2yNmwSq5a1q1cSc5vimpeTbxGX"  (from backupDriveId)
STAMP 288a0399-23b7-478c-bccc-369db1a30cd6 -> driveFileId="1A7BTDYf0eM5I5AaABK685Kqygl3AVE-Z"  (from backupDriveId)
STAMP 289a11d0-fbb3-4a21-8c98-50473b6e1001 -> driveFileId="1HryMtvJ45kjYwGMeSW1oCbcxyceWaFK2"  (from backupDriveId)
STAMP 28c99c48-dbac-479f-9bae-80342fdb3253 -> driveFileId="1WaaxoE5Tc4KO71NpLlAyFrxpcYQ8Sbtr"  (from backupDriveId)
STAMP 28f1ea16-4dab-4198-8d0b-dc1c7ef66624 -> driveFileId="1lGnhTF77fbLtgJse0MQgtAWabY47hZeD"  (from backupDriveId)
STAMP 2aede3b4-205a-4bbb-a996-76c46cd83de2 -> driveFileId="18GRI2Lmltm-O-rO2LSJTrHvGdCQe1cXW"  (from backupDriveId)
STAMP 2aefdc50-ad45-494e-a2d6-f3351995b24a -> driveFileId="1FpXQSNi0yS3VrMMDu5n-UlmeaaDPi16b"  (from backupDriveId)
STAMP 2c594bea-32c0-4794-b625-060848ad576c -> driveFileId="1BcFQpvV4difjUUH7u5vqRQpv0RwA6koU"  (from backupDriveId)
STAMP 2c5a74a5-bd72-4a3f-aa62-c8ab25b33d75 -> driveFileId="157bE1ZxdQ4Fo01tPaLTGm-dHFEbjAif8"  (from backupDriveId)
STAMP 2d7ede35-04fd-4337-8eb7-db69444304ce -> driveFileId="11IL-EFw_MoJ8xXTpIwBT4E2rBxqiRMd9"  (from backupDriveId)
STAMP 2dc43bcb-7c37-44fb-ac29-5ed7d20e87a9 -> driveFileId="1MTrjy9Qs2dm9cwh--63Vg8h3RP6j1EW6"  (from backupDriveId)
STAMP 2fc76c49-023f-4eaf-a063-d5f69e22ab72 -> driveFileId="1RZBDnsbJt6-udexUGxwusoA2SiFE5LJT"  (from backupDriveId)
STAMP 30982932-7c78-432b-9350-68a0c2fe35de -> driveFileId="1TuPgjq7tir2QWmuVObY332dFlaNBGGb_"  (from backupDriveId)
STAMP 30e3d10d-aede-4d56-86a2-a9f183ba5b2a -> driveFileId="1lHg7ZZv3MnPf7W1M-b1Okb5NPuZX05bM"  (from backupDriveId)
STAMP 31248276-14b6-4bc0-914a-0c129d023586 -> driveFileId="1lId1sLQCtzjyOuVHZW_YkoI6BnGr2OIp"  (from backupDriveId)
STAMP 31e5ec53-8330-457f-aef3-33e10e35ec05 -> driveFileId="1ouqV-PkgW4L_yWE5B9A33TE9pGvJqEUR"  (from backupDriveId)
STAMP 31e88e83-c880-43e5-9b12-37a7a119aeb0 -> driveFileId="139DOexKqIRAZphK76Vxc6dkeWODzNPZk"  (from backupDriveId)
STAMP 323ccd88-d31e-40f1-afbd-bd4601136e27 -> driveFileId="1tbnw8matwJSrgdQ1_je1ANz91mZfiHQa"  (from backupDriveId)
STAMP 3371ff94-1774-4c2b-a25b-f1537a419e13 -> driveFileId="1Rx6ri1OU0i1Ct-du7aD9Agv8Nj9P4QVp"  (from backupDriveId)
STAMP 33d9e425-2ed1-4054-988f-2935119d90e8 -> driveFileId="1SnnNUcPrcFznf6HGD-zo7ErpsW_eECAN"  (from backupDriveId)
STAMP 34a3c3fc-d5ce-4b80-8d4f-77014f5412da -> driveFileId="1RAAAjMGTywawyvTsfRu_oObOiTTaP09i"  (from backupDriveId)
STAMP 35eeeadb-af0d-4b49-b966-aa63655a4435 -> driveFileId="1wS-Nd2BYObc9SPEfMaKcFZjgYWoQRN8W"  (from backupDriveId)
STAMP 36928f78-7327-4d7f-ba5a-4291ccc74084 -> driveFileId="1I8NAb3_bZ6kB4XpnSIQ2bNKR6X3S1ku7"  (from backupDriveId)
STAMP 36b65d8a-065f-4711-a8aa-304886451aab -> driveFileId="1A6gdujPiZHm3loSE-9cak9PJU2sgptzk"  (from backupDriveId)
STAMP 37b74f7a-31b1-4ed7-99df-2421c8a81e92 -> driveFileId="1v2Notfh0raW6rbdQSLFW3hI5TDhyGRZt"  (from backupDriveId)
STAMP 395c9ef8-3cf3-4c3d-8785-3deb852da074 -> driveFileId="1uOMtmtXzal-AjWh3aDSpPLAXK-FZTALp"  (from backupDriveId)
STAMP 39a123f9-f6df-434f-85f7-8a5f2b607ead -> driveFileId="1MpiBgmrvQIUBu8WHTqCtSpO4utOU9IvC"  (from backupDriveId)
STAMP 3a65f5c6-e18f-4f45-acde-eaf125b310eb -> driveFileId="1tYLXJf6zA0wU0--490HI8TI9EH92Xj41"  (from backupDriveId)
STAMP 3b90c6ba-e8f2-4fa2-ac26-ad4fa316c9c3 -> driveFileId="1D_gQlW9KvWBE0RfaIHKzKzt2rDtC6UZW"  (from backupDriveId)
STAMP 3bd7af7a-2a4b-42a2-80c5-9d1b4073db4a -> driveFileId="1Aih117fU0Uxu36y0m0NBpKAqi7ikJcr6"  (from backupDriveId)
STAMP 3bf73686-08ba-4b28-bf78-0520963a215b -> driveFileId="1bY0R8zHBEy639Rw7I9nSjWBempCYaT4g"  (from backupDriveId)
STAMP 3c965b50-cd20-4a05-88d8-ccec39b59f41 -> driveFileId="1wQAUH4NfP_mKy9tjtppzrOZaI4QM7Q5M"  (from backupDriveId)
STAMP 3cb6a75d-a704-4bfb-b3c4-93ab5f7613f0 -> driveFileId="1j2z5MMZfqCGi9aKhZjBJSf2ZqcR98j6A"  (from backupDriveId)
STAMP 3dc9f49f-b773-46aa-a5d5-ede22f7b8fc2 -> driveFileId="1Y_tWALKuMToBbRDeCM_Jt8VNlPJ3nWHf"  (from backupDriveId)
STAMP 3df0360d-9078-45e0-ab96-73804fa7276b -> driveFileId="1YeR6cwjmBf2weQ34jpivXtqkTrhZX40i"  (from backupDriveId)
STAMP 3df80222-8fe3-4f83-a641-8eb27839608a -> driveFileId="1A0tM1rYAAVYKPCZlyQuN2BgNwRgYRC7R"  (from backupDriveId)
STAMP 3e967bd3-cf6a-455d-a6c0-f80fc68b0831 -> driveFileId="1jsxQakxAeMxTo5oe3ox9IWbmlYtI_IIV"  (from backupDriveId)
STAMP 405c6a9b-0870-4e4f-a335-d8d34dce7c20 -> driveFileId="1hHoxVvER_5k0FFR_KpEC6YuDDsTdG9CP"  (from backupDriveId)
STAMP 4069c33b-2011-4768-83c6-ccc2ece60f13 -> driveFileId="1CffGOxVr0nurWS-xIv-tIdLk4IbYIfok"  (from backupDriveId)
STAMP 407d23e5-5cd6-4d02-9618-7acefb33df7a -> driveFileId="1nwrQdCQmQxFr60pvjZPQFA1ubdDoNgzv"  (from backupDriveId)
STAMP 41379850-2021-48c5-8acd-e867e4dfa119 -> driveFileId="12k48pZYT_Po0ktkqihK9knJntnzdkOGb"  (from backupDriveId)
STAMP 41749406-91a4-410d-bf45-1a1a39f84aed -> driveFileId="1mrgkr-KMVRgMHjAWJ22NxJeMUZ39cemG"  (from backupDriveId)
STAMP 42003f22-0d5d-49f0-a45e-87e5ade38d6b -> driveFileId="1kpIfI3q7zblK8ngKrxOSRc1gbjNiSAi7"  (from backupDriveId)
STAMP 422d3103-d7b3-437e-ba7e-f864c6e570fa -> driveFileId="15YeNUR2gtskmVR1ZE8nxe7TPmR9h8FIx"  (from backupDriveId)
STAMP 42a1cd5d-93ef-4a02-8a8d-7a669ff9c921 -> driveFileId="1a07M1diVYAj9dpFLboC7dY8qxYtt8TUe"  (from backupDriveId)
STAMP 43a4fc6c-4d27-45bd-988f-492db59f73d1 -> driveFileId="1s3_oCnTG7tuwN07obtIHYWwYUe_eH69d"  (from backupDriveId)
STAMP 44c38248-6925-4921-b833-eeae0854e63a -> driveFileId="1nYoQbXTUN1138m6g2T_x11uBRXnZqRWu"  (from backupDriveId)
STAMP 44e0d496-88a6-46c3-bd09-fec655d3edc4 -> driveFileId="1ETJVaO_IrO_QYuAG0PbXoO02s3lXb0Z5"  (from backupDriveId)
STAMP 452cc138-503f-4f0a-8b27-7ebd8d5741d1 -> driveFileId="1ALcJAeG8iAovFs40AT32N9OhZui2-Exj"  (from backupDriveId)
STAMP 45a57edb-cc78-4fb0-97e9-a9ab372d7943 -> driveFileId="1q-PTTEUC7SrFBxYZDMvxoUXB4YidnSJC"  (from backupDriveId)
STAMP 45d7d670-f2c5-4437-a7d7-b40fe5ebe416 -> driveFileId="18lpHDwnxXdxvujs8JZHptrlwRkLWyX6E"  (from backupDriveId)
STAMP 46dbc366-04ba-406a-aadc-55e500597250 -> driveFileId="1vh7Mq6E3mOu9VFMQ-x0Sab-DZvsYmgsi"  (from backupDriveId)
STAMP 46e66e0d-4f0d-47e7-baaa-125891f997b4 -> driveFileId="1Q6dWURMeHa9-ferxPylEI1fzMm6gEPWa"  (from backupDriveId)
STAMP 471113d7-9755-4599-b32f-ea66548ea36d -> driveFileId="1FljycdmYU5xXTYBCWZ6cU8GMCWcz6SCU"  (from backupDriveId)
STAMP 4724db72-8e1e-4405-90ff-8be1955af822 -> driveFileId="1Gk_wzU3jwuMxN-D-Jh7FZS97UFdardcp"  (from backupDriveId)
STAMP 4a00f597-70ef-4267-a363-10b081eabc66 -> driveFileId="1XTh_YdKazXfcoHsCesyLXbM0Kf9d96vD"  (from backupDriveId)
STAMP 4a2fcc5e-3684-486c-af94-6f48bea4188c -> driveFileId="1J1EFV67VrI7m9E9gsLmeFnENUwEf5sq-"  (from backupDriveId)
STAMP 4a5faa48-43d0-435c-a9b0-8d069cb88e11 -> driveFileId="1dMz1bbJN5j0NR-Na7kh14--OUIH0lwAz"  (from backupDriveId)
STAMP 4ecc47bd-97a8-4aa6-988c-f490695b0d98 -> driveFileId="1bK7TX0G3yUBkFnKRzGGNi607M3Tf80WN"  (from backupDriveId)
STAMP 4f5d5c70-4dc2-4071-9960-174bda73f761 -> driveFileId="1iniE2nsFJV6DqjOuC4gpCXAzLymHzrIi"  (from backupDriveId)
STAMP 509d8360-46da-43da-9ba3-75fdf2032838 -> driveFileId="1dKzTdDamVhnWMPYnTDgMjx2CCZMYCTWG"  (from backupDriveId)
STAMP 52b4fed1-de13-49f7-9dc6-732a6899f127 -> driveFileId="1jui6B_yArXWRuioXGr33Ei9FPdVprKGh"  (from backupDriveId)
STAMP 5366aef1-5349-44c3-9dc1-7462e69fe4db -> driveFileId="14k_4K1UD4zq88hWVbfeLsqNVfbl8bAt0"  (from backupDriveId)
STAMP 56c4c7ba-b264-427e-8c32-16d7c29bba50 -> driveFileId="1Jv0AhzkiyhALNKD8Hrh-H6sxhNaUumZs"  (from backupDriveId)
STAMP 58587ef0-0747-4abe-9c00-4b77a543d851 -> driveFileId="1HfI3NW79H2TLxD26UWq6WhvBYvTiT0W_"  (from backupDriveId)
STAMP 5aa91e83-02ef-44c6-bc28-833be56d0bed -> driveFileId="1cZVTgKH1TVG59eiV8G2kvZAfm1zuji90"  (from backupDriveId)
STAMP 5b5a4ec7-36f0-451c-adfe-1b6186ddd2a1 -> driveFileId="1mBacYk2cjiTZtRayNXlcKzHpvHROM-Vi"  (from backupDriveId)
STAMP 5e893824-0d8c-47e7-82fe-51240d027c00 -> driveFileId="15WRPpwn17hSeEE7unmO8Ia1iWO-amt9P"  (from backupDriveId)
STAMP 5ed550bc-b6d3-498a-8c9c-6fc42212d9d6 -> driveFileId="1be_Pe26GfgMu1HnGZDlaGHg5kR2Ecak3"  (from backupDriveId)
STAMP 5fa69e00-2115-4915-9aa3-f68ad3c42466 -> driveFileId="1PPl03gIvXmzyx9QyJunVXBbxyzYXFfrl"  (from backupDriveId)
STAMP 61aeb253-df01-471a-a9fa-2eb885c4ef35 -> driveFileId="1VCHC-bgc1ZBGEd6Msy9z-MyViCyrdMnn"  (from backupDriveId)
STAMP 61f0c403-0d98-45a9-ad90-c813329a0d6d -> driveFileId="1mEWHDhkpMZsGj9EbL5E0sExSQuSEJdtO"  (from backupDriveId)
STAMP 6259b551-24b8-441b-ad62-6f4cc45a011a -> driveFileId="112Lmt8Dgk4dXCTmGr9AlycrsAIvp-oKN"  (from backupDriveId)
STAMP 64816b31-79d9-44a1-b582-f8bba765eeb2 -> driveFileId="1Sj09ZPzPihVx3zBpxaXdq5O4uAhvLQu8"  (from backupDriveId)
STAMP 662dd31d-b975-42c0-877d-57084950fffb -> driveFileId="1QonzQyz8DhBaShMhCxSECMljsVmXtrGa"  (from backupDriveId)
STAMP 663aa70e-d676-4fbe-b370-afef86119c44 -> driveFileId="1DLmu3PCEzGCweOvCUM9zhpZshNOw809i"  (from backupDriveId)
STAMP 66bd1185-8e9e-46ef-9ea2-7a5646504503 -> driveFileId="1jB923CM7DWbmxQGqGyZ6paVQ6iZmrfi1"  (from backupDriveId)
STAMP 672e94b4-9da7-40f7-8ec1-ae56bd67cce7 -> driveFileId="1EDlMVF34nQrxVwULLj-fF_KQXZiGWff3"  (from backupDriveId)
STAMP 6738e47c-e710-4f65-9655-d93d2ee8332e -> driveFileId="1ro_-QLCnwEe73gJbIj2y26iHaIPl4aKr"  (from backupDriveId)
STAMP 6bddf129-6f1c-4fa4-bf54-3cf431a53219 -> driveFileId="1WsG872ET32YKUHO-H5t_z-b5Fk3g_N4A"  (from backupDriveId)
STAMP 6ca6e82c-e3be-4e6b-b6c1-63f60b3ac5cc -> driveFileId="1W8ULBpJgptJNNUpKKoKTjprP2RzeW6rQ"  (from backupDriveId)
STAMP 6ce470ac-cf9a-44f4-9602-158d5508a45d -> driveFileId="1DmXJLQqTD4PwC0DpCu2cSxJQLX5h-Q1y"  (from backupDriveId)
STAMP 6d704852-b119-4611-b2a9-b05bbd92aa8d -> driveFileId="1oQXAtLgmpjfUiuRSnZSFWuxbTao5PDOq"  (from backupDriveId)
STAMP 6d8343b3-9a3d-4550-a529-bac4ca04ab00 -> driveFileId="16i8hdcfVcNpa_ND1wBRU-RCtpru4oDhY"  (from backupDriveId)
STAMP 6eb445b8-66f0-4958-a1b0-e6f4fadc449f -> driveFileId="1U1cw1zxsUiFEigjBdGjnzwprXuWuflS0"  (from backupDriveId)
STAMP 6ec8bf57-a358-4ae2-a251-e8200d9351bb -> driveFileId="1RHWg5C0BAqFtfl_31mHFnGkj_46XqvCQ"  (from backupDriveId)
STAMP 708b8023-7689-4a58-ab8d-428e2bcafaa7 -> driveFileId="1ZcmBcGjGIEVxaXUkOxXj-HsuXwQlr9T3"  (from backupDriveId)
STAMP 70a83fa1-d1a8-45ac-bb03-601bb5103b60 -> driveFileId="1RDe_dN0f-AkGR8eEwpwZNXj_kgAWoXd7"  (from backupDriveId)
STAMP 70efd098-6c4d-44ac-8884-8115af528ab9 -> driveFileId="1E4PrmDTDtxx6EEsGufnfaobAOVebfg-x"  (from backupDriveId)
STAMP 72a7aa6a-7b08-4c78-862c-197bbffb9515 -> driveFileId="1RTUL0Vgt_hKmS5SQMV_qwkm0vv4dS5w6"  (from backupDriveId)
STAMP 75dc9298-772b-4092-a3de-b7e54f1c6403 -> driveFileId="1tCaZClMqpqMq3UcS0zhJE9dHfKDO02G-"  (from backupDriveId)
STAMP 76dda851-02b7-434f-a36b-f5b99c5fb1bd -> driveFileId="12fZUi763niZClJUMnoHQgVtAzHmB4x3-"  (from backupDriveId)
STAMP 77c2bf09-7a4b-4f38-9bf2-c7b3b120506e -> driveFileId="1QRK3BzDLIt5qxjOZwhmHo8wH3lFhIv3O"  (from backupDriveId)
STAMP 77f77a9e-31b1-46ae-85b8-a6864953fc83 -> driveFileId="1qMzV-FMafRWSUTa-p1TrJj1k55BZX7sH"  (from backupDriveId)
STAMP 78ae5689-071f-4502-aa0f-e16e6fb7b480 -> driveFileId="1ivj7qtmRBdQ9UiLpP9IY9NM0Xwtf_256"  (from backupDriveId)
STAMP 7ac2da98-6353-4fd2-ae8a-ad28eb2f243c -> driveFileId="110BGyltyk6c7hjubk6N7mfzSTsLD1eTQ"  (from backupDriveId)
STAMP 7bc7a556-04f4-42a3-a766-d300270d71cd -> driveFileId="1T3z4hJA41ApSRYU0tiREnRY5sVkPzkoP"  (from backupDriveId)
STAMP 7c15883f-41bd-4a32-875e-dbca4ec4188f -> driveFileId="198I_3ZxVJGRpPSvFffnWawKIlRSNC2zF"  (from backupDriveId)
STAMP 7d15b7ee-692e-42c9-99bb-8e543eb0014d -> driveFileId="18Ne1Blf7c-i6uzsy_rnNbjnwn3-9RCOF"  (from backupDriveId)
STAMP 7e9a37aa-4427-428f-8801-b2a5405bd3be -> driveFileId="1l_NRx7W0XqFdjKk2VMFbYEvSKQdzoTmg"  (from backupDriveId)
STAMP 7eda392b-2472-418b-a0e8-918e48776945 -> driveFileId="17qJOT84KkbJpLwyvKnHqWk3KOVf49rZL"  (from backupDriveId)
STAMP 7f6b5f88-d7f5-426d-8feb-822691025fd9 -> driveFileId="1wEjV2ouu0jjWy_7poV3Jl9CkckmZVHf9"  (from backupDriveId)
STAMP 7fac9e4d-21ee-4830-91e6-1e05f3cf93c0 -> driveFileId="1NZZjpIpWvK-DH0elZjhVlwb2-jMBfJst"  (from backupDriveId)
STAMP 81b0bc66-c339-4e0e-a1ab-880920ede4e3 -> driveFileId="1yJsAD6VBvU1nqYO-kYDHwjGq3KneAwHI"  (from backupDriveId)
STAMP 82d38077-d6d9-4755-b797-3654de352da3 -> driveFileId="1reOwMNuyM08agjHYfzUZBdQ-WkMKbAFP"  (from backupDriveId)
STAMP 8311b9ad-cce4-4d96-aa4d-ec615a7f7401 -> driveFileId="1Z_JTpCOT7UgIGEIO6X2FizOhLkDWEY_2"  (from backupDriveId)
STAMP 837e0ce9-4525-4258-b0e1-0cf483189f81 -> driveFileId="1myNIZvSqTgHG3YxhE8qUb4wRr58jNvMC"  (from backupDriveId)
STAMP 83d15dde-b4c6-4fc0-bf66-047d6d2f7142 -> driveFileId="1f0B0MDmbWWixPFmFuoSGwCNvPR6F1n99"  (from backupDriveId)
STAMP 8454f8fa-0904-43b9-a73c-06f41910bc1f -> driveFileId="1ArefzHJm74aiM9PW71vC5H1MCW75RcwJ"  (from backupDriveId)
STAMP 87bddcb0-5d4a-47f7-a7f2-20a99a17b5fc -> driveFileId="1_iGA1Vd685TRzNLpU_xLgPl3wF_503EU"  (from backupDriveId)
STAMP 88088b30-ef2e-41ad-bcd0-5d460377bd63 -> driveFileId="1q6XzZYrX_Q_yVIR39_4oXY3dvJW_4Zq2"  (from backupDriveId)
STAMP 88726e5b-6464-4b0b-948a-f444bcdd005f -> driveFileId="1pSSwqOmN-Wf2i5op-yg95dSfEpw48QYt"  (from backupDriveId)
STAMP 89501d6f-d130-4a4a-8c41-2e274b06775c -> driveFileId="1Jrq_dSxxHDUnRl17aTozLbFREzHdOtUe"  (from backupDriveId)
STAMP 8a2e0e9c-e453-49e2-a1a9-8e39dd126a4c -> driveFileId="1aZ30XXOUM6tgIF-4B1oCrY0olvEvOFLQ"  (from backupDriveId)
STAMP 8adc4ca1-a52f-4e4b-8909-d3d600a49993 -> driveFileId="1BHdEfi6o69-aHQwkRpLAlf3EdjLJpl6c"  (from backupDriveId)
STAMP 8b574308-24ce-4720-916e-98393d1042c9 -> driveFileId="12Nvsug3Gpt4F6QhznAMNNpGhnWKjYo8R"  (from backupDriveId)
STAMP 8b7d7ef0-66a1-4058-bcab-de63cb10105f -> driveFileId="1QJibdaSgE1treO1Fw4DQth7V2Di3F_Yn"  (from backupDriveId)
STAMP 8b86ad63-38cc-4412-ad6d-7f194d3cd1e4 -> driveFileId="1EVBeki3cXBIL_4qImCNeAPp_8pJaLbJj"  (from backupDriveId)
STAMP 8e175a22-f23d-4fd2-9d45-8e5c1b797f6c -> driveFileId="11Ok8DBbXXqYe1ldt4So4ZMWykLv45MwY"  (from backupDriveId)
STAMP 8fd11bd4-9d8c-4602-8fbd-7f4451e14c9d -> driveFileId="1es8wRJnFUZANnYg4ONmes646hwti6iIG"  (from backupDriveId)
STAMP 9294a143-e27e-4638-afc2-4d3851912420 -> driveFileId="17FWUFCrIIS9YQ-Y9M25KnF3ewQKR0jF6"  (from backupDriveId)
STAMP 938fee53-1e52-4f4a-8846-75090fd132ba -> driveFileId="1Uw7_RXwHrI2AuLi98XwEblZinJDpcNLe"  (from backupDriveId)
STAMP 979106ff-0de4-4c2f-bb30-bec95c154c72 -> driveFileId="1ocucSpmyoHVeu20Wj04iXftXIWHDCg8j"  (from backupDriveId)
STAMP 98f55ba9-5d00-41b4-ba6a-e1edf7a42a24 -> driveFileId="13_gNF9SJu823TwtpJvlbjZGVIwck1TwD"  (from backupDriveId)
STAMP 991ccdfe-940a-4c5b-a1bb-68fc42432682 -> driveFileId="17dMd-leINumsiQpfgvPnZlje-UKDL5yu"  (from backupDriveId)
STAMP 99876430-8fc9-43f6-b41b-ada31937c260 -> driveFileId="1nX2S-uBI0xQA-4YSBuYW2JMi9U6XUoms"  (from backupDriveId)
STAMP 9a1ac289-1717-4eb7-8cf4-59c5ced1b82f -> driveFileId="11DrPZ9QRYmHYxCdRoon-qO_VmNyp7wan"  (from backupDriveId)
STAMP 9b6a0ab0-9cdf-4862-94c8-5b63b6b77e6b -> driveFileId="1pypdu2Tdn-yU7uMjM4xRV4VUZvJvjvYn"  (from backupDriveId)
STAMP 9bc6a05a-cb52-45ac-b91e-7bd3c68aef9f -> driveFileId="1SqB_s1p5pmb1qhPf2vqqbEc7Uso4ZlyU"  (from backupDriveId)
STAMP 9c45f962-5894-44cd-852e-6b84e871067e -> driveFileId="1lBfW189FMv2CXUi6cK-NoxxxAZ-Ct3y9"  (from backupDriveId)
STAMP 9e9c3ff0-404b-44d1-ae7f-0bc924ae0fd8 -> driveFileId="1YS4tpLoVBkePbfof2dc4ePvpK4LlTM3D"  (from backupDriveId)
STAMP a220002e-3f12-49af-9310-abf3ab0dbe71 -> driveFileId="1U082TbY8nHhun060zat12vJ2YemY_HzQ"  (from backupDriveId)
STAMP a34e23e9-0bed-4585-ae3e-89af4fc2e53c -> driveFileId="1N8XC7QH3HEaizeaXyR7V2ovo3EC9oZMI"  (from backupDriveId)
STAMP a5713e22-a445-4ae8-ae61-9ec45b05c14d -> driveFileId="19JyyDfeBRyCzMiZi_uYrNYNMqvxEuD-e"  (from backupDriveId)
STAMP a5c6d619-9578-45cc-90da-155a73b57c58 -> driveFileId="1LnTlSR5uQHXBuiI_q0ub4dUj80L1w0L3"  (from backupDriveId)
STAMP a71c69d3-7967-4a14-8547-abc2d193e28d -> driveFileId="1DAHYS29sxeA-IO0vpAmAv0OySvg76AQM"  (from backupDriveId)
STAMP a8c83317-b120-4e7e-8590-d33c43519b78 -> driveFileId="1YbjhfoNVSdZ9fU175PO46BrWozka3FOu"  (from backupDriveId)
STAMP a8d3aa9e-6cf4-4960-9580-416b522255df -> driveFileId="1BI3JFrjLJBYJ6fzvzEwAMR02soK79aR2"  (from backupDriveId)
STAMP a9d07bdd-0591-406c-a4e7-03c3b7cc94b8 -> driveFileId="14pSaNC_Q-LXVH4wrUxhHJc6tuyYWMf-Y"  (from backupDriveId)
STAMP aa51edfb-c177-4f94-b7a7-8098b8679d1c -> driveFileId="1_AXGc4RBVhuNjE2Y1ZA1gH3peeEwJTVE"  (from backupDriveId)
STAMP abd6a2ca-3fc6-46e1-9f51-62946db19ae1 -> driveFileId="1iPt-i2GcC9ApDXpEwH8TyqU3fh6Bi4Ep"  (from backupDriveId)
STAMP ac2ab0cd-4a3d-4fe2-99f3-3a2b50e24978 -> driveFileId="1pvmH_DPtyZ6yx2-trc6IohfJKdZfU7GM"  (from backupDriveId)
STAMP ad2ceb97-f1d1-416a-acac-f28646bbe5e4 -> driveFileId="1ndIxuo4R-Eo15P9o8_L1EJ_vFQmNyiRW"  (from backupDriveId)
STAMP ad8e4572-c58e-44cc-ae89-b3d898bc5bb9 -> driveFileId="1FX6JtorFkn-d_h620PhcDltHSaB4dlrm"  (from backupDriveId)
STAMP adf52c8e-1bbf-450c-8972-b4ca8b8bea01 -> driveFileId="1yiqNtNMJEJ7n9-v-OjrkV2HdHV3Xs4o_"  (from backupDriveId)
STAMP ae83649a-718d-4fc4-ace8-82a9f6c2a400 -> driveFileId="1qdKCHPZcWUA9o1f1XQcTM5ePJKxNHNMW"  (from backupDriveId)
STAMP ae971440-9066-4059-bf27-80c095b28058 -> driveFileId="16ZMes5iuBKQ3hej1Ml_X5BJjfJJX_avI"  (from backupDriveId)
STAMP b097e578-24cf-42df-b669-05f1580a295e -> driveFileId="1-VgEFclCngvT23ODMv56mTgxsXVwJGVY"  (from backupDriveId)
STAMP b20a213e-a12a-4275-bccf-ed48c7492fd7 -> driveFileId="1Jyr7EJJbUtIEwz8s-wXp9PurM1yQ9Z1u"  (from backupDriveId)
STAMP b23501fe-05d4-42c7-9527-42f124dec097 -> driveFileId="1UIH09IvD-k5DrAlYNCDuw5aXk7_1yQKv"  (from backupDriveId)
STAMP b3661947-77a0-4de9-9800-00efe92f7ed0 -> driveFileId="1W_tidNaxpIgeDMr9RPlf5FJIVjJWs5F4"  (from backupDriveId)
STAMP b3f1cdba-6e1d-497f-89e2-0b4facf13e0c -> driveFileId="1T4pz9SokaMS53QmLtXNMXx2B8-1uWifI"  (from backupDriveId)
STAMP b5084753-96d6-4ec7-a94f-a2a37b17af98 -> driveFileId="1swJ1zWC7ZcEQ2Yi3HdpKBOukI_idt3oW"  (from backupDriveId)
STAMP b557bab2-5e48-4e83-80f5-a9391e10241f -> driveFileId="1ck1TFYMhKCSvClsEVd6OaBYkcz8GTVPx"  (from backupDriveId)
STAMP b5d5aaa3-9556-453a-95ff-be7f84498877 -> driveFileId="1vgwEGgvgEE-rl8fCoYbOQpsAWVk-2dP2"  (from backupDriveId)
STAMP b60cd3c4-3e50-4449-a115-c068a81cb75e -> driveFileId="1TqiAI9KeqHqENrQIjMa2MmrHXGdrFyZ8"  (from backupDriveId)
STAMP b61290eb-8df3-4081-bad0-b4e54ff0112e -> driveFileId="1voo94txGPQrqiIt7Uul3TTUoe2kmsjSB"  (from backupDriveId)
STAMP b6c40290-eb24-4461-8c58-947c9f3bf904 -> driveFileId="1-3POtqmbgLwpmVCd45JFTt2hjS8deBCC"  (from backupDriveId)
STAMP b718c24a-03f5-4743-ae15-74a97245111e -> driveFileId="1gLGTyqq7TeejoM0KYRLRe9wME8k4LP6A"  (from backupDriveId)
STAMP b836abfb-7be3-44f3-b81c-0382e92be27e -> driveFileId="1O3K-V8jWwKpBcRMv7dUCSY0ICuZqB6Rx"  (from backupDriveId)
STAMP b8860acc-ebbe-4b7e-a668-7aa92a1a7039 -> driveFileId="1JoO8oqRByECf0pRCveo1n_hLtpCy4bVZ"  (from backupDriveId)
STAMP bd71fe2e-65aa-46aa-8674-0fb38c5f12c9 -> driveFileId="1jBgkcUpD8x6krMvgmJbkHN9hOUlGv2yk"  (from backupDriveId)
STAMP bd8e39cd-94d3-4ec3-a2a7-5eb7c2f6eded -> driveFileId="1dSWnzZehXwNg887ZR65b4ovreJ6r-NWp"  (from backupDriveId)
STAMP be2df12e-6055-4ab7-9db0-c11515d15c48 -> driveFileId="1jsXhnhhrhxhxLN5QqLmXHR1DSnkWpSGl"  (from backupDriveId)
STAMP be82b110-a864-41e8-a19e-a0789cd0c437 -> driveFileId="1XtbkAX8cs1bu8BQq45nPLQYkAU6pHbFr"  (from backupDriveId)
STAMP bea31cf5-59f9-47b9-ac1c-aeecc345a7ed -> driveFileId="1sUWQTdfMpisLtmqyLdUbbBY1be01WB9Y"  (from backupDriveId)
STAMP bf3b034a-c117-459a-be3d-743f2e2f9b97 -> driveFileId="1A2ZNp-DWoVfcB3JDGcXT7fUaktibGsv_"  (from backupDriveId)
STAMP bf84ee28-7bb7-436e-9ab7-bdb5157a3e06 -> driveFileId="1tnPmn8uOHq_oEdD1B-zHMmPwMG71FIlu"  (from backupDriveId)
STAMP c046a053-6a8a-45d2-8f88-64e35dc830c9 -> driveFileId="1CA9ORP7MMGC8xApxdp_T2nRxMpfrqLQ3"  (from backupDriveId)
STAMP c35834ef-23e5-4db5-9db1-f91650d87812 -> driveFileId="1uZVcKLy3Lu2ctzjki1YxDXxB_BTCXYIB"  (from backupDriveId)
STAMP c4761aac-f40d-45b0-a151-94869bcebdb3 -> driveFileId="19ndgwU5KPFxu2zxePA19erTY_ekr24F6"  (from backupDriveId)
STAMP c5452a63-094f-40ce-a24c-bb7077ec0f92 -> driveFileId="1khEwoYdBoouFR5XJhvU53LqYTT9IsPdN"  (from backupDriveId)
STAMP c7e91f89-c940-4b30-8162-c5780ccdbcb1 -> driveFileId="1yKfV1JEeGhw8alwjYOH_rdIvPkqgcVuW"  (from backupDriveId)
STAMP c8392be2-6de4-4f2d-bb87-a9f64012ea01 -> driveFileId="1P02OIRSvp2XptNcuAbjZ23ICCQVPP6IX"  (from backupDriveId)
STAMP c98dd389-724e-4ffe-9eb0-8eed621b782b -> driveFileId="1zR4ZsHGgRQD70Hw1eBvB7jlvS4s4Jv2o"  (from backupDriveId)
STAMP c9efe661-9eb8-42fc-89d5-13f026629dc7 -> driveFileId="13WqXbkbot0Egf1W1lv6pRllbFtfObzA7"  (from backupDriveId)
STAMP ccfd3a8e-8e83-448b-948e-96b2cf14401a -> driveFileId="1gNNb8yMVtPwTGkm6XISV0Gi-1rOZr23I"  (from backupDriveId)
STAMP cf704b73-5f35-45fe-901f-a8b68d4fdc22 -> driveFileId="1fQCxF1R9wHx9tcPy1odJXFk3T97ws0w9"  (from backupDriveId)
STAMP d182a8c3-2bba-4a8b-8399-57d640cb2044 -> driveFileId="19ne2JlICR-gNakwChFvuX7rP97MKv_KI"  (from backupDriveId)
STAMP d1ccd776-0d8b-4860-8958-d8a9b0a5c254 -> driveFileId="1MmumPpEDdHXGqdokehV7DtrtBz4UNKSN"  (from backupDriveId)
STAMP d22779d6-bd3f-436c-8d5a-cc6daa3d92e6 -> driveFileId="1bWWks2xHB_5BnJC1iZdZqlY23fbL2ktQ"  (from backupDriveId)
STAMP d2ba8f16-9eeb-49a0-b0b1-372065bc17be -> driveFileId="1AQtn__3NF2Ld3OAoTfVfUbwnRCRD07ie"  (from backupDriveId)
STAMP d4385faa-e668-4a49-9a3b-b357a2933c49 -> driveFileId="10RD56_dYEELDooxY8BR_Ik1ShatJZOgg"  (from backupDriveId)
STAMP d56ad543-bac7-4fb9-825f-b9ceb8efd4cc -> driveFileId="11cUE4Si673kkKuHZkOHHkuJLjoDH6cl8"  (from backupDriveId)
STAMP d5899a90-cff2-4128-9d46-92f478bd9ced -> driveFileId="1Xid3vU2O51SlybX8v7ryVNRypSqIwpuT"  (from backupDriveId)
STAMP d5e81756-3b00-400e-9e5a-03a865e15fd6 -> driveFileId="1wSuaMKRau-c3BCtEJWeVAuR8dBcL2CXC"  (from backupDriveId)
STAMP d600ce2c-61d5-4a38-8508-e819e1a2b140 -> driveFileId="1Rricr77epo1i1uzv4-Q9nUF_8jvH2WnK"  (from backupDriveId)
STAMP d630644f-befe-4991-862f-8cb0d9bcb68f -> driveFileId="1XltDbxsMluWkeH71fZ2ICmkD7lPVsQwG"  (from backupDriveId)
STAMP d74c9faf-ccd2-47e3-a5bf-efbf6e153b9a -> driveFileId="17ThcNsMtCEXaOJhJEfyawi2sqHjAYXfH"  (from backupDriveId)
STAMP da5ef9be-c840-42c8-aedc-4065cbe3e2d9 -> driveFileId="1S-3NNX3lK2Nl3WbaE90uWgDlRlHRME_l"  (from backupDriveId)
STAMP da7f973d-c7e6-4cdc-9581-046a0dce2cf0 -> driveFileId="1T4TcvmwB_CFyvdPQwlJtFqPh7_tVBF5t"  (from backupDriveId)
STAMP da949a70-a1d1-45ba-9406-161c634e0585 -> driveFileId="123yiga1rgXixTGXdv1QWfqNMSs_VoH01"  (from backupDriveId)
STAMP db332014-1948-4445-9cb5-f983b24f9a27 -> driveFileId="1WH8aC-cRwkfRUg2HN1LOuXre8ptDG3aM"  (from backupDriveId)
STAMP dc3389ab-af69-42ac-ba08-e2f13c3d343f -> driveFileId="1N0_RreUIlPF_uPmmAYugw3p6jI_vByBp"  (from backupDriveId)
STAMP dc4fb084-3b23-4481-8353-efc8bbafdb3d -> driveFileId="1hKFUXInWHD8zRT7SjpmJdm_Kl8zJzSZL"  (from backupDriveId)
STAMP dcacad1e-5f4b-4d03-b221-58692b1b8d1e -> driveFileId="1v2IZwYJY3zD6CpTk_SlEPiTvRBhyz3bn"  (from backupDriveId)
STAMP ddc758b3-2e1f-46df-853a-153d2a920c68 -> driveFileId="1EBGr4edO3Nwg_wcFoSdRT7AklQlD1q80"  (from backupDriveId)
STAMP df306e1c-5687-4031-893c-32de03310bc8 -> driveFileId="1GEOC8pK8ddrzCep3swIkLaOfIBhHREDk"  (from backupDriveId)
STAMP e0d2d8d8-86a4-4692-b70f-404e2f911fd6 -> driveFileId="1QOno6PlJgeQJhIHF7Iu3McCN1lae9Evr"  (from backupDriveId)
STAMP e14dd153-549a-4803-b484-37ccedabffa1 -> driveFileId="1ekofP-D1NPyE6bD8PgGMdlfaI5gYXpQ2"  (from backupDriveId)
STAMP e16dbb6e-9b17-4518-978f-bc32de99fa39 -> driveFileId="1BIwVOL_xtJf_HzcGp-OLmoO8Z8zwRvTZ"  (from backupDriveId)
STAMP e36d7e15-6c9b-4f1f-98ec-e0683bfea7cc -> driveFileId="1KwYTPOvd9KUc4r6RbEmra31qfUfun6IJ"  (from backupDriveId)
STAMP e3708fd4-7182-4b11-ac84-d6e0ebd9e661 -> driveFileId="1v5nZUc6nJEq6slzqD1-299RYPnZKgLTJ"  (from backupDriveId)
STAMP e48e03d1-6c4b-4656-be2c-a5527ac516a2 -> driveFileId="1VZKDJoCv_KhFHM2mgDQytTn4-XkY3_KD"  (from backupDriveId)
STAMP e50241ed-5c6e-4616-84ae-df9f9abda905 -> driveFileId="1ADNrcGrvDmm363dAkwbIjChtmBTw3tFi"  (from backupDriveId)
STAMP e51ba89e-a687-407f-bb32-992173dfd65f -> driveFileId="1M8jb-NgQF9baTOk8CYsd7N_oCBzmmVPA"  (from backupDriveId)
STAMP e54ff293-2e3a-41c1-ac1e-079bdb1c31d4 -> driveFileId="1rUzBhZf0Ooq3abIiLcgWcmaE9AfNX8Us"  (from backupDriveId)
STAMP e8f1b65c-1571-4303-bb2f-f3d180419583 -> driveFileId="1Lv63tDrZqeW8eb-u30_g-aFCtgA2KsZk"  (from backupDriveId)
STAMP ec4d7894-8dfa-4ea4-bff0-a36d43451ac3 -> driveFileId="1LhXGQXnNxP5XerwaAQ6_g8NJE6I7haNg"  (from backupDriveId)
STAMP ed609fc6-d1da-40e1-8f6b-b389ab5ce6a1 -> driveFileId="1_w3yR63Q7Wzq_ZJZC1CiySK49ScY-ZiA"  (from backupDriveId)
STAMP ed77e409-a4fc-4518-82e2-4b9a71a9cde5 -> driveFileId="1vsA-N5za9WNqYM_frFnjbvcKjbNV3pue"  (from backupDriveId)
STAMP edc49352-b032-4967-8ac4-c76ef3cf0beb -> driveFileId="1x-E7rHLR5Cf1V0yn4oZyrRvcbkePusal"  (from backupDriveId)
STAMP ee2b1395-b9ce-4fcb-85b5-ed0d8bb9e067 -> driveFileId="1g5ewik0KTJ98xstajtPbpxQ26smW14Yn"  (from backupDriveId)
STAMP f1015c5a-b953-4511-9378-141c155e3f91 -> driveFileId="1X6Tx9QgotGbv3HF3FPStB_YMcIByBcd_"  (from backupDriveId)
STAMP f1168454-effb-4a7e-943b-23ed1b8b78a8 -> driveFileId="1Wp0rALvvWWU2fLX0lANxhyLBjigqUZHZ"  (from backupDriveId)
STAMP f1600ae6-d7bb-4076-ba42-1a3e5e24c112 -> driveFileId="1cO78iUz62LnFJXpDHJvBSWiCP77Rxkm2"  (from backupDriveId)
STAMP f173a88d-64e8-4af2-9abc-ca7c7e662797 -> driveFileId="1MfRFaDcVJG0DtB0Lj5-f-EuCnjvpfH4b"  (from backupDriveId)
STAMP f19400b3-dfed-43da-b957-566517cccb75 -> driveFileId="1z9SvfuDGBiNbwX5LnBQ17sd8Ntsg-m6L"  (from backupDriveId)
STAMP f270dee3-fc29-4047-ac9c-0e3dcb998126 -> driveFileId="11X1YxLYsTReWZBQeO3r7qPywXCWQU8CL"  (from backupDriveId)
STAMP f34bf3e8-f306-4945-b212-e2dab83b7b8d -> driveFileId="1MjoVshJNGberwypb4lUBHoS2MVoCSiW1"  (from backupDriveId)
STAMP f3533786-9922-4b85-a6a3-5e7651237d78 -> driveFileId="1gXp1UdvX6xG7SyzpGIxH9CsodRP4U_lB"  (from backupDriveId)
STAMP f462cfc0-6f29-4460-9422-071c07b6c717 -> driveFileId="1xzEHDWeE0YzEOGe-GtCmG73ypNQgAF3m"  (from backupDriveId)
STAMP f4e8fd6c-06e2-4b65-afe5-756698b8d678 -> driveFileId="1Kh5TOMFu393-bvY5Vv0I1S0WVJzoQIAk"  (from backupDriveId)
STAMP f4fd95a8-6d2e-4477-bf70-ff83f5ade912 -> driveFileId="1zgCFoU1HbmZjQFgqDcHR5Vwn4kppAh7r"  (from backupDriveId)
STAMP f719b0dd-1662-4c70-9142-f1e99e580487 -> driveFileId="12vFOqfUZt9Hq32WLZU2j-hWd9SmpbYKb"  (from backupDriveId)
STAMP f8f97785-c7b0-4a1a-8015-b6ef108a7939 -> driveFileId="1_1tO6O8XGq7qJqRsFQ3wRlfAFxdgDYDJ"  (from backupDriveId)
STAMP f9921a95-cab9-4b2b-9869-a024cfc21e2b -> driveFileId="1_NqxOM49wUjG5-0Pa0xnhK5e8-_2_bXv"  (from backupDriveId)
STAMP fa1f678c-9f4d-4cd8-8e4e-897278c4840f -> driveFileId="1NBQRSV8gRGdLOI61Yf1264Hati6RjMjG"  (from backupDriveId)
STAMP fa8d38f9-cf6a-4349-9c2b-d514ca42fc2f -> driveFileId="1ibciF3L6IJgdLkuAfOZTvN1nN-u_buYP"  (from backupDriveId)
STAMP fb0c1ad8-f068-47fe-a61a-aa8f6f2cc607 -> driveFileId="1uQtu16guCwMnChlh8z8_6tEGzjzGpJKP"  (from backupDriveId)
STAMP fb29fdcb-6db1-44a8-8df1-e76aaeae5475 -> driveFileId="1l-WZavwNZFQmPsVnAJSDsmqRG3Ni29Gg"  (from backupDriveId)
STAMP fbf15797-3d74-4397-86c4-931b16a334cf -> driveFileId="1aEa_ocx6Y4NX-VJKvih2r8eeF0_nI9dd"  (from backupDriveId)
STAMP fcc1c2fe-358e-43ec-b39f-bfa84ba1b6e2 -> driveFileId="1Jy2cIyhPTOVKMtyzl0rSk4LDwEe1oHtS"  (from backupDriveId)
STAMP fcdeef79-f662-4ac6-aa94-bdf74511ac2c -> driveFileId="1tmoHJxCPhruGPqqODBQrMHe9SQnapaXZ"  (from backupDriveId)
STAMP fe495975-d73d-43ca-ba6c-2a16b2702bdf -> driveFileId="1abWRNe8TxwhNCMtfl0LkNFQz-dA0LpQR"  (from backupDriveId)

=== Summary ===
  mode:                   dry-run
  scanned:                625
  salvageRows:            271
  candidates:             271
  alreadyStamped:         0
  mismatched:             0
  skippedNoBackupDriveId: 0
  skippedBadShape:        0
  wouldUpdate:            271
{
  "summary": {
    "mode": "dry-run",
    "startedAt": "2026-05-25T17:40:48.731Z",
    "projectId": "crcmusiccharts",
    "scanned": 625,
    "salvageRows": 271,
    "candidates": 271,
    "alreadyStamped": 0,
    "mismatched": 0,
    "skippedNoBackupDriveId": 0,
    "skippedBadShape": 0,
    "wouldUpdate": 271,
    "updated": 0,
    "writeErrors": 0
  },
  "records": [
    {
      "docId": "000cc80a-9c65-4b55-929e-c9ca1f6737c3",
      "action": "would-stamp",
      "driveFileId": "1HWv4dMDvKSVmvuX1FFv4V5U4s7O0D33_",
      "source": "backupDriveId"
    },
    {
      "docId": "012dd661-f451-444c-88fb-11d589028908",
      "action": "would-stamp",
      "driveFileId": "1hGSUyKTSs79AXqLPsiyaK-BYzQpNzAKQ",
      "source": "backupDriveId"
    },
    {
      "docId": "0281c548-8aea-48c9-8991-98cb381b3f3a",
      "action": "would-stamp",
      "driveFileId": "1ch-Ttw6dRhxNpIdBDRuYsiLy6RtfDoLj",
      "source": "backupDriveId"
    },
    {
      "docId": "055bf376-f545-45f9-9f40-da81544b312f",
      "action": "would-stamp",
      "driveFileId": "1DGH1SVeRA5izsdZqhzuTjEjGiL7Albjc",
      "source": "backupDriveId"
    },
    {
      "docId": "07478587-664a-4153-8a82-c35364f4ec12",
      "action": "would-stamp",
      "driveFileId": "1fw7LlXON7j1aK0eW-MlJRUn51nbevmBX",
      "source": "backupDriveId"
    },
    {
      "docId": "077a95a9-da4a-4703-97c5-77c6bebeb5f6",
      "action": "would-stamp",
      "driveFileId": "1ndA85mb4x9nmikjkugpttpXyvMCTb2a_",
      "source": "backupDriveId"
    },
    {
      "docId": "0afb3e5a-9554-43e2-b6e4-bf3b4470ca68",
      "action": "would-stamp",
      "driveFileId": "1jngBa3ngGwZPJFTJ_AMlrnW2yDQrYmGa",
      "source": "backupDriveId"
    },
    {
      "docId": "0b478d9a-f544-4e77-8657-a3c70af76d86",
      "action": "would-stamp",
      "driveFileId": "1golBfIweVpzk82qwDMBeUtuNK4pf-PA5",
      "source": "backupDriveId"
    },
    {
      "docId": "0ca658e4-c2e0-43df-9888-a7f2d536710a",
      "action": "would-stamp",
      "driveFileId": "19POASfKYmFvjbl2jaYy24sNjk7DtbRBP",
      "source": "backupDriveId"
    },
    {
      "docId": "0eb186b2-9146-46c6-8615-ed971085bad1",
      "action": "would-stamp",
      "driveFileId": "1Yl_LeVLl8JN2W7Nw12TtuRbAhefWe4rf",
      "source": "backupDriveId"
    },
    {
      "docId": "129d7632-3954-45e0-9085-cf52d204d6cd",
      "action": "would-stamp",
      "driveFileId": "1xCqrI2951i6JgBY4lNX5atjNS-Q7f4Lq",
      "source": "backupDriveId"
    },
    {
      "docId": "12a55b49-215d-49dd-87a8-f3fb695ee088",
      "action": "would-stamp",
      "driveFileId": "1j9hGYLPlpqVuArfinOHoHCRpggsLIEQ7",
      "source": "backupDriveId"
    },
    {
      "docId": "139f1251-1373-409e-8fc7-4c447f7c7f92",
      "action": "would-stamp",
      "driveFileId": "1cwj1zdDDAwPion69OgL_YbGzWb5qI01L",
      "source": "backupDriveId"
    },
    {
      "docId": "13c6fcba-7b42-44f6-8582-581194e2431d",
      "action": "would-stamp",
      "driveFileId": "1pW5RvDJvatvqi-lGJx8rFG723F8D_GDX",
      "source": "backupDriveId"
    },
    {
      "docId": "13ddc1bb-07e4-480a-bf24-5ee5ed22af6f",
      "action": "would-stamp",
      "driveFileId": "1DNrp3N_kvEd0MmltsM25I3pzxK-TJ8iu",
      "source": "backupDriveId"
    },
    {
      "docId": "17989ffb-a13a-47b4-b17e-df8212b14f92",
      "action": "would-stamp",
      "driveFileId": "1pnjNt__fHetNw9sj62_6C0VldlOBYKB9",
      "source": "backupDriveId"
    },
    {
      "docId": "193e1533-9952-4fad-a4c0-7cdcfb508ba0",
      "action": "would-stamp",
      "driveFileId": "1FU0p2SEtPIKuTdHcw5xDNw5Fw8d62Mwp",
      "source": "backupDriveId"
    },
    {
      "docId": "198fc291-2b1f-46db-8e84-b0c7e19b3c8c",
      "action": "would-stamp",
      "driveFileId": "1ooObK1WpyxXScV_ogHy9TCptTaGX5aP7",
      "source": "backupDriveId"
    },
    {
      "docId": "1ace0be3-5238-4f8f-b21e-8a95f3fcd0a7",
      "action": "would-stamp",
      "driveFileId": "10ugK40XtzWSPltrAl51654aez4_XwmFY",
      "source": "backupDriveId"
    },
    {
      "docId": "1c1efa1f-491c-4925-a8de-07a115437fc5",
      "action": "would-stamp",
      "driveFileId": "1GOWbOj6IWlF8Id01MOwcxNlmeGvrOqoe",
      "source": "backupDriveId"
    },
    {
      "docId": "1d69155e-992a-4f35-a16b-1a3bd5745f68",
      "action": "would-stamp",
      "driveFileId": "1ZmxovKrt3QAIWNlnNWZdLwB3DH7TzHb7",
      "source": "backupDriveId"
    },
    {
      "docId": "1ea4505a-a3eb-423f-8398-93b06664da5b",
      "action": "would-stamp",
      "driveFileId": "1SPt4V0GDGFMjxC8y6kEjEIbWwUljcqHd",
      "source": "backupDriveId"
    },
    {
      "docId": "1eada1e3-c629-4fce-af21-83e81d480b5a",
      "action": "would-stamp",
      "driveFileId": "1P_fpzjiZ3knN3pDFzFgRzjd_nii7ggAX",
      "source": "backupDriveId"
    },
    {
      "docId": "1fb983c0-12be-4a51-bcd8-4be089e70b1f",
      "action": "would-stamp",
      "driveFileId": "1DB6Y5x4JhUZKDKof_WIpr0TpwezddHzj",
      "source": "backupDriveId"
    },
    {
      "docId": "20811bd6-bda9-43ee-ad7a-4ae3b704def2",
      "action": "would-stamp",
      "driveFileId": "1MCe2GBkeAHlQfwhmsEn3NW8Ao3yAP3Jz",
      "source": "backupDriveId"
    },
    {
      "docId": "218fc2a9-cbe4-4ff1-a056-68f7f55bbac2",
      "action": "would-stamp",
      "driveFileId": "1kJjigwido2VEtIqEAbaJ0tbnJo0_e4-l",
      "source": "backupDriveId"
    },
    {
      "docId": "2245fe4b-7562-475e-be0d-709cb28bf48c",
      "action": "would-stamp",
      "driveFileId": "1tgAqiz2F9QABATCDhjhirQ729XD-49VS",
      "source": "backupDriveId"
    },
    {
      "docId": "235c703e-600e-4cc4-aca5-283ae3b81af9",
      "action": "would-stamp",
      "driveFileId": "1zi6HmoCJYT6EGP8m0--tRMH2dDX6Xr4X",
      "source": "backupDriveId"
    },
    {
      "docId": "23d61fc5-59fa-4cb4-99f1-e24eccb88fce",
      "action": "would-stamp",
      "driveFileId": "1xgfW4GLZnhdPE9R3bUueWd98Ahf6my_q",
      "source": "backupDriveId"
    },
    {
      "docId": "24308467-f3c9-4fba-b7e8-6795821d3a69",
      "action": "would-stamp",
      "driveFileId": "1t6toWU7WTD-fIqbYBHeVsv6dy8jTbLpo",
      "source": "backupDriveId"
    },
    {
      "docId": "2485f761-d134-416a-89d8-5bb8d7cc27f1",
      "action": "would-stamp",
      "driveFileId": "13LpsO33hnOmLO70zuV8UWuDuST5li4Ki",
      "source": "backupDriveId"
    },
    {
      "docId": "25a1305b-ff4f-4c59-8aaa-9d646962b513",
      "action": "would-stamp",
      "driveFileId": "1wvXPZjbUXQxNXed-FdunsUKloEYzyDZV",
      "source": "backupDriveId"
    },
    {
      "docId": "25df4be7-0a5d-4a8d-bf7b-64d2d03f67e5",
      "action": "would-stamp",
      "driveFileId": "1gw82wJWf5Kw1cftoq6C8wsHZG-9LN7UR",
      "source": "backupDriveId"
    },
    {
      "docId": "267cc451-17af-42ab-a004-9c4e6ed1f76d",
      "action": "would-stamp",
      "driveFileId": "1pJkY8VRzXIzBLiqjG7ZUrLZ-g2j9Cle_",
      "source": "backupDriveId"
    },
    {
      "docId": "26864af2-2a80-4f93-a8ec-e81f63f075e0",
      "action": "would-stamp",
      "driveFileId": "1s6gBDy2_hQF3zvaQhtnvh5tiiw3JsMof",
      "source": "backupDriveId"
    },
    {
      "docId": "26b904af-782b-4b6a-bbca-6a53aeb09c33",
      "action": "would-stamp",
      "driveFileId": "1Lg0iMkqDUPqnXb9aWNpQW5QLAEgb34Mn",
      "source": "backupDriveId"
    },
    {
      "docId": "27f2ec75-1a5a-4241-ab4b-e95879f03168",
      "action": "would-stamp",
      "driveFileId": "1W9w_pN2yNmwSq5a1q1cSc5vimpeTbxGX",
      "source": "backupDriveId"
    },
    {
      "docId": "288a0399-23b7-478c-bccc-369db1a30cd6",
      "action": "would-stamp",
      "driveFileId": "1A7BTDYf0eM5I5AaABK685Kqygl3AVE-Z",
      "source": "backupDriveId"
    },
    {
      "docId": "289a11d0-fbb3-4a21-8c98-50473b6e1001",
      "action": "would-stamp",
      "driveFileId": "1HryMtvJ45kjYwGMeSW1oCbcxyceWaFK2",
      "source": "backupDriveId"
    },
    {
      "docId": "28c99c48-dbac-479f-9bae-80342fdb3253",
      "action": "would-stamp",
      "driveFileId": "1WaaxoE5Tc4KO71NpLlAyFrxpcYQ8Sbtr",
      "source": "backupDriveId"
    },
    {
      "docId": "28f1ea16-4dab-4198-8d0b-dc1c7ef66624",
      "action": "would-stamp",
      "driveFileId": "1lGnhTF77fbLtgJse0MQgtAWabY47hZeD",
      "source": "backupDriveId"
    },
    {
      "docId": "2aede3b4-205a-4bbb-a996-76c46cd83de2",
      "action": "would-stamp",
      "driveFileId": "18GRI2Lmltm-O-rO2LSJTrHvGdCQe1cXW",
      "source": "backupDriveId"
    },
    {
      "docId": "2aefdc50-ad45-494e-a2d6-f3351995b24a",
      "action": "would-stamp",
      "driveFileId": "1FpXQSNi0yS3VrMMDu5n-UlmeaaDPi16b",
      "source": "backupDriveId"
    },
    {
      "docId": "2c594bea-32c0-4794-b625-060848ad576c",
      "action": "would-stamp",
      "driveFileId": "1BcFQpvV4difjUUH7u5vqRQpv0RwA6koU",
      "source": "backupDriveId"
    },
    {
      "docId": "2c5a74a5-bd72-4a3f-aa62-c8ab25b33d75",
      "action": "would-stamp",
      "driveFileId": "157bE1ZxdQ4Fo01tPaLTGm-dHFEbjAif8",
      "source": "backupDriveId"
    },
    {
      "docId": "2d7ede35-04fd-4337-8eb7-db69444304ce",
      "action": "would-stamp",
      "driveFileId": "11IL-EFw_MoJ8xXTpIwBT4E2rBxqiRMd9",
      "source": "backupDriveId"
    },
    {
      "docId": "2dc43bcb-7c37-44fb-ac29-5ed7d20e87a9",
      "action": "would-stamp",
      "driveFileId": "1MTrjy9Qs2dm9cwh--63Vg8h3RP6j1EW6",
      "source": "backupDriveId"
    },
    {
      "docId": "2fc76c49-023f-4eaf-a063-d5f69e22ab72",
      "action": "would-stamp",
      "driveFileId": "1RZBDnsbJt6-udexUGxwusoA2SiFE5LJT",
      "source": "backupDriveId"
    },
    {
      "docId": "30982932-7c78-432b-9350-68a0c2fe35de",
      "action": "would-stamp",
      "driveFileId": "1TuPgjq7tir2QWmuVObY332dFlaNBGGb_",
      "source": "backupDriveId"
    },
    {
      "docId": "30e3d10d-aede-4d56-86a2-a9f183ba5b2a",
      "action": "would-stamp",
      "driveFileId": "1lHg7ZZv3MnPf7W1M-b1Okb5NPuZX05bM",
      "source": "backupDriveId"
    },
    {
      "docId": "31248276-14b6-4bc0-914a-0c129d023586",
      "action": "would-stamp",
      "driveFileId": "1lId1sLQCtzjyOuVHZW_YkoI6BnGr2OIp",
      "source": "backupDriveId"
    },
    {
      "docId": "31e5ec53-8330-457f-aef3-33e10e35ec05",
      "action": "would-stamp",
      "driveFileId": "1ouqV-PkgW4L_yWE5B9A33TE9pGvJqEUR",
      "source": "backupDriveId"
    },
    {
      "docId": "31e88e83-c880-43e5-9b12-37a7a119aeb0",
      "action": "would-stamp",
      "driveFileId": "139DOexKqIRAZphK76Vxc6dkeWODzNPZk",
      "source": "backupDriveId"
    },
    {
      "docId": "323ccd88-d31e-40f1-afbd-bd4601136e27",
      "action": "would-stamp",
      "driveFileId": "1tbnw8matwJSrgdQ1_je1ANz91mZfiHQa",
      "source": "backupDriveId"
    },
    {
      "docId": "3371ff94-1774-4c2b-a25b-f1537a419e13",
      "action": "would-stamp",
      "driveFileId": "1Rx6ri1OU0i1Ct-du7aD9Agv8Nj9P4QVp",
      "source": "backupDriveId"
    },
    {
      "docId": "33d9e425-2ed1-4054-988f-2935119d90e8",
      "action": "would-stamp",
      "driveFileId": "1SnnNUcPrcFznf6HGD-zo7ErpsW_eECAN",
      "source": "backupDriveId"
    },
    {
      "docId": "34a3c3fc-d5ce-4b80-8d4f-77014f5412da",
      "action": "would-stamp",
      "driveFileId": "1RAAAjMGTywawyvTsfRu_oObOiTTaP09i",
      "source": "backupDriveId"
    },
    {
      "docId": "35eeeadb-af0d-4b49-b966-aa63655a4435",
      "action": "would-stamp",
      "driveFileId": "1wS-Nd2BYObc9SPEfMaKcFZjgYWoQRN8W",
      "source": "backupDriveId"
    },
    {
      "docId": "36928f78-7327-4d7f-ba5a-4291ccc74084",
      "action": "would-stamp",
      "driveFileId": "1I8NAb3_bZ6kB4XpnSIQ2bNKR6X3S1ku7",
      "source": "backupDriveId"
    },
    {
      "docId": "36b65d8a-065f-4711-a8aa-304886451aab",
      "action": "would-stamp",
      "driveFileId": "1A6gdujPiZHm3loSE-9cak9PJU2sgptzk",
      "source": "backupDriveId"
    },
    {
      "docId": "37b74f7a-31b1-4ed7-99df-2421c8a81e92",
      "action": "would-stamp",
      "driveFileId": "1v2Notfh0raW6rbdQSLFW3hI5TDhyGRZt",
      "source": "backupDriveId"
    },
    {
      "docId": "395c9ef8-3cf3-4c3d-8785-3deb852da074",
      "action": "would-stamp",
      "driveFileId": "1uOMtmtXzal-AjWh3aDSpPLAXK-FZTALp",
      "source": "backupDriveId"
    },
    {
      "docId": "39a123f9-f6df-434f-85f7-8a5f2b607ead",
      "action": "would-stamp",
      "driveFileId": "1MpiBgmrvQIUBu8WHTqCtSpO4utOU9IvC",
      "source": "backupDriveId"
    },
    {
      "docId": "3a65f5c6-e18f-4f45-acde-eaf125b310eb",
      "action": "would-stamp",
      "driveFileId": "1tYLXJf6zA0wU0--490HI8TI9EH92Xj41",
      "source": "backupDriveId"
    },
    {
      "docId": "3b90c6ba-e8f2-4fa2-ac26-ad4fa316c9c3",
      "action": "would-stamp",
      "driveFileId": "1D_gQlW9KvWBE0RfaIHKzKzt2rDtC6UZW",
      "source": "backupDriveId"
    },
    {
      "docId": "3bd7af7a-2a4b-42a2-80c5-9d1b4073db4a",
      "action": "would-stamp",
      "driveFileId": "1Aih117fU0Uxu36y0m0NBpKAqi7ikJcr6",
      "source": "backupDriveId"
    },
    {
      "docId": "3bf73686-08ba-4b28-bf78-0520963a215b",
      "action": "would-stamp",
      "driveFileId": "1bY0R8zHBEy639Rw7I9nSjWBempCYaT4g",
      "source": "backupDriveId"
    },
    {
      "docId": "3c965b50-cd20-4a05-88d8-ccec39b59f41",
      "action": "would-stamp",
      "driveFileId": "1wQAUH4NfP_mKy9tjtppzrOZaI4QM7Q5M",
      "source": "backupDriveId"
    },
    {
      "docId": "3cb6a75d-a704-4bfb-b3c4-93ab5f7613f0",
      "action": "would-stamp",
      "driveFileId": "1j2z5MMZfqCGi9aKhZjBJSf2ZqcR98j6A",
      "source": "backupDriveId"
    },
    {
      "docId": "3dc9f49f-b773-46aa-a5d5-ede22f7b8fc2",
      "action": "would-stamp",
      "driveFileId": "1Y_tWALKuMToBbRDeCM_Jt8VNlPJ3nWHf",
      "source": "backupDriveId"
    },
    {
      "docId": "3df0360d-9078-45e0-ab96-73804fa7276b",
      "action": "would-stamp",
      "driveFileId": "1YeR6cwjmBf2weQ34jpivXtqkTrhZX40i",
      "source": "backupDriveId"
    },
    {
      "docId": "3df80222-8fe3-4f83-a641-8eb27839608a",
      "action": "would-stamp",
      "driveFileId": "1A0tM1rYAAVYKPCZlyQuN2BgNwRgYRC7R",
      "source": "backupDriveId"
    },
    {
      "docId": "3e967bd3-cf6a-455d-a6c0-f80fc68b0831",
      "action": "would-stamp",
      "driveFileId": "1jsxQakxAeMxTo5oe3ox9IWbmlYtI_IIV",
      "source": "backupDriveId"
    },
    {
      "docId": "405c6a9b-0870-4e4f-a335-d8d34dce7c20",
      "action": "would-stamp",
      "driveFileId": "1hHoxVvER_5k0FFR_KpEC6YuDDsTdG9CP",
      "source": "backupDriveId"
    },
    {
      "docId": "4069c33b-2011-4768-83c6-ccc2ece60f13",
      "action": "would-stamp",
      "driveFileId": "1CffGOxVr0nurWS-xIv-tIdLk4IbYIfok",
      "source": "backupDriveId"
    },
    {
      "docId": "407d23e5-5cd6-4d02-9618-7acefb33df7a",
      "action": "would-stamp",
      "driveFileId": "1nwrQdCQmQxFr60pvjZPQFA1ubdDoNgzv",
      "source": "backupDriveId"
    },
    {
      "docId": "41379850-2021-48c5-8acd-e867e4dfa119",
      "action": "would-stamp",
      "driveFileId": "12k48pZYT_Po0ktkqihK9knJntnzdkOGb",
      "source": "backupDriveId"
    },
    {
      "docId": "41749406-91a4-410d-bf45-1a1a39f84aed",
      "action": "would-stamp",
      "driveFileId": "1mrgkr-KMVRgMHjAWJ22NxJeMUZ39cemG",
      "source": "backupDriveId"
    },
    {
      "docId": "42003f22-0d5d-49f0-a45e-87e5ade38d6b",
      "action": "would-stamp",
      "driveFileId": "1kpIfI3q7zblK8ngKrxOSRc1gbjNiSAi7",
      "source": "backupDriveId"
    },
    {
      "docId": "422d3103-d7b3-437e-ba7e-f864c6e570fa",
      "action": "would-stamp",
      "driveFileId": "15YeNUR2gtskmVR1ZE8nxe7TPmR9h8FIx",
      "source": "backupDriveId"
    },
    {
      "docId": "42a1cd5d-93ef-4a02-8a8d-7a669ff9c921",
      "action": "would-stamp",
      "driveFileId": "1a07M1diVYAj9dpFLboC7dY8qxYtt8TUe",
      "source": "backupDriveId"
    },
    {
      "docId": "43a4fc6c-4d27-45bd-988f-492db59f73d1",
      "action": "would-stamp",
      "driveFileId": "1s3_oCnTG7tuwN07obtIHYWwYUe_eH69d",
      "source": "backupDriveId"
    },
    {
      "docId": "44c38248-6925-4921-b833-eeae0854e63a",
      "action": "would-stamp",
      "driveFileId": "1nYoQbXTUN1138m6g2T_x11uBRXnZqRWu",
      "source": "backupDriveId"
    },
    {
      "docId": "44e0d496-88a6-46c3-bd09-fec655d3edc4",
      "action": "would-stamp",
      "driveFileId": "1ETJVaO_IrO_QYuAG0PbXoO02s3lXb0Z5",
      "source": "backupDriveId"
    },
    {
      "docId": "452cc138-503f-4f0a-8b27-7ebd8d5741d1",
      "action": "would-stamp",
      "driveFileId": "1ALcJAeG8iAovFs40AT32N9OhZui2-Exj",
      "source": "backupDriveId"
    },
    {
      "docId": "45a57edb-cc78-4fb0-97e9-a9ab372d7943",
      "action": "would-stamp",
      "driveFileId": "1q-PTTEUC7SrFBxYZDMvxoUXB4YidnSJC",
      "source": "backupDriveId"
    },
    {
      "docId": "45d7d670-f2c5-4437-a7d7-b40fe5ebe416",
      "action": "would-stamp",
      "driveFileId": "18lpHDwnxXdxvujs8JZHptrlwRkLWyX6E",
      "source": "backupDriveId"
    },
    {
      "docId": "46dbc366-04ba-406a-aadc-55e500597250",
      "action": "would-stamp",
      "driveFileId": "1vh7Mq6E3mOu9VFMQ-x0Sab-DZvsYmgsi",
      "source": "backupDriveId"
    },
    {
      "docId": "46e66e0d-4f0d-47e7-baaa-125891f997b4",
      "action": "would-stamp",
      "driveFileId": "1Q6dWURMeHa9-ferxPylEI1fzMm6gEPWa",
      "source": "backupDriveId"
    },
    {
      "docId": "471113d7-9755-4599-b32f-ea66548ea36d",
      "action": "would-stamp",
      "driveFileId": "1FljycdmYU5xXTYBCWZ6cU8GMCWcz6SCU",
      "source": "backupDriveId"
    },
    {
      "docId": "4724db72-8e1e-4405-90ff-8be1955af822",
      "action": "would-stamp",
      "driveFileId": "1Gk_wzU3jwuMxN-D-Jh7FZS97UFdardcp",
      "source": "backupDriveId"
    },
    {
      "docId": "4a00f597-70ef-4267-a363-10b081eabc66",
      "action": "would-stamp",
      "driveFileId": "1XTh_YdKazXfcoHsCesyLXbM0Kf9d96vD",
      "source": "backupDriveId"
    },
    {
      "docId": "4a2fcc5e-3684-486c-af94-6f48bea4188c",
      "action": "would-stamp",
      "driveFileId": "1J1EFV67VrI7m9E9gsLmeFnENUwEf5sq-",
      "source": "backupDriveId"
    },
    {
      "docId": "4a5faa48-43d0-435c-a9b0-8d069cb88e11",
      "action": "would-stamp",
      "driveFileId": "1dMz1bbJN5j0NR-Na7kh14--OUIH0lwAz",
      "source": "backupDriveId"
    },
    {
      "docId": "4ecc47bd-97a8-4aa6-988c-f490695b0d98",
      "action": "would-stamp",
      "driveFileId": "1bK7TX0G3yUBkFnKRzGGNi607M3Tf80WN",
      "source": "backupDriveId"
    },
    {
      "docId": "4f5d5c70-4dc2-4071-9960-174bda73f761",
      "action": "would-stamp",
      "driveFileId": "1iniE2nsFJV6DqjOuC4gpCXAzLymHzrIi",
      "source": "backupDriveId"
    },
    {
      "docId": "509d8360-46da-43da-9ba3-75fdf2032838",
      "action": "would-stamp",
      "driveFileId": "1dKzTdDamVhnWMPYnTDgMjx2CCZMYCTWG",
      "source": "backupDriveId"
    },
    {
      "docId": "52b4fed1-de13-49f7-9dc6-732a6899f127",
      "action": "would-stamp",
      "driveFileId": "1jui6B_yArXWRuioXGr33Ei9FPdVprKGh",
      "source": "backupDriveId"
    },
    {
      "docId": "5366aef1-5349-44c3-9dc1-7462e69fe4db",
      "action": "would-stamp",
      "driveFileId": "14k_4K1UD4zq88hWVbfeLsqNVfbl8bAt0",
      "source": "backupDriveId"
    },
    {
      "docId": "56c4c7ba-b264-427e-8c32-16d7c29bba50",
      "action": "would-stamp",
      "driveFileId": "1Jv0AhzkiyhALNKD8Hrh-H6sxhNaUumZs",
      "source": "backupDriveId"
    },
    {
      "docId": "58587ef0-0747-4abe-9c00-4b77a543d851",
      "action": "would-stamp",
      "driveFileId": "1HfI3NW79H2TLxD26UWq6WhvBYvTiT0W_",
      "source": "backupDriveId"
    },
    {
      "docId": "5aa91e83-02ef-44c6-bc28-833be56d0bed",
      "action": "would-stamp",
      "driveFileId": "1cZVTgKH1TVG59eiV8G2kvZAfm1zuji90",
      "source": "backupDriveId"
    },
    {
      "docId": "5b5a4ec7-36f0-451c-adfe-1b6186ddd2a1",
      "action": "would-stamp",
      "driveFileId": "1mBacYk2cjiTZtRayNXlcKzHpvHROM-Vi",
      "source": "backupDriveId"
    },
    {
      "docId": "5e893824-0d8c-47e7-82fe-51240d027c00",
      "action": "would-stamp",
      "driveFileId": "15WRPpwn17hSeEE7unmO8Ia1iWO-amt9P",
      "source": "backupDriveId"
    },
    {
      "docId": "5ed550bc-b6d3-498a-8c9c-6fc42212d9d6",
      "action": "would-stamp",
      "driveFileId": "1be_Pe26GfgMu1HnGZDlaGHg5kR2Ecak3",
      "source": "backupDriveId"
    },
    {
      "docId": "5fa69e00-2115-4915-9aa3-f68ad3c42466",
      "action": "would-stamp",
      "driveFileId": "1PPl03gIvXmzyx9QyJunVXBbxyzYXFfrl",
      "source": "backupDriveId"
    },
    {
      "docId": "61aeb253-df01-471a-a9fa-2eb885c4ef35",
      "action": "would-stamp",
      "driveFileId": "1VCHC-bgc1ZBGEd6Msy9z-MyViCyrdMnn",
      "source": "backupDriveId"
    },
    {
      "docId": "61f0c403-0d98-45a9-ad90-c813329a0d6d",
      "action": "would-stamp",
      "driveFileId": "1mEWHDhkpMZsGj9EbL5E0sExSQuSEJdtO",
      "source": "backupDriveId"
    },
    {
      "docId": "6259b551-24b8-441b-ad62-6f4cc45a011a",
      "action": "would-stamp",
      "driveFileId": "112Lmt8Dgk4dXCTmGr9AlycrsAIvp-oKN",
      "source": "backupDriveId"
    },
    {
      "docId": "64816b31-79d9-44a1-b582-f8bba765eeb2",
      "action": "would-stamp",
      "driveFileId": "1Sj09ZPzPihVx3zBpxaXdq5O4uAhvLQu8",
      "source": "backupDriveId"
    },
    {
      "docId": "662dd31d-b975-42c0-877d-57084950fffb",
      "action": "would-stamp",
      "driveFileId": "1QonzQyz8DhBaShMhCxSECMljsVmXtrGa",
      "source": "backupDriveId"
    },
    {
      "docId": "663aa70e-d676-4fbe-b370-afef86119c44",
      "action": "would-stamp",
      "driveFileId": "1DLmu3PCEzGCweOvCUM9zhpZshNOw809i",
      "source": "backupDriveId"
    },
    {
      "docId": "66bd1185-8e9e-46ef-9ea2-7a5646504503",
      "action": "would-stamp",
      "driveFileId": "1jB923CM7DWbmxQGqGyZ6paVQ6iZmrfi1",
      "source": "backupDriveId"
    },
    {
      "docId": "672e94b4-9da7-40f7-8ec1-ae56bd67cce7",
      "action": "would-stamp",
      "driveFileId": "1EDlMVF34nQrxVwULLj-fF_KQXZiGWff3",
      "source": "backupDriveId"
    },
    {
      "docId": "6738e47c-e710-4f65-9655-d93d2ee8332e",
      "action": "would-stamp",
      "driveFileId": "1ro_-QLCnwEe73gJbIj2y26iHaIPl4aKr",
      "source": "backupDriveId"
    },
    {
      "docId": "6bddf129-6f1c-4fa4-bf54-3cf431a53219",
      "action": "would-stamp",
      "driveFileId": "1WsG872ET32YKUHO-H5t_z-b5Fk3g_N4A",
      "source": "backupDriveId"
    },
    {
      "docId": "6ca6e82c-e3be-4e6b-b6c1-63f60b3ac5cc",
      "action": "would-stamp",
      "driveFileId": "1W8ULBpJgptJNNUpKKoKTjprP2RzeW6rQ",
      "source": "backupDriveId"
    },
    {
      "docId": "6ce470ac-cf9a-44f4-9602-158d5508a45d",
      "action": "would-stamp",
      "driveFileId": "1DmXJLQqTD4PwC0DpCu2cSxJQLX5h-Q1y",
      "source": "backupDriveId"
    },
    {
      "docId": "6d704852-b119-4611-b2a9-b05bbd92aa8d",
      "action": "would-stamp",
      "driveFileId": "1oQXAtLgmpjfUiuRSnZSFWuxbTao5PDOq",
      "source": "backupDriveId"
    },
    {
      "docId": "6d8343b3-9a3d-4550-a529-bac4ca04ab00",
      "action": "would-stamp",
      "driveFileId": "16i8hdcfVcNpa_ND1wBRU-RCtpru4oDhY",
      "source": "backupDriveId"
    },
    {
      "docId": "6eb445b8-66f0-4958-a1b0-e6f4fadc449f",
      "action": "would-stamp",
      "driveFileId": "1U1cw1zxsUiFEigjBdGjnzwprXuWuflS0",
      "source": "backupDriveId"
    },
    {
      "docId": "6ec8bf57-a358-4ae2-a251-e8200d9351bb",
      "action": "would-stamp",
      "driveFileId": "1RHWg5C0BAqFtfl_31mHFnGkj_46XqvCQ",
      "source": "backupDriveId"
    },
    {
      "docId": "708b8023-7689-4a58-ab8d-428e2bcafaa7",
      "action": "would-stamp",
      "driveFileId": "1ZcmBcGjGIEVxaXUkOxXj-HsuXwQlr9T3",
      "source": "backupDriveId"
    },
    {
      "docId": "70a83fa1-d1a8-45ac-bb03-601bb5103b60",
      "action": "would-stamp",
      "driveFileId": "1RDe_dN0f-AkGR8eEwpwZNXj_kgAWoXd7",
      "source": "backupDriveId"
    },
    {
      "docId": "70efd098-6c4d-44ac-8884-8115af528ab9",
      "action": "would-stamp",
      "driveFileId": "1E4PrmDTDtxx6EEsGufnfaobAOVebfg-x",
      "source": "backupDriveId"
    },
    {
      "docId": "72a7aa6a-7b08-4c78-862c-197bbffb9515",
      "action": "would-stamp",
      "driveFileId": "1RTUL0Vgt_hKmS5SQMV_qwkm0vv4dS5w6",
      "source": "backupDriveId"
    },
    {
      "docId": "75dc9298-772b-4092-a3de-b7e54f1c6403",
      "action": "would-stamp",
      "driveFileId": "1tCaZClMqpqMq3UcS0zhJE9dHfKDO02G-",
      "source": "backupDriveId"
    },
    {
      "docId": "76dda851-02b7-434f-a36b-f5b99c5fb1bd",
      "action": "would-stamp",
      "driveFileId": "12fZUi763niZClJUMnoHQgVtAzHmB4x3-",
      "source": "backupDriveId"
    },
    {
      "docId": "77c2bf09-7a4b-4f38-9bf2-c7b3b120506e",
      "action": "would-stamp",
      "driveFileId": "1QRK3BzDLIt5qxjOZwhmHo8wH3lFhIv3O",
      "source": "backupDriveId"
    },
    {
      "docId": "77f77a9e-31b1-46ae-85b8-a6864953fc83",
      "action": "would-stamp",
      "driveFileId": "1qMzV-FMafRWSUTa-p1TrJj1k55BZX7sH",
      "source": "backupDriveId"
    },
    {
      "docId": "78ae5689-071f-4502-aa0f-e16e6fb7b480",
      "action": "would-stamp",
      "driveFileId": "1ivj7qtmRBdQ9UiLpP9IY9NM0Xwtf_256",
      "source": "backupDriveId"
    },
    {
      "docId": "7ac2da98-6353-4fd2-ae8a-ad28eb2f243c",
      "action": "would-stamp",
      "driveFileId": "110BGyltyk6c7hjubk6N7mfzSTsLD1eTQ",
      "source": "backupDriveId"
    },
    {
      "docId": "7bc7a556-04f4-42a3-a766-d300270d71cd",
      "action": "would-stamp",
      "driveFileId": "1T3z4hJA41ApSRYU0tiREnRY5sVkPzkoP",
      "source": "backupDriveId"
    },
    {
      "docId": "7c15883f-41bd-4a32-875e-dbca4ec4188f",
      "action": "would-stamp",
      "driveFileId": "198I_3ZxVJGRpPSvFffnWawKIlRSNC2zF",
      "source": "backupDriveId"
    },
    {
      "docId": "7d15b7ee-692e-42c9-99bb-8e543eb0014d",
      "action": "would-stamp",
      "driveFileId": "18Ne1Blf7c-i6uzsy_rnNbjnwn3-9RCOF",
      "source": "backupDriveId"
    },
    {
      "docId": "7e9a37aa-4427-428f-8801-b2a5405bd3be",
      "action": "would-stamp",
      "driveFileId": "1l_NRx7W0XqFdjKk2VMFbYEvSKQdzoTmg",
      "source": "backupDriveId"
    },
    {
      "docId": "7eda392b-2472-418b-a0e8-918e48776945",
      "action": "would-stamp",
      "driveFileId": "17qJOT84KkbJpLwyvKnHqWk3KOVf49rZL",
      "source": "backupDriveId"
    },
    {
      "docId": "7f6b5f88-d7f5-426d-8feb-822691025fd9",
      "action": "would-stamp",
      "driveFileId": "1wEjV2ouu0jjWy_7poV3Jl9CkckmZVHf9",
      "source": "backupDriveId"
    },
    {
      "docId": "7fac9e4d-21ee-4830-91e6-1e05f3cf93c0",
      "action": "would-stamp",
      "driveFileId": "1NZZjpIpWvK-DH0elZjhVlwb2-jMBfJst",
      "source": "backupDriveId"
    },
    {
      "docId": "81b0bc66-c339-4e0e-a1ab-880920ede4e3",
      "action": "would-stamp",
      "driveFileId": "1yJsAD6VBvU1nqYO-kYDHwjGq3KneAwHI",
      "source": "backupDriveId"
    },
    {
      "docId": "82d38077-d6d9-4755-b797-3654de352da3",
      "action": "would-stamp",
      "driveFileId": "1reOwMNuyM08agjHYfzUZBdQ-WkMKbAFP",
      "source": "backupDriveId"
    },
    {
      "docId": "8311b9ad-cce4-4d96-aa4d-ec615a7f7401",
      "action": "would-stamp",
      "driveFileId": "1Z_JTpCOT7UgIGEIO6X2FizOhLkDWEY_2",
      "source": "backupDriveId"
    },
    {
      "docId": "837e0ce9-4525-4258-b0e1-0cf483189f81",
      "action": "would-stamp",
      "driveFileId": "1myNIZvSqTgHG3YxhE8qUb4wRr58jNvMC",
      "source": "backupDriveId"
    },
    {
      "docId": "83d15dde-b4c6-4fc0-bf66-047d6d2f7142",
      "action": "would-stamp",
      "driveFileId": "1f0B0MDmbWWixPFmFuoSGwCNvPR6F1n99",
      "source": "backupDriveId"
    },
    {
      "docId": "8454f8fa-0904-43b9-a73c-06f41910bc1f",
      "action": "would-stamp",
      "driveFileId": "1ArefzHJm74aiM9PW71vC5H1MCW75RcwJ",
      "source": "backupDriveId"
    },
    {
      "docId": "87bddcb0-5d4a-47f7-a7f2-20a99a17b5fc",
      "action": "would-stamp",
      "driveFileId": "1_iGA1Vd685TRzNLpU_xLgPl3wF_503EU",
      "source": "backupDriveId"
    },
    {
      "docId": "88088b30-ef2e-41ad-bcd0-5d460377bd63",
      "action": "would-stamp",
      "driveFileId": "1q6XzZYrX_Q_yVIR39_4oXY3dvJW_4Zq2",
      "source": "backupDriveId"
    },
    {
      "docId": "88726e5b-6464-4b0b-948a-f444bcdd005f",
      "action": "would-stamp",
      "driveFileId": "1pSSwqOmN-Wf2i5op-yg95dSfEpw48QYt",
      "source": "backupDriveId"
    },
    {
      "docId": "89501d6f-d130-4a4a-8c41-2e274b06775c",
      "action": "would-stamp",
      "driveFileId": "1Jrq_dSxxHDUnRl17aTozLbFREzHdOtUe",
      "source": "backupDriveId"
    },
    {
      "docId": "8a2e0e9c-e453-49e2-a1a9-8e39dd126a4c",
      "action": "would-stamp",
      "driveFileId": "1aZ30XXOUM6tgIF-4B1oCrY0olvEvOFLQ",
      "source": "backupDriveId"
    },
    {
      "docId": "8adc4ca1-a52f-4e4b-8909-d3d600a49993",
      "action": "would-stamp",
      "driveFileId": "1BHdEfi6o69-aHQwkRpLAlf3EdjLJpl6c",
      "source": "backupDriveId"
    },
    {
      "docId": "8b574308-24ce-4720-916e-98393d1042c9",
      "action": "would-stamp",
      "driveFileId": "12Nvsug3Gpt4F6QhznAMNNpGhnWKjYo8R",
      "source": "backupDriveId"
    },
    {
      "docId": "8b7d7ef0-66a1-4058-bcab-de63cb10105f",
      "action": "would-stamp",
      "driveFileId": "1QJibdaSgE1treO1Fw4DQth7V2Di3F_Yn",
      "source": "backupDriveId"
    },
    {
      "docId": "8b86ad63-38cc-4412-ad6d-7f194d3cd1e4",
      "action": "would-stamp",
      "driveFileId": "1EVBeki3cXBIL_4qImCNeAPp_8pJaLbJj",
      "source": "backupDriveId"
    },
    {
      "docId": "8e175a22-f23d-4fd2-9d45-8e5c1b797f6c",
      "action": "would-stamp",
      "driveFileId": "11Ok8DBbXXqYe1ldt4So4ZMWykLv45MwY",
      "source": "backupDriveId"
    },
    {
      "docId": "8fd11bd4-9d8c-4602-8fbd-7f4451e14c9d",
      "action": "would-stamp",
      "driveFileId": "1es8wRJnFUZANnYg4ONmes646hwti6iIG",
      "source": "backupDriveId"
    },
    {
      "docId": "9294a143-e27e-4638-afc2-4d3851912420",
      "action": "would-stamp",
      "driveFileId": "17FWUFCrIIS9YQ-Y9M25KnF3ewQKR0jF6",
      "source": "backupDriveId"
    },
    {
      "docId": "938fee53-1e52-4f4a-8846-75090fd132ba",
      "action": "would-stamp",
      "driveFileId": "1Uw7_RXwHrI2AuLi98XwEblZinJDpcNLe",
      "source": "backupDriveId"
    },
    {
      "docId": "979106ff-0de4-4c2f-bb30-bec95c154c72",
      "action": "would-stamp",
      "driveFileId": "1ocucSpmyoHVeu20Wj04iXftXIWHDCg8j",
      "source": "backupDriveId"
    },
    {
      "docId": "98f55ba9-5d00-41b4-ba6a-e1edf7a42a24",
      "action": "would-stamp",
      "driveFileId": "13_gNF9SJu823TwtpJvlbjZGVIwck1TwD",
      "source": "backupDriveId"
    },
    {
      "docId": "991ccdfe-940a-4c5b-a1bb-68fc42432682",
      "action": "would-stamp",
      "driveFileId": "17dMd-leINumsiQpfgvPnZlje-UKDL5yu",
      "source": "backupDriveId"
    },
    {
      "docId": "99876430-8fc9-43f6-b41b-ada31937c260",
      "action": "would-stamp",
      "driveFileId": "1nX2S-uBI0xQA-4YSBuYW2JMi9U6XUoms",
      "source": "backupDriveId"
    },
    {
      "docId": "9a1ac289-1717-4eb7-8cf4-59c5ced1b82f",
      "action": "would-stamp",
      "driveFileId": "11DrPZ9QRYmHYxCdRoon-qO_VmNyp7wan",
      "source": "backupDriveId"
    },
    {
      "docId": "9b6a0ab0-9cdf-4862-94c8-5b63b6b77e6b",
      "action": "would-stamp",
      "driveFileId": "1pypdu2Tdn-yU7uMjM4xRV4VUZvJvjvYn",
      "source": "backupDriveId"
    },
    {
      "docId": "9bc6a05a-cb52-45ac-b91e-7bd3c68aef9f",
      "action": "would-stamp",
      "driveFileId": "1SqB_s1p5pmb1qhPf2vqqbEc7Uso4ZlyU",
      "source": "backupDriveId"
    },
    {
      "docId": "9c45f962-5894-44cd-852e-6b84e871067e",
      "action": "would-stamp",
      "driveFileId": "1lBfW189FMv2CXUi6cK-NoxxxAZ-Ct3y9",
      "source": "backupDriveId"
    },
    {
      "docId": "9e9c3ff0-404b-44d1-ae7f-0bc924ae0fd8",
      "action": "would-stamp",
      "driveFileId": "1YS4tpLoVBkePbfof2dc4ePvpK4LlTM3D",
      "source": "backupDriveId"
    },
    {
      "docId": "a220002e-3f12-49af-9310-abf3ab0dbe71",
      "action": "would-stamp",
      "driveFileId": "1U082TbY8nHhun060zat12vJ2YemY_HzQ",
      "source": "backupDriveId"
    },
    {
      "docId": "a34e23e9-0bed-4585-ae3e-89af4fc2e53c",
      "action": "would-stamp",
      "driveFileId": "1N8XC7QH3HEaizeaXyR7V2ovo3EC9oZMI",
      "source": "backupDriveId"
    },
    {
      "docId": "a5713e22-a445-4ae8-ae61-9ec45b05c14d",
      "action": "would-stamp",
      "driveFileId": "19JyyDfeBRyCzMiZi_uYrNYNMqvxEuD-e",
      "source": "backupDriveId"
    },
    {
      "docId": "a5c6d619-9578-45cc-90da-155a73b57c58",
      "action": "would-stamp",
      "driveFileId": "1LnTlSR5uQHXBuiI_q0ub4dUj80L1w0L3",
      "source": "backupDriveId"
    },
    {
      "docId": "a71c69d3-7967-4a14-8547-abc2d193e28d",
      "action": "would-stamp",
      "driveFileId": "1DAHYS29sxeA-IO0vpAmAv0OySvg76AQM",
      "source": "backupDriveId"
    },
    {
      "docId": "a8c83317-b120-4e7e-8590-d33c43519b78",
      "action": "would-stamp",
      "driveFileId": "1YbjhfoNVSdZ9fU175PO46BrWozka3FOu",
      "source": "backupDriveId"
    },
    {
      "docId": "a8d3aa9e-6cf4-4960-9580-416b522255df",
      "action": "would-stamp",
      "driveFileId": "1BI3JFrjLJBYJ6fzvzEwAMR02soK79aR2",
      "source": "backupDriveId"
    },
    {
      "docId": "a9d07bdd-0591-406c-a4e7-03c3b7cc94b8",
      "action": "would-stamp",
      "driveFileId": "14pSaNC_Q-LXVH4wrUxhHJc6tuyYWMf-Y",
      "source": "backupDriveId"
    },
    {
      "docId": "aa51edfb-c177-4f94-b7a7-8098b8679d1c",
      "action": "would-stamp",
      "driveFileId": "1_AXGc4RBVhuNjE2Y1ZA1gH3peeEwJTVE",
      "source": "backupDriveId"
    },
    {
      "docId": "abd6a2ca-3fc6-46e1-9f51-62946db19ae1",
      "action": "would-stamp",
      "driveFileId": "1iPt-i2GcC9ApDXpEwH8TyqU3fh6Bi4Ep",
      "source": "backupDriveId"
    },
    {
      "docId": "ac2ab0cd-4a3d-4fe2-99f3-3a2b50e24978",
      "action": "would-stamp",
      "driveFileId": "1pvmH_DPtyZ6yx2-trc6IohfJKdZfU7GM",
      "source": "backupDriveId"
    },
    {
      "docId": "ad2ceb97-f1d1-416a-acac-f28646bbe5e4",
      "action": "would-stamp",
      "driveFileId": "1ndIxuo4R-Eo15P9o8_L1EJ_vFQmNyiRW",
      "source": "backupDriveId"
    },
    {
      "docId": "ad8e4572-c58e-44cc-ae89-b3d898bc5bb9",
      "action": "would-stamp",
      "driveFileId": "1FX6JtorFkn-d_h620PhcDltHSaB4dlrm",
      "source": "backupDriveId"
    },
    {
      "docId": "adf52c8e-1bbf-450c-8972-b4ca8b8bea01",
      "action": "would-stamp",
      "driveFileId": "1yiqNtNMJEJ7n9-v-OjrkV2HdHV3Xs4o_",
      "source": "backupDriveId"
    },
    {
      "docId": "ae83649a-718d-4fc4-ace8-82a9f6c2a400",
      "action": "would-stamp",
      "driveFileId": "1qdKCHPZcWUA9o1f1XQcTM5ePJKxNHNMW",
      "source": "backupDriveId"
    },
    {
      "docId": "ae971440-9066-4059-bf27-80c095b28058",
      "action": "would-stamp",
      "driveFileId": "16ZMes5iuBKQ3hej1Ml_X5BJjfJJX_avI",
      "source": "backupDriveId"
    },
    {
      "docId": "b097e578-24cf-42df-b669-05f1580a295e",
      "action": "would-stamp",
      "driveFileId": "1-VgEFclCngvT23ODMv56mTgxsXVwJGVY",
      "source": "backupDriveId"
    },
    {
      "docId": "b20a213e-a12a-4275-bccf-ed48c7492fd7",
      "action": "would-stamp",
      "driveFileId": "1Jyr7EJJbUtIEwz8s-wXp9PurM1yQ9Z1u",
      "source": "backupDriveId"
    },
    {
      "docId": "b23501fe-05d4-42c7-9527-42f124dec097",
      "action": "would-stamp",
      "driveFileId": "1UIH09IvD-k5DrAlYNCDuw5aXk7_1yQKv",
      "source": "backupDriveId"
    },
    {
      "docId": "b3661947-77a0-4de9-9800-00efe92f7ed0",
      "action": "would-stamp",
      "driveFileId": "1W_tidNaxpIgeDMr9RPlf5FJIVjJWs5F4",
      "source": "backupDriveId"
    },
    {
      "docId": "b3f1cdba-6e1d-497f-89e2-0b4facf13e0c",
      "action": "would-stamp",
      "driveFileId": "1T4pz9SokaMS53QmLtXNMXx2B8-1uWifI",
      "source": "backupDriveId"
    },
    {
      "docId": "b5084753-96d6-4ec7-a94f-a2a37b17af98",
      "action": "would-stamp",
      "driveFileId": "1swJ1zWC7ZcEQ2Yi3HdpKBOukI_idt3oW",
      "source": "backupDriveId"
    },
    {
      "docId": "b557bab2-5e48-4e83-80f5-a9391e10241f",
      "action": "would-stamp",
      "driveFileId": "1ck1TFYMhKCSvClsEVd6OaBYkcz8GTVPx",
      "source": "backupDriveId"
    },
    {
      "docId": "b5d5aaa3-9556-453a-95ff-be7f84498877",
      "action": "would-stamp",
      "driveFileId": "1vgwEGgvgEE-rl8fCoYbOQpsAWVk-2dP2",
      "source": "backupDriveId"
    },
    {
      "docId": "b60cd3c4-3e50-4449-a115-c068a81cb75e",
      "action": "would-stamp",
      "driveFileId": "1TqiAI9KeqHqENrQIjMa2MmrHXGdrFyZ8",
      "source": "backupDriveId"
    },
    {
      "docId": "b61290eb-8df3-4081-bad0-b4e54ff0112e",
      "action": "would-stamp",
      "driveFileId": "1voo94txGPQrqiIt7Uul3TTUoe2kmsjSB",
      "source": "backupDriveId"
    },
    {
      "docId": "b6c40290-eb24-4461-8c58-947c9f3bf904",
      "action": "would-stamp",
      "driveFileId": "1-3POtqmbgLwpmVCd45JFTt2hjS8deBCC",
      "source": "backupDriveId"
    },
    {
      "docId": "b718c24a-03f5-4743-ae15-74a97245111e",
      "action": "would-stamp",
      "driveFileId": "1gLGTyqq7TeejoM0KYRLRe9wME8k4LP6A",
      "source": "backupDriveId"
    },
    {
      "docId": "b836abfb-7be3-44f3-b81c-0382e92be27e",
      "action": "would-stamp",
      "driveFileId": "1O3K-V8jWwKpBcRMv7dUCSY0ICuZqB6Rx",
      "source": "backupDriveId"
    },
    {
      "docId": "b8860acc-ebbe-4b7e-a668-7aa92a1a7039",
      "action": "would-stamp",
      "driveFileId": "1JoO8oqRByECf0pRCveo1n_hLtpCy4bVZ",
      "source": "backupDriveId"
    },
    {
      "docId": "bd71fe2e-65aa-46aa-8674-0fb38c5f12c9",
      "action": "would-stamp",
      "driveFileId": "1jBgkcUpD8x6krMvgmJbkHN9hOUlGv2yk",
      "source": "backupDriveId"
    },
    {
      "docId": "bd8e39cd-94d3-4ec3-a2a7-5eb7c2f6eded",
      "action": "would-stamp",
      "driveFileId": "1dSWnzZehXwNg887ZR65b4ovreJ6r-NWp",
      "source": "backupDriveId"
    },
    {
      "docId": "be2df12e-6055-4ab7-9db0-c11515d15c48",
      "action": "would-stamp",
      "driveFileId": "1jsXhnhhrhxhxLN5QqLmXHR1DSnkWpSGl",
      "source": "backupDriveId"
    },
    {
      "docId": "be82b110-a864-41e8-a19e-a0789cd0c437",
      "action": "would-stamp",
      "driveFileId": "1XtbkAX8cs1bu8BQq45nPLQYkAU6pHbFr",
      "source": "backupDriveId"
    },
    {
      "docId": "bea31cf5-59f9-47b9-ac1c-aeecc345a7ed",
      "action": "would-stamp",
      "driveFileId": "1sUWQTdfMpisLtmqyLdUbbBY1be01WB9Y",
      "source": "backupDriveId"
    },
    {
      "docId": "bf3b034a-c117-459a-be3d-743f2e2f9b97",
      "action": "would-stamp",
      "driveFileId": "1A2ZNp-DWoVfcB3JDGcXT7fUaktibGsv_",
      "source": "backupDriveId"
    },
    {
      "docId": "bf84ee28-7bb7-436e-9ab7-bdb5157a3e06",
      "action": "would-stamp",
      "driveFileId": "1tnPmn8uOHq_oEdD1B-zHMmPwMG71FIlu",
      "source": "backupDriveId"
    },
    {
      "docId": "c046a053-6a8a-45d2-8f88-64e35dc830c9",
      "action": "would-stamp",
      "driveFileId": "1CA9ORP7MMGC8xApxdp_T2nRxMpfrqLQ3",
      "source": "backupDriveId"
    },
    {
      "docId": "c35834ef-23e5-4db5-9db1-f91650d87812",
      "action": "would-stamp",
      "driveFileId": "1uZVcKLy3Lu2ctzjki1YxDXxB_BTCXYIB",
      "source": "backupDriveId"
    },
    {
      "docId": "c4761aac-f40d-45b0-a151-94869bcebdb3",
      "action": "would-stamp",
      "driveFileId": "19ndgwU5KPFxu2zxePA19erTY_ekr24F6",
      "source": "backupDriveId"
    },
    {
      "docId": "c5452a63-094f-40ce-a24c-bb7077ec0f92",
      "action": "would-stamp",
      "driveFileId": "1khEwoYdBoouFR5XJhvU53LqYTT9IsPdN",
      "source": "backupDriveId"
    },
    {
      "docId": "c7e91f89-c940-4b30-8162-c5780ccdbcb1",
      "action": "would-stamp",
      "driveFileId": "1yKfV1JEeGhw8alwjYOH_rdIvPkqgcVuW",
      "source": "backupDriveId"
    },
    {
      "docId": "c8392be2-6de4-4f2d-bb87-a9f64012ea01",
      "action": "would-stamp",
      "driveFileId": "1P02OIRSvp2XptNcuAbjZ23ICCQVPP6IX",
      "source": "backupDriveId"
    },
    {
      "docId": "c98dd389-724e-4ffe-9eb0-8eed621b782b",
      "action": "would-stamp",
      "driveFileId": "1zR4ZsHGgRQD70Hw1eBvB7jlvS4s4Jv2o",
      "source": "backupDriveId"
    },
    {
      "docId": "c9efe661-9eb8-42fc-89d5-13f026629dc7",
      "action": "would-stamp",
      "driveFileId": "13WqXbkbot0Egf1W1lv6pRllbFtfObzA7",
      "source": "backupDriveId"
    },
    {
      "docId": "ccfd3a8e-8e83-448b-948e-96b2cf14401a",
      "action": "would-stamp",
      "driveFileId": "1gNNb8yMVtPwTGkm6XISV0Gi-1rOZr23I",
      "source": "backupDriveId"
    },
    {
      "docId": "cf704b73-5f35-45fe-901f-a8b68d4fdc22",
      "action": "would-stamp",
      "driveFileId": "1fQCxF1R9wHx9tcPy1odJXFk3T97ws0w9",
      "source": "backupDriveId"
    },
    {
      "docId": "d182a8c3-2bba-4a8b-8399-57d640cb2044",
      "action": "would-stamp",
      "driveFileId": "19ne2JlICR-gNakwChFvuX7rP97MKv_KI",
      "source": "backupDriveId"
    },
    {
      "docId": "d1ccd776-0d8b-4860-8958-d8a9b0a5c254",
      "action": "would-stamp",
      "driveFileId": "1MmumPpEDdHXGqdokehV7DtrtBz4UNKSN",
      "source": "backupDriveId"
    },
    {
      "docId": "d22779d6-bd3f-436c-8d5a-cc6daa3d92e6",
      "action": "would-stamp",
      "driveFileId": "1bWWks2xHB_5BnJC1iZdZqlY23fbL2ktQ",
      "source": "backupDriveId"
    },
    {
      "docId": "d2ba8f16-9eeb-49a0-b0b1-372065bc17be",
      "action": "would-stamp",
      "driveFileId": "1AQtn__3NF2Ld3OAoTfVfUbwnRCRD07ie",
      "source": "backupDriveId"
    },
    {
      "docId": "d4385faa-e668-4a49-9a3b-b357a2933c49",
      "action": "would-stamp",
      "driveFileId": "10RD56_dYEELDooxY8BR_Ik1ShatJZOgg",
      "source": "backupDriveId"
    },
    {
      "docId": "d56ad543-bac7-4fb9-825f-b9ceb8efd4cc",
      "action": "would-stamp",
      "driveFileId": "11cUE4Si673kkKuHZkOHHkuJLjoDH6cl8",
      "source": "backupDriveId"
    },
    {
      "docId": "d5899a90-cff2-4128-9d46-92f478bd9ced",
      "action": "would-stamp",
      "driveFileId": "1Xid3vU2O51SlybX8v7ryVNRypSqIwpuT",
      "source": "backupDriveId"
    },
    {
      "docId": "d5e81756-3b00-400e-9e5a-03a865e15fd6",
      "action": "would-stamp",
      "driveFileId": "1wSuaMKRau-c3BCtEJWeVAuR8dBcL2CXC",
      "source": "backupDriveId"
    },
    {
      "docId": "d600ce2c-61d5-4a38-8508-e819e1a2b140",
      "action": "would-stamp",
      "driveFileId": "1Rricr77epo1i1uzv4-Q9nUF_8jvH2WnK",
      "source": "backupDriveId"
    },
    {
      "docId": "d630644f-befe-4991-862f-8cb0d9bcb68f",
      "action": "would-stamp",
      "driveFileId": "1XltDbxsMluWkeH71fZ2ICmkD7lPVsQwG",
      "source": "backupDriveId"
    },
    {
      "docId": "d74c9faf-ccd2-47e3-a5bf-efbf6e153b9a",
      "action": "would-stamp",
      "driveFileId": "17ThcNsMtCEXaOJhJEfyawi2sqHjAYXfH",
      "source": "backupDriveId"
    },
    {
      "docId": "da5ef9be-c840-42c8-aedc-4065cbe3e2d9",
      "action": "would-stamp",
      "driveFileId": "1S-3NNX3lK2Nl3WbaE90uWgDlRlHRME_l",
      "source": "backupDriveId"
    },
    {
      "docId": "da7f973d-c7e6-4cdc-9581-046a0dce2cf0",
      "action": "would-stamp",
      "driveFileId": "1T4TcvmwB_CFyvdPQwlJtFqPh7_tVBF5t",
      "source": "backupDriveId"
    },
    {
      "docId": "da949a70-a1d1-45ba-9406-161c634e0585",
      "action": "would-stamp",
      "driveFileId": "123yiga1rgXixTGXdv1QWfqNMSs_VoH01",
      "source": "backupDriveId"
    },
    {
      "docId": "db332014-1948-4445-9cb5-f983b24f9a27",
      "action": "would-stamp",
      "driveFileId": "1WH8aC-cRwkfRUg2HN1LOuXre8ptDG3aM",
      "source": "backupDriveId"
    },
    {
      "docId": "dc3389ab-af69-42ac-ba08-e2f13c3d343f",
      "action": "would-stamp",
      "driveFileId": "1N0_RreUIlPF_uPmmAYugw3p6jI_vByBp",
      "source": "backupDriveId"
    },
    {
      "docId": "dc4fb084-3b23-4481-8353-efc8bbafdb3d",
      "action": "would-stamp",
      "driveFileId": "1hKFUXInWHD8zRT7SjpmJdm_Kl8zJzSZL",
      "source": "backupDriveId"
    },
    {
      "docId": "dcacad1e-5f4b-4d03-b221-58692b1b8d1e",
      "action": "would-stamp",
      "driveFileId": "1v2IZwYJY3zD6CpTk_SlEPiTvRBhyz3bn",
      "source": "backupDriveId"
    },
    {
      "docId": "ddc758b3-2e1f-46df-853a-153d2a920c68",
      "action": "would-stamp",
      "driveFileId": "1EBGr4edO3Nwg_wcFoSdRT7AklQlD1q80",
      "source": "backupDriveId"
    },
    {
      "docId": "df306e1c-5687-4031-893c-32de03310bc8",
      "action": "would-stamp",
      "driveFileId": "1GEOC8pK8ddrzCep3swIkLaOfIBhHREDk",
      "source": "backupDriveId"
    },
    {
      "docId": "e0d2d8d8-86a4-4692-b70f-404e2f911fd6",
      "action": "would-stamp",
      "driveFileId": "1QOno6PlJgeQJhIHF7Iu3McCN1lae9Evr",
      "source": "backupDriveId"
    },
    {
      "docId": "e14dd153-549a-4803-b484-37ccedabffa1",
      "action": "would-stamp",
      "driveFileId": "1ekofP-D1NPyE6bD8PgGMdlfaI5gYXpQ2",
      "source": "backupDriveId"
    },
    {
      "docId": "e16dbb6e-9b17-4518-978f-bc32de99fa39",
      "action": "would-stamp",
      "driveFileId": "1BIwVOL_xtJf_HzcGp-OLmoO8Z8zwRvTZ",
      "source": "backupDriveId"
    },
    {
      "docId": "e36d7e15-6c9b-4f1f-98ec-e0683bfea7cc",
      "action": "would-stamp",
      "driveFileId": "1KwYTPOvd9KUc4r6RbEmra31qfUfun6IJ",
      "source": "backupDriveId"
    },
    {
      "docId": "e3708fd4-7182-4b11-ac84-d6e0ebd9e661",
      "action": "would-stamp",
      "driveFileId": "1v5nZUc6nJEq6slzqD1-299RYPnZKgLTJ",
      "source": "backupDriveId"
    },
    {
      "docId": "e48e03d1-6c4b-4656-be2c-a5527ac516a2",
      "action": "would-stamp",
      "driveFileId": "1VZKDJoCv_KhFHM2mgDQytTn4-XkY3_KD",
      "source": "backupDriveId"
    },
    {
      "docId": "e50241ed-5c6e-4616-84ae-df9f9abda905",
      "action": "would-stamp",
      "driveFileId": "1ADNrcGrvDmm363dAkwbIjChtmBTw3tFi",
      "source": "backupDriveId"
    },
    {
      "docId": "e51ba89e-a687-407f-bb32-992173dfd65f",
      "action": "would-stamp",
      "driveFileId": "1M8jb-NgQF9baTOk8CYsd7N_oCBzmmVPA",
      "source": "backupDriveId"
    },
    {
      "docId": "e54ff293-2e3a-41c1-ac1e-079bdb1c31d4",
      "action": "would-stamp",
      "driveFileId": "1rUzBhZf0Ooq3abIiLcgWcmaE9AfNX8Us",
      "source": "backupDriveId"
    },
    {
      "docId": "e8f1b65c-1571-4303-bb2f-f3d180419583",
      "action": "would-stamp",
      "driveFileId": "1Lv63tDrZqeW8eb-u30_g-aFCtgA2KsZk",
      "source": "backupDriveId"
    },
    {
      "docId": "ec4d7894-8dfa-4ea4-bff0-a36d43451ac3",
      "action": "would-stamp",
      "driveFileId": "1LhXGQXnNxP5XerwaAQ6_g8NJE6I7haNg",
      "source": "backupDriveId"
    },
    {
      "docId": "ed609fc6-d1da-40e1-8f6b-b389ab5ce6a1",
      "action": "would-stamp",
      "driveFileId": "1_w3yR63Q7Wzq_ZJZC1CiySK49ScY-ZiA",
      "source": "backupDriveId"
    },
    {
      "docId": "ed77e409-a4fc-4518-82e2-4b9a71a9cde5",
      "action": "would-stamp",
      "driveFileId": "1vsA-N5za9WNqYM_frFnjbvcKjbNV3pue",
      "source": "backupDriveId"
    },
    {
      "docId": "edc49352-b032-4967-8ac4-c76ef3cf0beb",
      "action": "would-stamp",
      "driveFileId": "1x-E7rHLR5Cf1V0yn4oZyrRvcbkePusal",
      "source": "backupDriveId"
    },
    {
      "docId": "ee2b1395-b9ce-4fcb-85b5-ed0d8bb9e067",
      "action": "would-stamp",
      "driveFileId": "1g5ewik0KTJ98xstajtPbpxQ26smW14Yn",
      "source": "backupDriveId"
    },
    {
      "docId": "f1015c5a-b953-4511-9378-141c155e3f91",
      "action": "would-stamp",
      "driveFileId": "1X6Tx9QgotGbv3HF3FPStB_YMcIByBcd_",
      "source": "backupDriveId"
    },
    {
      "docId": "f1168454-effb-4a7e-943b-23ed1b8b78a8",
      "action": "would-stamp",
      "driveFileId": "1Wp0rALvvWWU2fLX0lANxhyLBjigqUZHZ",
      "source": "backupDriveId"
    },
    {
      "docId": "f1600ae6-d7bb-4076-ba42-1a3e5e24c112",
      "action": "would-stamp",
      "driveFileId": "1cO78iUz62LnFJXpDHJvBSWiCP77Rxkm2",
      "source": "backupDriveId"
    },
    {
      "docId": "f173a88d-64e8-4af2-9abc-ca7c7e662797",
      "action": "would-stamp",
      "driveFileId": "1MfRFaDcVJG0DtB0Lj5-f-EuCnjvpfH4b",
      "source": "backupDriveId"
    },
    {
      "docId": "f19400b3-dfed-43da-b957-566517cccb75",
      "action": "would-stamp",
      "driveFileId": "1z9SvfuDGBiNbwX5LnBQ17sd8Ntsg-m6L",
      "source": "backupDriveId"
    },
    {
      "docId": "f270dee3-fc29-4047-ac9c-0e3dcb998126",
      "action": "would-stamp",
      "driveFileId": "11X1YxLYsTReWZBQeO3r7qPywXCWQU8CL",
      "source": "backupDriveId"
    },
    {
      "docId": "f34bf3e8-f306-4945-b212-e2dab83b7b8d",
      "action": "would-stamp",
      "driveFileId": "1MjoVshJNGberwypb4lUBHoS2MVoCSiW1",
      "source": "backupDriveId"
    },
    {
      "docId": "f3533786-9922-4b85-a6a3-5e7651237d78",
      "action": "would-stamp",
      "driveFileId": "1gXp1UdvX6xG7SyzpGIxH9CsodRP4U_lB",
      "source": "backupDriveId"
    },
    {
      "docId": "f462cfc0-6f29-4460-9422-071c07b6c717",
      "action": "would-stamp",
      "driveFileId": "1xzEHDWeE0YzEOGe-GtCmG73ypNQgAF3m",
      "source": "backupDriveId"
    },
    {
      "docId": "f4e8fd6c-06e2-4b65-afe5-756698b8d678",
      "action": "would-stamp",
      "driveFileId": "1Kh5TOMFu393-bvY5Vv0I1S0WVJzoQIAk",
      "source": "backupDriveId"
    },
    {
      "docId": "f4fd95a8-6d2e-4477-bf70-ff83f5ade912",
      "action": "would-stamp",
      "driveFileId": "1zgCFoU1HbmZjQFgqDcHR5Vwn4kppAh7r",
      "source": "backupDriveId"
    },
    {
      "docId": "f719b0dd-1662-4c70-9142-f1e99e580487",
      "action": "would-stamp",
      "driveFileId": "12vFOqfUZt9Hq32WLZU2j-hWd9SmpbYKb",
      "source": "backupDriveId"
    },
    {
      "docId": "f8f97785-c7b0-4a1a-8015-b6ef108a7939",
      "action": "would-stamp",
      "driveFileId": "1_1tO6O8XGq7qJqRsFQ3wRlfAFxdgDYDJ",
      "source": "backupDriveId"
    },
    {
      "docId": "f9921a95-cab9-4b2b-9869-a024cfc21e2b",
      "action": "would-stamp",
      "driveFileId": "1_NqxOM49wUjG5-0Pa0xnhK5e8-_2_bXv",
      "source": "backupDriveId"
    },
    {
      "docId": "fa1f678c-9f4d-4cd8-8e4e-897278c4840f",
      "action": "would-stamp",
      "driveFileId": "1NBQRSV8gRGdLOI61Yf1264Hati6RjMjG",
      "source": "backupDriveId"
    },
    {
      "docId": "fa8d38f9-cf6a-4349-9c2b-d514ca42fc2f",
      "action": "would-stamp",
      "driveFileId": "1ibciF3L6IJgdLkuAfOZTvN1nN-u_buYP",
      "source": "backupDriveId"
    },
    {
      "docId": "fb0c1ad8-f068-47fe-a61a-aa8f6f2cc607",
      "action": "would-stamp",
      "driveFileId": "1uQtu16guCwMnChlh8z8_6tEGzjzGpJKP",
      "source": "backupDriveId"
    },
    {
      "docId": "fb29fdcb-6db1-44a8-8df1-e76aaeae5475",
      "action": "would-stamp",
      "driveFileId": "1l-WZavwNZFQmPsVnAJSDsmqRG3Ni29Gg",
      "source": "backupDriveId"
    },
    {
      "docId": "fbf15797-3d74-4397-86c4-931b16a334cf",
      "action": "would-stamp",
      "driveFileId": "1aEa_ocx6Y4NX-VJKvih2r8eeF0_nI9dd",
      "source": "backupDriveId"
    },
    {
      "docId": "fcc1c2fe-358e-43ec-b39f-bfa84ba1b6e2",
      "action": "would-stamp",
      "driveFileId": "1Jy2cIyhPTOVKMtyzl0rSk4LDwEe1oHtS",
      "source": "backupDriveId"
    },
    {
      "docId": "fcdeef79-f662-4ac6-aa94-bdf74511ac2c",
      "action": "would-stamp",
      "driveFileId": "1tmoHJxCPhruGPqqODBQrMHe9SQnapaXZ",
      "source": "backupDriveId"
    },
    {
      "docId": "fe495975-d73d-43ca-ba6c-2a16b2702bdf",
      "action": "would-stamp",
      "driveFileId": "1abWRNe8TxwhNCMtfl0LkNFQz-dA0LpQR",
      "source": "backupDriveId"
    }
  ]
}
