# recover-salvage-row-drivefileid.mjs — mode=DRY-RUN
# project=crcmusiccharts
# started=2026-05-25T17:54:53.907Z

Phase 1: enumerated 625 library_index rows


=== Summary ===
  mode:                   dry-run
  scanned:                625
  salvageRows:            271
  candidates:             0
  alreadyStamped:         271
  mismatched:             0
  skippedNoBackupDriveId: 0
  skippedBadShape:        0
  wouldUpdate:            0
{
  "summary": {
    "mode": "dry-run",
    "startedAt": "2026-05-25T17:54:55.033Z",
    "projectId": "crcmusiccharts",
    "scanned": 625,
    "salvageRows": 271,
    "candidates": 0,
    "alreadyStamped": 271,
    "mismatched": 0,
    "skippedNoBackupDriveId": 0,
    "skippedBadShape": 0,
    "wouldUpdate": 0,
    "updated": 0,
    "writeErrors": 0
  },
  "records": [
    {
      "docId": "000cc80a-9c65-4b55-929e-c9ca1f6737c3",
      "action": "already-stamped",
      "driveFileId": "1HWv4dMDvKSVmvuX1FFv4V5U4s7O0D33_"
    },
    {
      "docId": "012dd661-f451-444c-88fb-11d589028908",
      "action": "already-stamped",
      "driveFileId": "1hGSUyKTSs79AXqLPsiyaK-BYzQpNzAKQ"
    },
    {
      "docId": "0281c548-8aea-48c9-8991-98cb381b3f3a",
      "action": "already-stamped",
      "driveFileId": "1ch-Ttw6dRhxNpIdBDRuYsiLy6RtfDoLj"
    },
    {
      "docId": "055bf376-f545-45f9-9f40-da81544b312f",
      "action": "already-stamped",
      "driveFileId": "1DGH1SVeRA5izsdZqhzuTjEjGiL7Albjc"
    },
    {
      "docId": "07478587-664a-4153-8a82-c35364f4ec12",
      "action": "already-stamped",
      "driveFileId": "1fw7LlXON7j1aK0eW-MlJRUn51nbevmBX"
    },
    {
      "docId": "077a95a9-da4a-4703-97c5-77c6bebeb5f6",
      "action": "already-stamped",
      "driveFileId": "1ndA85mb4x9nmikjkugpttpXyvMCTb2a_"
    },
    {
      "docId": "0afb3e5a-9554-43e2-b6e4-bf3b4470ca68",
      "action": "already-stamped",
      "driveFileId": "1jngBa3ngGwZPJFTJ_AMlrnW2yDQrYmGa"
    },
    {
      "docId": "0b478d9a-f544-4e77-8657-a3c70af76d86",
      "action": "already-stamped",
      "driveFileId": "1golBfIweVpzk82qwDMBeUtuNK4pf-PA5"
    },
    {
      "docId": "0ca658e4-c2e0-43df-9888-a7f2d536710a",
      "action": "already-stamped",
      "driveFileId": "19POASfKYmFvjbl2jaYy24sNjk7DtbRBP"
    },
    {
      "docId": "0eb186b2-9146-46c6-8615-ed971085bad1",
      "action": "already-stamped",
      "driveFileId": "1Yl_LeVLl8JN2W7Nw12TtuRbAhefWe4rf"
    },
    {
      "docId": "129d7632-3954-45e0-9085-cf52d204d6cd",
      "action": "already-stamped",
      "driveFileId": "1xCqrI2951i6JgBY4lNX5atjNS-Q7f4Lq"
    },
    {
      "docId": "12a55b49-215d-49dd-87a8-f3fb695ee088",
      "action": "already-stamped",
      "driveFileId": "1j9hGYLPlpqVuArfinOHoHCRpggsLIEQ7"
    },
    {
      "docId": "139f1251-1373-409e-8fc7-4c447f7c7f92",
      "action": "already-stamped",
      "driveFileId": "1cwj1zdDDAwPion69OgL_YbGzWb5qI01L"
    },
    {
      "docId": "13c6fcba-7b42-44f6-8582-581194e2431d",
      "action": "already-stamped",
      "driveFileId": "1pW5RvDJvatvqi-lGJx8rFG723F8D_GDX"
    },
    {
      "docId": "13ddc1bb-07e4-480a-bf24-5ee5ed22af6f",
      "action": "already-stamped",
      "driveFileId": "1DNrp3N_kvEd0MmltsM25I3pzxK-TJ8iu"
    },
    {
      "docId": "17989ffb-a13a-47b4-b17e-df8212b14f92",
      "action": "already-stamped",
      "driveFileId": "1pnjNt__fHetNw9sj62_6C0VldlOBYKB9"
    },
    {
      "docId": "193e1533-9952-4fad-a4c0-7cdcfb508ba0",
      "action": "already-stamped",
      "driveFileId": "1FU0p2SEtPIKuTdHcw5xDNw5Fw8d62Mwp"
    },
    {
      "docId": "198fc291-2b1f-46db-8e84-b0c7e19b3c8c",
      "action": "already-stamped",
      "driveFileId": "1ooObK1WpyxXScV_ogHy9TCptTaGX5aP7"
    },
    {
      "docId": "1ace0be3-5238-4f8f-b21e-8a95f3fcd0a7",
      "action": "already-stamped",
      "driveFileId": "10ugK40XtzWSPltrAl51654aez4_XwmFY"
    },
    {
      "docId": "1c1efa1f-491c-4925-a8de-07a115437fc5",
      "action": "already-stamped",
      "driveFileId": "1GOWbOj6IWlF8Id01MOwcxNlmeGvrOqoe"
    },
    {
      "docId": "1d69155e-992a-4f35-a16b-1a3bd5745f68",
      "action": "already-stamped",
      "driveFileId": "1ZmxovKrt3QAIWNlnNWZdLwB3DH7TzHb7"
    },
    {
      "docId": "1ea4505a-a3eb-423f-8398-93b06664da5b",
      "action": "already-stamped",
      "driveFileId": "1SPt4V0GDGFMjxC8y6kEjEIbWwUljcqHd"
    },
    {
      "docId": "1eada1e3-c629-4fce-af21-83e81d480b5a",
      "action": "already-stamped",
      "driveFileId": "1P_fpzjiZ3knN3pDFzFgRzjd_nii7ggAX"
    },
    {
      "docId": "1fb983c0-12be-4a51-bcd8-4be089e70b1f",
      "action": "already-stamped",
      "driveFileId": "1DB6Y5x4JhUZKDKof_WIpr0TpwezddHzj"
    },
    {
      "docId": "20811bd6-bda9-43ee-ad7a-4ae3b704def2",
      "action": "already-stamped",
      "driveFileId": "1MCe2GBkeAHlQfwhmsEn3NW8Ao3yAP3Jz"
    },
    {
      "docId": "218fc2a9-cbe4-4ff1-a056-68f7f55bbac2",
      "action": "already-stamped",
      "driveFileId": "1kJjigwido2VEtIqEAbaJ0tbnJo0_e4-l"
    },
    {
      "docId": "2245fe4b-7562-475e-be0d-709cb28bf48c",
      "action": "already-stamped",
      "driveFileId": "1tgAqiz2F9QABATCDhjhirQ729XD-49VS"
    },
    {
      "docId": "235c703e-600e-4cc4-aca5-283ae3b81af9",
      "action": "already-stamped",
      "driveFileId": "1zi6HmoCJYT6EGP8m0--tRMH2dDX6Xr4X"
    },
    {
      "docId": "23d61fc5-59fa-4cb4-99f1-e24eccb88fce",
      "action": "already-stamped",
      "driveFileId": "1xgfW4GLZnhdPE9R3bUueWd98Ahf6my_q"
    },
    {
      "docId": "24308467-f3c9-4fba-b7e8-6795821d3a69",
      "action": "already-stamped",
      "driveFileId": "1t6toWU7WTD-fIqbYBHeVsv6dy8jTbLpo"
    },
    {
      "docId": "2485f761-d134-416a-89d8-5bb8d7cc27f1",
      "action": "already-stamped",
      "driveFileId": "13LpsO33hnOmLO70zuV8UWuDuST5li4Ki"
    },
    {
      "docId": "25a1305b-ff4f-4c59-8aaa-9d646962b513",
      "action": "already-stamped",
      "driveFileId": "1wvXPZjbUXQxNXed-FdunsUKloEYzyDZV"
    },
    {
      "docId": "25df4be7-0a5d-4a8d-bf7b-64d2d03f67e5",
      "action": "already-stamped",
      "driveFileId": "1gw82wJWf5Kw1cftoq6C8wsHZG-9LN7UR"
    },
    {
      "docId": "267cc451-17af-42ab-a004-9c4e6ed1f76d",
      "action": "already-stamped",
      "driveFileId": "1pJkY8VRzXIzBLiqjG7ZUrLZ-g2j9Cle_"
    },
    {
      "docId": "26864af2-2a80-4f93-a8ec-e81f63f075e0",
      "action": "already-stamped",
      "driveFileId": "1s6gBDy2_hQF3zvaQhtnvh5tiiw3JsMof"
    },
    {
      "docId": "26b904af-782b-4b6a-bbca-6a53aeb09c33",
      "action": "already-stamped",
      "driveFileId": "1Lg0iMkqDUPqnXb9aWNpQW5QLAEgb34Mn"
    },
    {
      "docId": "27f2ec75-1a5a-4241-ab4b-e95879f03168",
      "action": "already-stamped",
      "driveFileId": "1W9w_pN2yNmwSq5a1q1cSc5vimpeTbxGX"
    },
    {
      "docId": "288a0399-23b7-478c-bccc-369db1a30cd6",
      "action": "already-stamped",
      "driveFileId": "1A7BTDYf0eM5I5AaABK685Kqygl3AVE-Z"
    },
    {
      "docId": "289a11d0-fbb3-4a21-8c98-50473b6e1001",
      "action": "already-stamped",
      "driveFileId": "1HryMtvJ45kjYwGMeSW1oCbcxyceWaFK2"
    },
    {
      "docId": "28c99c48-dbac-479f-9bae-80342fdb3253",
      "action": "already-stamped",
      "driveFileId": "1WaaxoE5Tc4KO71NpLlAyFrxpcYQ8Sbtr"
    },
    {
      "docId": "28f1ea16-4dab-4198-8d0b-dc1c7ef66624",
      "action": "already-stamped",
      "driveFileId": "1lGnhTF77fbLtgJse0MQgtAWabY47hZeD"
    },
    {
      "docId": "2aede3b4-205a-4bbb-a996-76c46cd83de2",
      "action": "already-stamped",
      "driveFileId": "18GRI2Lmltm-O-rO2LSJTrHvGdCQe1cXW"
    },
    {
      "docId": "2aefdc50-ad45-494e-a2d6-f3351995b24a",
      "action": "already-stamped",
      "driveFileId": "1FpXQSNi0yS3VrMMDu5n-UlmeaaDPi16b"
    },
    {
      "docId": "2c594bea-32c0-4794-b625-060848ad576c",
      "action": "already-stamped",
      "driveFileId": "1BcFQpvV4difjUUH7u5vqRQpv0RwA6koU"
    },
    {
      "docId": "2c5a74a5-bd72-4a3f-aa62-c8ab25b33d75",
      "action": "already-stamped",
      "driveFileId": "157bE1ZxdQ4Fo01tPaLTGm-dHFEbjAif8"
    },
    {
      "docId": "2d7ede35-04fd-4337-8eb7-db69444304ce",
      "action": "already-stamped",
      "driveFileId": "11IL-EFw_MoJ8xXTpIwBT4E2rBxqiRMd9"
    },
    {
      "docId": "2dc43bcb-7c37-44fb-ac29-5ed7d20e87a9",
      "action": "already-stamped",
      "driveFileId": "1MTrjy9Qs2dm9cwh--63Vg8h3RP6j1EW6"
    },
    {
      "docId": "2fc76c49-023f-4eaf-a063-d5f69e22ab72",
      "action": "already-stamped",
      "driveFileId": "1RZBDnsbJt6-udexUGxwusoA2SiFE5LJT"
    },
    {
      "docId": "30982932-7c78-432b-9350-68a0c2fe35de",
      "action": "already-stamped",
      "driveFileId": "1TuPgjq7tir2QWmuVObY332dFlaNBGGb_"
    },
    {
      "docId": "30e3d10d-aede-4d56-86a2-a9f183ba5b2a",
      "action": "already-stamped",
      "driveFileId": "1lHg7ZZv3MnPf7W1M-b1Okb5NPuZX05bM"
    },
    {
      "docId": "31248276-14b6-4bc0-914a-0c129d023586",
      "action": "already-stamped",
      "driveFileId": "1lId1sLQCtzjyOuVHZW_YkoI6BnGr2OIp"
    },
    {
      "docId": "31e5ec53-8330-457f-aef3-33e10e35ec05",
      "action": "already-stamped",
      "driveFileId": "1ouqV-PkgW4L_yWE5B9A33TE9pGvJqEUR"
    },
    {
      "docId": "31e88e83-c880-43e5-9b12-37a7a119aeb0",
      "action": "already-stamped",
      "driveFileId": "139DOexKqIRAZphK76Vxc6dkeWODzNPZk"
    },
    {
      "docId": "323ccd88-d31e-40f1-afbd-bd4601136e27",
      "action": "already-stamped",
      "driveFileId": "1tbnw8matwJSrgdQ1_je1ANz91mZfiHQa"
    },
    {
      "docId": "3371ff94-1774-4c2b-a25b-f1537a419e13",
      "action": "already-stamped",
      "driveFileId": "1Rx6ri1OU0i1Ct-du7aD9Agv8Nj9P4QVp"
    },
    {
      "docId": "33d9e425-2ed1-4054-988f-2935119d90e8",
      "action": "already-stamped",
      "driveFileId": "1SnnNUcPrcFznf6HGD-zo7ErpsW_eECAN"
    },
    {
      "docId": "34a3c3fc-d5ce-4b80-8d4f-77014f5412da",
      "action": "already-stamped",
      "driveFileId": "1RAAAjMGTywawyvTsfRu_oObOiTTaP09i"
    },
    {
      "docId": "35eeeadb-af0d-4b49-b966-aa63655a4435",
      "action": "already-stamped",
      "driveFileId": "1wS-Nd2BYObc9SPEfMaKcFZjgYWoQRN8W"
    },
    {
      "docId": "36928f78-7327-4d7f-ba5a-4291ccc74084",
      "action": "already-stamped",
      "driveFileId": "1I8NAb3_bZ6kB4XpnSIQ2bNKR6X3S1ku7"
    },
    {
      "docId": "36b65d8a-065f-4711-a8aa-304886451aab",
      "action": "already-stamped",
      "driveFileId": "1A6gdujPiZHm3loSE-9cak9PJU2sgptzk"
    },
    {
      "docId": "37b74f7a-31b1-4ed7-99df-2421c8a81e92",
      "action": "already-stamped",
      "driveFileId": "1v2Notfh0raW6rbdQSLFW3hI5TDhyGRZt"
    },
    {
      "docId": "395c9ef8-3cf3-4c3d-8785-3deb852da074",
      "action": "already-stamped",
      "driveFileId": "1uOMtmtXzal-AjWh3aDSpPLAXK-FZTALp"
    },
    {
      "docId": "39a123f9-f6df-434f-85f7-8a5f2b607ead",
      "action": "already-stamped",
      "driveFileId": "1MpiBgmrvQIUBu8WHTqCtSpO4utOU9IvC"
    },
    {
      "docId": "3a65f5c6-e18f-4f45-acde-eaf125b310eb",
      "action": "already-stamped",
      "driveFileId": "1tYLXJf6zA0wU0--490HI8TI9EH92Xj41"
    },
    {
      "docId": "3b90c6ba-e8f2-4fa2-ac26-ad4fa316c9c3",
      "action": "already-stamped",
      "driveFileId": "1D_gQlW9KvWBE0RfaIHKzKzt2rDtC6UZW"
    },
    {
      "docId": "3bd7af7a-2a4b-42a2-80c5-9d1b4073db4a",
      "action": "already-stamped",
      "driveFileId": "1Aih117fU0Uxu36y0m0NBpKAqi7ikJcr6"
    },
    {
      "docId": "3bf73686-08ba-4b28-bf78-0520963a215b",
      "action": "already-stamped",
      "driveFileId": "1bY0R8zHBEy639Rw7I9nSjWBempCYaT4g"
    },
    {
      "docId": "3c965b50-cd20-4a05-88d8-ccec39b59f41",
      "action": "already-stamped",
      "driveFileId": "1wQAUH4NfP_mKy9tjtppzrOZaI4QM7Q5M"
    },
    {
      "docId": "3cb6a75d-a704-4bfb-b3c4-93ab5f7613f0",
      "action": "already-stamped",
      "driveFileId": "1j2z5MMZfqCGi9aKhZjBJSf2ZqcR98j6A"
    },
    {
      "docId": "3dc9f49f-b773-46aa-a5d5-ede22f7b8fc2",
      "action": "already-stamped",
      "driveFileId": "1Y_tWALKuMToBbRDeCM_Jt8VNlPJ3nWHf"
    },
    {
      "docId": "3df0360d-9078-45e0-ab96-73804fa7276b",
      "action": "already-stamped",
      "driveFileId": "1YeR6cwjmBf2weQ34jpivXtqkTrhZX40i"
    },
    {
      "docId": "3df80222-8fe3-4f83-a641-8eb27839608a",
      "action": "already-stamped",
      "driveFileId": "1A0tM1rYAAVYKPCZlyQuN2BgNwRgYRC7R"
    },
    {
      "docId": "3e967bd3-cf6a-455d-a6c0-f80fc68b0831",
      "action": "already-stamped",
      "driveFileId": "1jsxQakxAeMxTo5oe3ox9IWbmlYtI_IIV"
    },
    {
      "docId": "405c6a9b-0870-4e4f-a335-d8d34dce7c20",
      "action": "already-stamped",
      "driveFileId": "1hHoxVvER_5k0FFR_KpEC6YuDDsTdG9CP"
    },
    {
      "docId": "4069c33b-2011-4768-83c6-ccc2ece60f13",
      "action": "already-stamped",
      "driveFileId": "1CffGOxVr0nurWS-xIv-tIdLk4IbYIfok"
    },
    {
      "docId": "407d23e5-5cd6-4d02-9618-7acefb33df7a",
      "action": "already-stamped",
      "driveFileId": "1nwrQdCQmQxFr60pvjZPQFA1ubdDoNgzv"
    },
    {
      "docId": "41379850-2021-48c5-8acd-e867e4dfa119",
      "action": "already-stamped",
      "driveFileId": "12k48pZYT_Po0ktkqihK9knJntnzdkOGb"
    },
    {
      "docId": "41749406-91a4-410d-bf45-1a1a39f84aed",
      "action": "already-stamped",
      "driveFileId": "1mrgkr-KMVRgMHjAWJ22NxJeMUZ39cemG"
    },
    {
      "docId": "42003f22-0d5d-49f0-a45e-87e5ade38d6b",
      "action": "already-stamped",
      "driveFileId": "1kpIfI3q7zblK8ngKrxOSRc1gbjNiSAi7"
    },
    {
      "docId": "422d3103-d7b3-437e-ba7e-f864c6e570fa",
      "action": "already-stamped",
      "driveFileId": "15YeNUR2gtskmVR1ZE8nxe7TPmR9h8FIx"
    },
    {
      "docId": "42a1cd5d-93ef-4a02-8a8d-7a669ff9c921",
      "action": "already-stamped",
      "driveFileId": "1a07M1diVYAj9dpFLboC7dY8qxYtt8TUe"
    },
    {
      "docId": "43a4fc6c-4d27-45bd-988f-492db59f73d1",
      "action": "already-stamped",
      "driveFileId": "1s3_oCnTG7tuwN07obtIHYWwYUe_eH69d"
    },
    {
      "docId": "44c38248-6925-4921-b833-eeae0854e63a",
      "action": "already-stamped",
      "driveFileId": "1nYoQbXTUN1138m6g2T_x11uBRXnZqRWu"
    },
    {
      "docId": "44e0d496-88a6-46c3-bd09-fec655d3edc4",
      "action": "already-stamped",
      "driveFileId": "1ETJVaO_IrO_QYuAG0PbXoO02s3lXb0Z5"
    },
    {
      "docId": "452cc138-503f-4f0a-8b27-7ebd8d5741d1",
      "action": "already-stamped",
      "driveFileId": "1ALcJAeG8iAovFs40AT32N9OhZui2-Exj"
    },
    {
      "docId": "45a57edb-cc78-4fb0-97e9-a9ab372d7943",
      "action": "already-stamped",
      "driveFileId": "1q-PTTEUC7SrFBxYZDMvxoUXB4YidnSJC"
    },
    {
      "docId": "45d7d670-f2c5-4437-a7d7-b40fe5ebe416",
      "action": "already-stamped",
      "driveFileId": "18lpHDwnxXdxvujs8JZHptrlwRkLWyX6E"
    },
    {
      "docId": "46dbc366-04ba-406a-aadc-55e500597250",
      "action": "already-stamped",
      "driveFileId": "1vh7Mq6E3mOu9VFMQ-x0Sab-DZvsYmgsi"
    },
    {
      "docId": "46e66e0d-4f0d-47e7-baaa-125891f997b4",
      "action": "already-stamped",
      "driveFileId": "1Q6dWURMeHa9-ferxPylEI1fzMm6gEPWa"
    },
    {
      "docId": "471113d7-9755-4599-b32f-ea66548ea36d",
      "action": "already-stamped",
      "driveFileId": "1FljycdmYU5xXTYBCWZ6cU8GMCWcz6SCU"
    },
    {
      "docId": "4724db72-8e1e-4405-90ff-8be1955af822",
      "action": "already-stamped",
      "driveFileId": "1Gk_wzU3jwuMxN-D-Jh7FZS97UFdardcp"
    },
    {
      "docId": "4a00f597-70ef-4267-a363-10b081eabc66",
      "action": "already-stamped",
      "driveFileId": "1XTh_YdKazXfcoHsCesyLXbM0Kf9d96vD"
    },
    {
      "docId": "4a2fcc5e-3684-486c-af94-6f48bea4188c",
      "action": "already-stamped",
      "driveFileId": "1J1EFV67VrI7m9E9gsLmeFnENUwEf5sq-"
    },
    {
      "docId": "4a5faa48-43d0-435c-a9b0-8d069cb88e11",
      "action": "already-stamped",
      "driveFileId": "1dMz1bbJN5j0NR-Na7kh14--OUIH0lwAz"
    },
    {
      "docId": "4ecc47bd-97a8-4aa6-988c-f490695b0d98",
      "action": "already-stamped",
      "driveFileId": "1bK7TX0G3yUBkFnKRzGGNi607M3Tf80WN"
    },
    {
      "docId": "4f5d5c70-4dc2-4071-9960-174bda73f761",
      "action": "already-stamped",
      "driveFileId": "1iniE2nsFJV6DqjOuC4gpCXAzLymHzrIi"
    },
    {
      "docId": "509d8360-46da-43da-9ba3-75fdf2032838",
      "action": "already-stamped",
      "driveFileId": "1dKzTdDamVhnWMPYnTDgMjx2CCZMYCTWG"
    },
    {
      "docId": "52b4fed1-de13-49f7-9dc6-732a6899f127",
      "action": "already-stamped",
      "driveFileId": "1jui6B_yArXWRuioXGr33Ei9FPdVprKGh"
    },
    {
      "docId": "5366aef1-5349-44c3-9dc1-7462e69fe4db",
      "action": "already-stamped",
      "driveFileId": "14k_4K1UD4zq88hWVbfeLsqNVfbl8bAt0"
    },
    {
      "docId": "56c4c7ba-b264-427e-8c32-16d7c29bba50",
      "action": "already-stamped",
      "driveFileId": "1Jv0AhzkiyhALNKD8Hrh-H6sxhNaUumZs"
    },
    {
      "docId": "58587ef0-0747-4abe-9c00-4b77a543d851",
      "action": "already-stamped",
      "driveFileId": "1HfI3NW79H2TLxD26UWq6WhvBYvTiT0W_"
    },
    {
      "docId": "5aa91e83-02ef-44c6-bc28-833be56d0bed",
      "action": "already-stamped",
      "driveFileId": "1cZVTgKH1TVG59eiV8G2kvZAfm1zuji90"
    },
    {
      "docId": "5b5a4ec7-36f0-451c-adfe-1b6186ddd2a1",
      "action": "already-stamped",
      "driveFileId": "1mBacYk2cjiTZtRayNXlcKzHpvHROM-Vi"
    },
    {
      "docId": "5e893824-0d8c-47e7-82fe-51240d027c00",
      "action": "already-stamped",
      "driveFileId": "15WRPpwn17hSeEE7unmO8Ia1iWO-amt9P"
    },
    {
      "docId": "5ed550bc-b6d3-498a-8c9c-6fc42212d9d6",
      "action": "already-stamped",
      "driveFileId": "1be_Pe26GfgMu1HnGZDlaGHg5kR2Ecak3"
    },
    {
      "docId": "5fa69e00-2115-4915-9aa3-f68ad3c42466",
      "action": "already-stamped",
      "driveFileId": "1PPl03gIvXmzyx9QyJunVXBbxyzYXFfrl"
    },
    {
      "docId": "61aeb253-df01-471a-a9fa-2eb885c4ef35",
      "action": "already-stamped",
      "driveFileId": "1VCHC-bgc1ZBGEd6Msy9z-MyViCyrdMnn"
    },
    {
      "docId": "61f0c403-0d98-45a9-ad90-c813329a0d6d",
      "action": "already-stamped",
      "driveFileId": "1mEWHDhkpMZsGj9EbL5E0sExSQuSEJdtO"
    },
    {
      "docId": "6259b551-24b8-441b-ad62-6f4cc45a011a",
      "action": "already-stamped",
      "driveFileId": "112Lmt8Dgk4dXCTmGr9AlycrsAIvp-oKN"
    },
    {
      "docId": "64816b31-79d9-44a1-b582-f8bba765eeb2",
      "action": "already-stamped",
      "driveFileId": "1Sj09ZPzPihVx3zBpxaXdq5O4uAhvLQu8"
    },
    {
      "docId": "662dd31d-b975-42c0-877d-57084950fffb",
      "action": "already-stamped",
      "driveFileId": "1QonzQyz8DhBaShMhCxSECMljsVmXtrGa"
    },
    {
      "docId": "663aa70e-d676-4fbe-b370-afef86119c44",
      "action": "already-stamped",
      "driveFileId": "1DLmu3PCEzGCweOvCUM9zhpZshNOw809i"
    },
    {
      "docId": "66bd1185-8e9e-46ef-9ea2-7a5646504503",
      "action": "already-stamped",
      "driveFileId": "1jB923CM7DWbmxQGqGyZ6paVQ6iZmrfi1"
    },
    {
      "docId": "672e94b4-9da7-40f7-8ec1-ae56bd67cce7",
      "action": "already-stamped",
      "driveFileId": "1EDlMVF34nQrxVwULLj-fF_KQXZiGWff3"
    },
    {
      "docId": "6738e47c-e710-4f65-9655-d93d2ee8332e",
      "action": "already-stamped",
      "driveFileId": "1ro_-QLCnwEe73gJbIj2y26iHaIPl4aKr"
    },
    {
      "docId": "6bddf129-6f1c-4fa4-bf54-3cf431a53219",
      "action": "already-stamped",
      "driveFileId": "1WsG872ET32YKUHO-H5t_z-b5Fk3g_N4A"
    },
    {
      "docId": "6ca6e82c-e3be-4e6b-b6c1-63f60b3ac5cc",
      "action": "already-stamped",
      "driveFileId": "1W8ULBpJgptJNNUpKKoKTjprP2RzeW6rQ"
    },
    {
      "docId": "6ce470ac-cf9a-44f4-9602-158d5508a45d",
      "action": "already-stamped",
      "driveFileId": "1DmXJLQqTD4PwC0DpCu2cSxJQLX5h-Q1y"
    },
    {
      "docId": "6d704852-b119-4611-b2a9-b05bbd92aa8d",
      "action": "already-stamped",
      "driveFileId": "1oQXAtLgmpjfUiuRSnZSFWuxbTao5PDOq"
    },
    {
      "docId": "6d8343b3-9a3d-4550-a529-bac4ca04ab00",
      "action": "already-stamped",
      "driveFileId": "16i8hdcfVcNpa_ND1wBRU-RCtpru4oDhY"
    },
    {
      "docId": "6eb445b8-66f0-4958-a1b0-e6f4fadc449f",
      "action": "already-stamped",
      "driveFileId": "1U1cw1zxsUiFEigjBdGjnzwprXuWuflS0"
    },
    {
      "docId": "6ec8bf57-a358-4ae2-a251-e8200d9351bb",
      "action": "already-stamped",
      "driveFileId": "1RHWg5C0BAqFtfl_31mHFnGkj_46XqvCQ"
    },
    {
      "docId": "708b8023-7689-4a58-ab8d-428e2bcafaa7",
      "action": "already-stamped",
      "driveFileId": "1ZcmBcGjGIEVxaXUkOxXj-HsuXwQlr9T3"
    },
    {
      "docId": "70a83fa1-d1a8-45ac-bb03-601bb5103b60",
      "action": "already-stamped",
      "driveFileId": "1RDe_dN0f-AkGR8eEwpwZNXj_kgAWoXd7"
    },
    {
      "docId": "70efd098-6c4d-44ac-8884-8115af528ab9",
      "action": "already-stamped",
      "driveFileId": "1E4PrmDTDtxx6EEsGufnfaobAOVebfg-x"
    },
    {
      "docId": "72a7aa6a-7b08-4c78-862c-197bbffb9515",
      "action": "already-stamped",
      "driveFileId": "1RTUL0Vgt_hKmS5SQMV_qwkm0vv4dS5w6"
    },
    {
      "docId": "75dc9298-772b-4092-a3de-b7e54f1c6403",
      "action": "already-stamped",
      "driveFileId": "1tCaZClMqpqMq3UcS0zhJE9dHfKDO02G-"
    },
    {
      "docId": "76dda851-02b7-434f-a36b-f5b99c5fb1bd",
      "action": "already-stamped",
      "driveFileId": "12fZUi763niZClJUMnoHQgVtAzHmB4x3-"
    },
    {
      "docId": "77c2bf09-7a4b-4f38-9bf2-c7b3b120506e",
      "action": "already-stamped",
      "driveFileId": "1QRK3BzDLIt5qxjOZwhmHo8wH3lFhIv3O"
    },
    {
      "docId": "77f77a9e-31b1-46ae-85b8-a6864953fc83",
      "action": "already-stamped",
      "driveFileId": "1qMzV-FMafRWSUTa-p1TrJj1k55BZX7sH"
    },
    {
      "docId": "78ae5689-071f-4502-aa0f-e16e6fb7b480",
      "action": "already-stamped",
      "driveFileId": "1ivj7qtmRBdQ9UiLpP9IY9NM0Xwtf_256"
    },
    {
      "docId": "7ac2da98-6353-4fd2-ae8a-ad28eb2f243c",
      "action": "already-stamped",
      "driveFileId": "110BGyltyk6c7hjubk6N7mfzSTsLD1eTQ"
    },
    {
      "docId": "7bc7a556-04f4-42a3-a766-d300270d71cd",
      "action": "already-stamped",
      "driveFileId": "1T3z4hJA41ApSRYU0tiREnRY5sVkPzkoP"
    },
    {
      "docId": "7c15883f-41bd-4a32-875e-dbca4ec4188f",
      "action": "already-stamped",
      "driveFileId": "198I_3ZxVJGRpPSvFffnWawKIlRSNC2zF"
    },
    {
      "docId": "7d15b7ee-692e-42c9-99bb-8e543eb0014d",
      "action": "already-stamped",
      "driveFileId": "18Ne1Blf7c-i6uzsy_rnNbjnwn3-9RCOF"
    },
    {
      "docId": "7e9a37aa-4427-428f-8801-b2a5405bd3be",
      "action": "already-stamped",
      "driveFileId": "1l_NRx7W0XqFdjKk2VMFbYEvSKQdzoTmg"
    },
    {
      "docId": "7eda392b-2472-418b-a0e8-918e48776945",
      "action": "already-stamped",
      "driveFileId": "17qJOT84KkbJpLwyvKnHqWk3KOVf49rZL"
    },
    {
      "docId": "7f6b5f88-d7f5-426d-8feb-822691025fd9",
      "action": "already-stamped",
      "driveFileId": "1wEjV2ouu0jjWy_7poV3Jl9CkckmZVHf9"
    },
    {
      "docId": "7fac9e4d-21ee-4830-91e6-1e05f3cf93c0",
      "action": "already-stamped",
      "driveFileId": "1NZZjpIpWvK-DH0elZjhVlwb2-jMBfJst"
    },
    {
      "docId": "81b0bc66-c339-4e0e-a1ab-880920ede4e3",
      "action": "already-stamped",
      "driveFileId": "1yJsAD6VBvU1nqYO-kYDHwjGq3KneAwHI"
    },
    {
      "docId": "82d38077-d6d9-4755-b797-3654de352da3",
      "action": "already-stamped",
      "driveFileId": "1reOwMNuyM08agjHYfzUZBdQ-WkMKbAFP"
    },
    {
      "docId": "8311b9ad-cce4-4d96-aa4d-ec615a7f7401",
      "action": "already-stamped",
      "driveFileId": "1Z_JTpCOT7UgIGEIO6X2FizOhLkDWEY_2"
    },
    {
      "docId": "837e0ce9-4525-4258-b0e1-0cf483189f81",
      "action": "already-stamped",
      "driveFileId": "1myNIZvSqTgHG3YxhE8qUb4wRr58jNvMC"
    },
    {
      "docId": "83d15dde-b4c6-4fc0-bf66-047d6d2f7142",
      "action": "already-stamped",
      "driveFileId": "1f0B0MDmbWWixPFmFuoSGwCNvPR6F1n99"
    },
    {
      "docId": "8454f8fa-0904-43b9-a73c-06f41910bc1f",
      "action": "already-stamped",
      "driveFileId": "1ArefzHJm74aiM9PW71vC5H1MCW75RcwJ"
    },
    {
      "docId": "87bddcb0-5d4a-47f7-a7f2-20a99a17b5fc",
      "action": "already-stamped",
      "driveFileId": "1_iGA1Vd685TRzNLpU_xLgPl3wF_503EU"
    },
    {
      "docId": "88088b30-ef2e-41ad-bcd0-5d460377bd63",
      "action": "already-stamped",
      "driveFileId": "1q6XzZYrX_Q_yVIR39_4oXY3dvJW_4Zq2"
    },
    {
      "docId": "88726e5b-6464-4b0b-948a-f444bcdd005f",
      "action": "already-stamped",
      "driveFileId": "1pSSwqOmN-Wf2i5op-yg95dSfEpw48QYt"
    },
    {
      "docId": "89501d6f-d130-4a4a-8c41-2e274b06775c",
      "action": "already-stamped",
      "driveFileId": "1Jrq_dSxxHDUnRl17aTozLbFREzHdOtUe"
    },
    {
      "docId": "8a2e0e9c-e453-49e2-a1a9-8e39dd126a4c",
      "action": "already-stamped",
      "driveFileId": "1aZ30XXOUM6tgIF-4B1oCrY0olvEvOFLQ"
    },
    {
      "docId": "8adc4ca1-a52f-4e4b-8909-d3d600a49993",
      "action": "already-stamped",
      "driveFileId": "1BHdEfi6o69-aHQwkRpLAlf3EdjLJpl6c"
    },
    {
      "docId": "8b574308-24ce-4720-916e-98393d1042c9",
      "action": "already-stamped",
      "driveFileId": "12Nvsug3Gpt4F6QhznAMNNpGhnWKjYo8R"
    },
    {
      "docId": "8b7d7ef0-66a1-4058-bcab-de63cb10105f",
      "action": "already-stamped",
      "driveFileId": "1QJibdaSgE1treO1Fw4DQth7V2Di3F_Yn"
    },
    {
      "docId": "8b86ad63-38cc-4412-ad6d-7f194d3cd1e4",
      "action": "already-stamped",
      "driveFileId": "1EVBeki3cXBIL_4qImCNeAPp_8pJaLbJj"
    },
    {
      "docId": "8e175a22-f23d-4fd2-9d45-8e5c1b797f6c",
      "action": "already-stamped",
      "driveFileId": "11Ok8DBbXXqYe1ldt4So4ZMWykLv45MwY"
    },
    {
      "docId": "8fd11bd4-9d8c-4602-8fbd-7f4451e14c9d",
      "action": "already-stamped",
      "driveFileId": "1es8wRJnFUZANnYg4ONmes646hwti6iIG"
    },
    {
      "docId": "9294a143-e27e-4638-afc2-4d3851912420",
      "action": "already-stamped",
      "driveFileId": "17FWUFCrIIS9YQ-Y9M25KnF3ewQKR0jF6"
    },
    {
      "docId": "938fee53-1e52-4f4a-8846-75090fd132ba",
      "action": "already-stamped",
      "driveFileId": "1Uw7_RXwHrI2AuLi98XwEblZinJDpcNLe"
    },
    {
      "docId": "979106ff-0de4-4c2f-bb30-bec95c154c72",
      "action": "already-stamped",
      "driveFileId": "1ocucSpmyoHVeu20Wj04iXftXIWHDCg8j"
    },
    {
      "docId": "98f55ba9-5d00-41b4-ba6a-e1edf7a42a24",
      "action": "already-stamped",
      "driveFileId": "13_gNF9SJu823TwtpJvlbjZGVIwck1TwD"
    },
    {
      "docId": "991ccdfe-940a-4c5b-a1bb-68fc42432682",
      "action": "already-stamped",
      "driveFileId": "17dMd-leINumsiQpfgvPnZlje-UKDL5yu"
    },
    {
      "docId": "99876430-8fc9-43f6-b41b-ada31937c260",
      "action": "already-stamped",
      "driveFileId": "1nX2S-uBI0xQA-4YSBuYW2JMi9U6XUoms"
    },
    {
      "docId": "9a1ac289-1717-4eb7-8cf4-59c5ced1b82f",
      "action": "already-stamped",
      "driveFileId": "11DrPZ9QRYmHYxCdRoon-qO_VmNyp7wan"
    },
    {
      "docId": "9b6a0ab0-9cdf-4862-94c8-5b63b6b77e6b",
      "action": "already-stamped",
      "driveFileId": "1pypdu2Tdn-yU7uMjM4xRV4VUZvJvjvYn"
    },
    {
      "docId": "9bc6a05a-cb52-45ac-b91e-7bd3c68aef9f",
      "action": "already-stamped",
      "driveFileId": "1SqB_s1p5pmb1qhPf2vqqbEc7Uso4ZlyU"
    },
    {
      "docId": "9c45f962-5894-44cd-852e-6b84e871067e",
      "action": "already-stamped",
      "driveFileId": "1lBfW189FMv2CXUi6cK-NoxxxAZ-Ct3y9"
    },
    {
      "docId": "9e9c3ff0-404b-44d1-ae7f-0bc924ae0fd8",
      "action": "already-stamped",
      "driveFileId": "1YS4tpLoVBkePbfof2dc4ePvpK4LlTM3D"
    },
    {
      "docId": "a220002e-3f12-49af-9310-abf3ab0dbe71",
      "action": "already-stamped",
      "driveFileId": "1U082TbY8nHhun060zat12vJ2YemY_HzQ"
    },
    {
      "docId": "a34e23e9-0bed-4585-ae3e-89af4fc2e53c",
      "action": "already-stamped",
      "driveFileId": "1N8XC7QH3HEaizeaXyR7V2ovo3EC9oZMI"
    },
    {
      "docId": "a5713e22-a445-4ae8-ae61-9ec45b05c14d",
      "action": "already-stamped",
      "driveFileId": "19JyyDfeBRyCzMiZi_uYrNYNMqvxEuD-e"
    },
    {
      "docId": "a5c6d619-9578-45cc-90da-155a73b57c58",
      "action": "already-stamped",
      "driveFileId": "1LnTlSR5uQHXBuiI_q0ub4dUj80L1w0L3"
    },
    {
      "docId": "a71c69d3-7967-4a14-8547-abc2d193e28d",
      "action": "already-stamped",
      "driveFileId": "1DAHYS29sxeA-IO0vpAmAv0OySvg76AQM"
    },
    {
      "docId": "a8c83317-b120-4e7e-8590-d33c43519b78",
      "action": "already-stamped",
      "driveFileId": "1YbjhfoNVSdZ9fU175PO46BrWozka3FOu"
    },
    {
      "docId": "a8d3aa9e-6cf4-4960-9580-416b522255df",
      "action": "already-stamped",
      "driveFileId": "1BI3JFrjLJBYJ6fzvzEwAMR02soK79aR2"
    },
    {
      "docId": "a9d07bdd-0591-406c-a4e7-03c3b7cc94b8",
      "action": "already-stamped",
      "driveFileId": "14pSaNC_Q-LXVH4wrUxhHJc6tuyYWMf-Y"
    },
    {
      "docId": "aa51edfb-c177-4f94-b7a7-8098b8679d1c",
      "action": "already-stamped",
      "driveFileId": "1_AXGc4RBVhuNjE2Y1ZA1gH3peeEwJTVE"
    },
    {
      "docId": "abd6a2ca-3fc6-46e1-9f51-62946db19ae1",
      "action": "already-stamped",
      "driveFileId": "1iPt-i2GcC9ApDXpEwH8TyqU3fh6Bi4Ep"
    },
    {
      "docId": "ac2ab0cd-4a3d-4fe2-99f3-3a2b50e24978",
      "action": "already-stamped",
      "driveFileId": "1pvmH_DPtyZ6yx2-trc6IohfJKdZfU7GM"
    },
    {
      "docId": "ad2ceb97-f1d1-416a-acac-f28646bbe5e4",
      "action": "already-stamped",
      "driveFileId": "1ndIxuo4R-Eo15P9o8_L1EJ_vFQmNyiRW"
    },
    {
      "docId": "ad8e4572-c58e-44cc-ae89-b3d898bc5bb9",
      "action": "already-stamped",
      "driveFileId": "1FX6JtorFkn-d_h620PhcDltHSaB4dlrm"
    },
    {
      "docId": "adf52c8e-1bbf-450c-8972-b4ca8b8bea01",
      "action": "already-stamped",
      "driveFileId": "1yiqNtNMJEJ7n9-v-OjrkV2HdHV3Xs4o_"
    },
    {
      "docId": "ae83649a-718d-4fc4-ace8-82a9f6c2a400",
      "action": "already-stamped",
      "driveFileId": "1qdKCHPZcWUA9o1f1XQcTM5ePJKxNHNMW"
    },
    {
      "docId": "ae971440-9066-4059-bf27-80c095b28058",
      "action": "already-stamped",
      "driveFileId": "16ZMes5iuBKQ3hej1Ml_X5BJjfJJX_avI"
    },
    {
      "docId": "b097e578-24cf-42df-b669-05f1580a295e",
      "action": "already-stamped",
      "driveFileId": "1-VgEFclCngvT23ODMv56mTgxsXVwJGVY"
    },
    {
      "docId": "b20a213e-a12a-4275-bccf-ed48c7492fd7",
      "action": "already-stamped",
      "driveFileId": "1Jyr7EJJbUtIEwz8s-wXp9PurM1yQ9Z1u"
    },
    {
      "docId": "b23501fe-05d4-42c7-9527-42f124dec097",
      "action": "already-stamped",
      "driveFileId": "1UIH09IvD-k5DrAlYNCDuw5aXk7_1yQKv"
    },
    {
      "docId": "b3661947-77a0-4de9-9800-00efe92f7ed0",
      "action": "already-stamped",
      "driveFileId": "1W_tidNaxpIgeDMr9RPlf5FJIVjJWs5F4"
    },
    {
      "docId": "b3f1cdba-6e1d-497f-89e2-0b4facf13e0c",
      "action": "already-stamped",
      "driveFileId": "1T4pz9SokaMS53QmLtXNMXx2B8-1uWifI"
    },
    {
      "docId": "b5084753-96d6-4ec7-a94f-a2a37b17af98",
      "action": "already-stamped",
      "driveFileId": "1swJ1zWC7ZcEQ2Yi3HdpKBOukI_idt3oW"
    },
    {
      "docId": "b557bab2-5e48-4e83-80f5-a9391e10241f",
      "action": "already-stamped",
      "driveFileId": "1ck1TFYMhKCSvClsEVd6OaBYkcz8GTVPx"
    },
    {
      "docId": "b5d5aaa3-9556-453a-95ff-be7f84498877",
      "action": "already-stamped",
      "driveFileId": "1vgwEGgvgEE-rl8fCoYbOQpsAWVk-2dP2"
    },
    {
      "docId": "b60cd3c4-3e50-4449-a115-c068a81cb75e",
      "action": "already-stamped",
      "driveFileId": "1TqiAI9KeqHqENrQIjMa2MmrHXGdrFyZ8"
    },
    {
      "docId": "b61290eb-8df3-4081-bad0-b4e54ff0112e",
      "action": "already-stamped",
      "driveFileId": "1voo94txGPQrqiIt7Uul3TTUoe2kmsjSB"
    },
    {
      "docId": "b6c40290-eb24-4461-8c58-947c9f3bf904",
      "action": "already-stamped",
      "driveFileId": "1-3POtqmbgLwpmVCd45JFTt2hjS8deBCC"
    },
    {
      "docId": "b718c24a-03f5-4743-ae15-74a97245111e",
      "action": "already-stamped",
      "driveFileId": "1gLGTyqq7TeejoM0KYRLRe9wME8k4LP6A"
    },
    {
      "docId": "b836abfb-7be3-44f3-b81c-0382e92be27e",
      "action": "already-stamped",
      "driveFileId": "1O3K-V8jWwKpBcRMv7dUCSY0ICuZqB6Rx"
    },
    {
      "docId": "b8860acc-ebbe-4b7e-a668-7aa92a1a7039",
      "action": "already-stamped",
      "driveFileId": "1JoO8oqRByECf0pRCveo1n_hLtpCy4bVZ"
    },
    {
      "docId": "bd71fe2e-65aa-46aa-8674-0fb38c5f12c9",
      "action": "already-stamped",
      "driveFileId": "1jBgkcUpD8x6krMvgmJbkHN9hOUlGv2yk"
    },
    {
      "docId": "bd8e39cd-94d3-4ec3-a2a7-5eb7c2f6eded",
      "action": "already-stamped",
      "driveFileId": "1dSWnzZehXwNg887ZR65b4ovreJ6r-NWp"
    },
    {
      "docId": "be2df12e-6055-4ab7-9db0-c11515d15c48",
      "action": "already-stamped",
      "driveFileId": "1jsXhnhhrhxhxLN5QqLmXHR1DSnkWpSGl"
    },
    {
      "docId": "be82b110-a864-41e8-a19e-a0789cd0c437",
      "action": "already-stamped",
      "driveFileId": "1XtbkAX8cs1bu8BQq45nPLQYkAU6pHbFr"
    },
    {
      "docId": "bea31cf5-59f9-47b9-ac1c-aeecc345a7ed",
      "action": "already-stamped",
      "driveFileId": "1sUWQTdfMpisLtmqyLdUbbBY1be01WB9Y"
    },
    {
      "docId": "bf3b034a-c117-459a-be3d-743f2e2f9b97",
      "action": "already-stamped",
      "driveFileId": "1A2ZNp-DWoVfcB3JDGcXT7fUaktibGsv_"
    },
    {
      "docId": "bf84ee28-7bb7-436e-9ab7-bdb5157a3e06",
      "action": "already-stamped",
      "driveFileId": "1tnPmn8uOHq_oEdD1B-zHMmPwMG71FIlu"
    },
    {
      "docId": "c046a053-6a8a-45d2-8f88-64e35dc830c9",
      "action": "already-stamped",
      "driveFileId": "1CA9ORP7MMGC8xApxdp_T2nRxMpfrqLQ3"
    },
    {
      "docId": "c35834ef-23e5-4db5-9db1-f91650d87812",
      "action": "already-stamped",
      "driveFileId": "1uZVcKLy3Lu2ctzjki1YxDXxB_BTCXYIB"
    },
    {
      "docId": "c4761aac-f40d-45b0-a151-94869bcebdb3",
      "action": "already-stamped",
      "driveFileId": "19ndgwU5KPFxu2zxePA19erTY_ekr24F6"
    },
    {
      "docId": "c5452a63-094f-40ce-a24c-bb7077ec0f92",
      "action": "already-stamped",
      "driveFileId": "1khEwoYdBoouFR5XJhvU53LqYTT9IsPdN"
    },
    {
      "docId": "c7e91f89-c940-4b30-8162-c5780ccdbcb1",
      "action": "already-stamped",
      "driveFileId": "1yKfV1JEeGhw8alwjYOH_rdIvPkqgcVuW"
    },
    {
      "docId": "c8392be2-6de4-4f2d-bb87-a9f64012ea01",
      "action": "already-stamped",
      "driveFileId": "1P02OIRSvp2XptNcuAbjZ23ICCQVPP6IX"
    },
    {
      "docId": "c98dd389-724e-4ffe-9eb0-8eed621b782b",
      "action": "already-stamped",
      "driveFileId": "1zR4ZsHGgRQD70Hw1eBvB7jlvS4s4Jv2o"
    },
    {
      "docId": "c9efe661-9eb8-42fc-89d5-13f026629dc7",
      "action": "already-stamped",
      "driveFileId": "13WqXbkbot0Egf1W1lv6pRllbFtfObzA7"
    },
    {
      "docId": "ccfd3a8e-8e83-448b-948e-96b2cf14401a",
      "action": "already-stamped",
      "driveFileId": "1gNNb8yMVtPwTGkm6XISV0Gi-1rOZr23I"
    },
    {
      "docId": "cf704b73-5f35-45fe-901f-a8b68d4fdc22",
      "action": "already-stamped",
      "driveFileId": "1fQCxF1R9wHx9tcPy1odJXFk3T97ws0w9"
    },
    {
      "docId": "d182a8c3-2bba-4a8b-8399-57d640cb2044",
      "action": "already-stamped",
      "driveFileId": "19ne2JlICR-gNakwChFvuX7rP97MKv_KI"
    },
    {
      "docId": "d1ccd776-0d8b-4860-8958-d8a9b0a5c254",
      "action": "already-stamped",
      "driveFileId": "1MmumPpEDdHXGqdokehV7DtrtBz4UNKSN"
    },
    {
      "docId": "d22779d6-bd3f-436c-8d5a-cc6daa3d92e6",
      "action": "already-stamped",
      "driveFileId": "1bWWks2xHB_5BnJC1iZdZqlY23fbL2ktQ"
    },
    {
      "docId": "d2ba8f16-9eeb-49a0-b0b1-372065bc17be",
      "action": "already-stamped",
      "driveFileId": "1AQtn__3NF2Ld3OAoTfVfUbwnRCRD07ie"
    },
    {
      "docId": "d4385faa-e668-4a49-9a3b-b357a2933c49",
      "action": "already-stamped",
      "driveFileId": "10RD56_dYEELDooxY8BR_Ik1ShatJZOgg"
    },
    {
      "docId": "d56ad543-bac7-4fb9-825f-b9ceb8efd4cc",
      "action": "already-stamped",
      "driveFileId": "11cUE4Si673kkKuHZkOHHkuJLjoDH6cl8"
    },
    {
      "docId": "d5899a90-cff2-4128-9d46-92f478bd9ced",
      "action": "already-stamped",
      "driveFileId": "1Xid3vU2O51SlybX8v7ryVNRypSqIwpuT"
    },
    {
      "docId": "d5e81756-3b00-400e-9e5a-03a865e15fd6",
      "action": "already-stamped",
      "driveFileId": "1wSuaMKRau-c3BCtEJWeVAuR8dBcL2CXC"
    },
    {
      "docId": "d600ce2c-61d5-4a38-8508-e819e1a2b140",
      "action": "already-stamped",
      "driveFileId": "1Rricr77epo1i1uzv4-Q9nUF_8jvH2WnK"
    },
    {
      "docId": "d630644f-befe-4991-862f-8cb0d9bcb68f",
      "action": "already-stamped",
      "driveFileId": "1XltDbxsMluWkeH71fZ2ICmkD7lPVsQwG"
    },
    {
      "docId": "d74c9faf-ccd2-47e3-a5bf-efbf6e153b9a",
      "action": "already-stamped",
      "driveFileId": "17ThcNsMtCEXaOJhJEfyawi2sqHjAYXfH"
    },
    {
      "docId": "da5ef9be-c840-42c8-aedc-4065cbe3e2d9",
      "action": "already-stamped",
      "driveFileId": "1S-3NNX3lK2Nl3WbaE90uWgDlRlHRME_l"
    },
    {
      "docId": "da7f973d-c7e6-4cdc-9581-046a0dce2cf0",
      "action": "already-stamped",
      "driveFileId": "1T4TcvmwB_CFyvdPQwlJtFqPh7_tVBF5t"
    },
    {
      "docId": "da949a70-a1d1-45ba-9406-161c634e0585",
      "action": "already-stamped",
      "driveFileId": "123yiga1rgXixTGXdv1QWfqNMSs_VoH01"
    },
    {
      "docId": "db332014-1948-4445-9cb5-f983b24f9a27",
      "action": "already-stamped",
      "driveFileId": "1WH8aC-cRwkfRUg2HN1LOuXre8ptDG3aM"
    },
    {
      "docId": "dc3389ab-af69-42ac-ba08-e2f13c3d343f",
      "action": "already-stamped",
      "driveFileId": "1N0_RreUIlPF_uPmmAYugw3p6jI_vByBp"
    },
    {
      "docId": "dc4fb084-3b23-4481-8353-efc8bbafdb3d",
      "action": "already-stamped",
      "driveFileId": "1hKFUXInWHD8zRT7SjpmJdm_Kl8zJzSZL"
    },
    {
      "docId": "dcacad1e-5f4b-4d03-b221-58692b1b8d1e",
      "action": "already-stamped",
      "driveFileId": "1v2IZwYJY3zD6CpTk_SlEPiTvRBhyz3bn"
    },
    {
      "docId": "ddc758b3-2e1f-46df-853a-153d2a920c68",
      "action": "already-stamped",
      "driveFileId": "1EBGr4edO3Nwg_wcFoSdRT7AklQlD1q80"
    },
    {
      "docId": "df306e1c-5687-4031-893c-32de03310bc8",
      "action": "already-stamped",
      "driveFileId": "1GEOC8pK8ddrzCep3swIkLaOfIBhHREDk"
    },
    {
      "docId": "e0d2d8d8-86a4-4692-b70f-404e2f911fd6",
      "action": "already-stamped",
      "driveFileId": "1QOno6PlJgeQJhIHF7Iu3McCN1lae9Evr"
    },
    {
      "docId": "e14dd153-549a-4803-b484-37ccedabffa1",
      "action": "already-stamped",
      "driveFileId": "1ekofP-D1NPyE6bD8PgGMdlfaI5gYXpQ2"
    },
    {
      "docId": "e16dbb6e-9b17-4518-978f-bc32de99fa39",
      "action": "already-stamped",
      "driveFileId": "1BIwVOL_xtJf_HzcGp-OLmoO8Z8zwRvTZ"
    },
    {
      "docId": "e36d7e15-6c9b-4f1f-98ec-e0683bfea7cc",
      "action": "already-stamped",
      "driveFileId": "1KwYTPOvd9KUc4r6RbEmra31qfUfun6IJ"
    },
    {
      "docId": "e3708fd4-7182-4b11-ac84-d6e0ebd9e661",
      "action": "already-stamped",
      "driveFileId": "1v5nZUc6nJEq6slzqD1-299RYPnZKgLTJ"
    },
    {
      "docId": "e48e03d1-6c4b-4656-be2c-a5527ac516a2",
      "action": "already-stamped",
      "driveFileId": "1VZKDJoCv_KhFHM2mgDQytTn4-XkY3_KD"
    },
    {
      "docId": "e50241ed-5c6e-4616-84ae-df9f9abda905",
      "action": "already-stamped",
      "driveFileId": "1ADNrcGrvDmm363dAkwbIjChtmBTw3tFi"
    },
    {
      "docId": "e51ba89e-a687-407f-bb32-992173dfd65f",
      "action": "already-stamped",
      "driveFileId": "1M8jb-NgQF9baTOk8CYsd7N_oCBzmmVPA"
    },
    {
      "docId": "e54ff293-2e3a-41c1-ac1e-079bdb1c31d4",
      "action": "already-stamped",
      "driveFileId": "1rUzBhZf0Ooq3abIiLcgWcmaE9AfNX8Us"
    },
    {
      "docId": "e8f1b65c-1571-4303-bb2f-f3d180419583",
      "action": "already-stamped",
      "driveFileId": "1Lv63tDrZqeW8eb-u30_g-aFCtgA2KsZk"
    },
    {
      "docId": "ec4d7894-8dfa-4ea4-bff0-a36d43451ac3",
      "action": "already-stamped",
      "driveFileId": "1LhXGQXnNxP5XerwaAQ6_g8NJE6I7haNg"
    },
    {
      "docId": "ed609fc6-d1da-40e1-8f6b-b389ab5ce6a1",
      "action": "already-stamped",
      "driveFileId": "1_w3yR63Q7Wzq_ZJZC1CiySK49ScY-ZiA"
    },
    {
      "docId": "ed77e409-a4fc-4518-82e2-4b9a71a9cde5",
      "action": "already-stamped",
      "driveFileId": "1vsA-N5za9WNqYM_frFnjbvcKjbNV3pue"
    },
    {
      "docId": "edc49352-b032-4967-8ac4-c76ef3cf0beb",
      "action": "already-stamped",
      "driveFileId": "1x-E7rHLR5Cf1V0yn4oZyrRvcbkePusal"
    },
    {
      "docId": "ee2b1395-b9ce-4fcb-85b5-ed0d8bb9e067",
      "action": "already-stamped",
      "driveFileId": "1g5ewik0KTJ98xstajtPbpxQ26smW14Yn"
    },
    {
      "docId": "f1015c5a-b953-4511-9378-141c155e3f91",
      "action": "already-stamped",
      "driveFileId": "1X6Tx9QgotGbv3HF3FPStB_YMcIByBcd_"
    },
    {
      "docId": "f1168454-effb-4a7e-943b-23ed1b8b78a8",
      "action": "already-stamped",
      "driveFileId": "1Wp0rALvvWWU2fLX0lANxhyLBjigqUZHZ"
    },
    {
      "docId": "f1600ae6-d7bb-4076-ba42-1a3e5e24c112",
      "action": "already-stamped",
      "driveFileId": "1cO78iUz62LnFJXpDHJvBSWiCP77Rxkm2"
    },
    {
      "docId": "f173a88d-64e8-4af2-9abc-ca7c7e662797",
      "action": "already-stamped",
      "driveFileId": "1MfRFaDcVJG0DtB0Lj5-f-EuCnjvpfH4b"
    },
    {
      "docId": "f19400b3-dfed-43da-b957-566517cccb75",
      "action": "already-stamped",
      "driveFileId": "1z9SvfuDGBiNbwX5LnBQ17sd8Ntsg-m6L"
    },
    {
      "docId": "f270dee3-fc29-4047-ac9c-0e3dcb998126",
      "action": "already-stamped",
      "driveFileId": "11X1YxLYsTReWZBQeO3r7qPywXCWQU8CL"
    },
    {
      "docId": "f34bf3e8-f306-4945-b212-e2dab83b7b8d",
      "action": "already-stamped",
      "driveFileId": "1MjoVshJNGberwypb4lUBHoS2MVoCSiW1"
    },
    {
      "docId": "f3533786-9922-4b85-a6a3-5e7651237d78",
      "action": "already-stamped",
      "driveFileId": "1gXp1UdvX6xG7SyzpGIxH9CsodRP4U_lB"
    },
    {
      "docId": "f462cfc0-6f29-4460-9422-071c07b6c717",
      "action": "already-stamped",
      "driveFileId": "1xzEHDWeE0YzEOGe-GtCmG73ypNQgAF3m"
    },
    {
      "docId": "f4e8fd6c-06e2-4b65-afe5-756698b8d678",
      "action": "already-stamped",
      "driveFileId": "1Kh5TOMFu393-bvY5Vv0I1S0WVJzoQIAk"
    },
    {
      "docId": "f4fd95a8-6d2e-4477-bf70-ff83f5ade912",
      "action": "already-stamped",
      "driveFileId": "1zgCFoU1HbmZjQFgqDcHR5Vwn4kppAh7r"
    },
    {
      "docId": "f719b0dd-1662-4c70-9142-f1e99e580487",
      "action": "already-stamped",
      "driveFileId": "12vFOqfUZt9Hq32WLZU2j-hWd9SmpbYKb"
    },
    {
      "docId": "f8f97785-c7b0-4a1a-8015-b6ef108a7939",
      "action": "already-stamped",
      "driveFileId": "1_1tO6O8XGq7qJqRsFQ3wRlfAFxdgDYDJ"
    },
    {
      "docId": "f9921a95-cab9-4b2b-9869-a024cfc21e2b",
      "action": "already-stamped",
      "driveFileId": "1_NqxOM49wUjG5-0Pa0xnhK5e8-_2_bXv"
    },
    {
      "docId": "fa1f678c-9f4d-4cd8-8e4e-897278c4840f",
      "action": "already-stamped",
      "driveFileId": "1NBQRSV8gRGdLOI61Yf1264Hati6RjMjG"
    },
    {
      "docId": "fa8d38f9-cf6a-4349-9c2b-d514ca42fc2f",
      "action": "already-stamped",
      "driveFileId": "1ibciF3L6IJgdLkuAfOZTvN1nN-u_buYP"
    },
    {
      "docId": "fb0c1ad8-f068-47fe-a61a-aa8f6f2cc607",
      "action": "already-stamped",
      "driveFileId": "1uQtu16guCwMnChlh8z8_6tEGzjzGpJKP"
    },
    {
      "docId": "fb29fdcb-6db1-44a8-8df1-e76aaeae5475",
      "action": "already-stamped",
      "driveFileId": "1l-WZavwNZFQmPsVnAJSDsmqRG3Ni29Gg"
    },
    {
      "docId": "fbf15797-3d74-4397-86c4-931b16a334cf",
      "action": "already-stamped",
      "driveFileId": "1aEa_ocx6Y4NX-VJKvih2r8eeF0_nI9dd"
    },
    {
      "docId": "fcc1c2fe-358e-43ec-b39f-bfa84ba1b6e2",
      "action": "already-stamped",
      "driveFileId": "1Jy2cIyhPTOVKMtyzl0rSk4LDwEe1oHtS"
    },
    {
      "docId": "fcdeef79-f662-4ac6-aa94-bdf74511ac2c",
      "action": "already-stamped",
      "driveFileId": "1tmoHJxCPhruGPqqODBQrMHe9SQnapaXZ"
    },
    {
      "docId": "fe495975-d73d-43ca-ba6c-2a16b2702bdf",
      "action": "already-stamped",
      "driveFileId": "1abWRNe8TxwhNCMtfl0LkNFQz-dA0LpQR"
    }
  ]
}
